Archive member included because of file (symbol)

/home/neuberfran/gcc-arm-none-eabi-4_9-2015q3/bin/../lib/gcc/arm-none-eabi/4.9.3/../../../../arm-none-eabi/lib/armv7e-m/fpu/libc_nano.a(lib_a-assert.o)
                              CMakeFiles/rpmsg_pingpong_freertos_example.dir/home/neuberfran/projects/freertos-tn/examples/imx7d_pico_m4/demo_apps/rpmsg/pingpong_freertos/pingpong_freertos.c.obj (__assert_func)
/home/neuberfran/gcc-arm-none-eabi-4_9-2015q3/bin/../lib/gcc/arm-none-eabi/4.9.3/../../../../arm-none-eabi/lib/armv7e-m/fpu/libc_nano.a(lib_a-exit.o)
                              /home/neuberfran/gcc-arm-none-eabi-4_9-2015q3/bin/../lib/gcc/arm-none-eabi/4.9.3/../../../../arm-none-eabi/lib/armv7e-m/fpu/crt0.o (exit)
/home/neuberfran/gcc-arm-none-eabi-4_9-2015q3/bin/../lib/gcc/arm-none-eabi/4.9.3/../../../../arm-none-eabi/lib/armv7e-m/fpu/libc_nano.a(lib_a-fprintf.o)
                              /home/neuberfran/gcc-arm-none-eabi-4_9-2015q3/bin/../lib/gcc/arm-none-eabi/4.9.3/../../../../arm-none-eabi/lib/armv7e-m/fpu/libc_nano.a(lib_a-assert.o) (fiprintf)
/home/neuberfran/gcc-arm-none-eabi-4_9-2015q3/bin/../lib/gcc/arm-none-eabi/4.9.3/../../../../arm-none-eabi/lib/armv7e-m/fpu/libc_nano.a(lib_a-impure.o)
                              /home/neuberfran/gcc-arm-none-eabi-4_9-2015q3/bin/../lib/gcc/arm-none-eabi/4.9.3/../../../../arm-none-eabi/lib/armv7e-m/fpu/libc_nano.a(lib_a-exit.o) (_global_impure_ptr)
/home/neuberfran/gcc-arm-none-eabi-4_9-2015q3/bin/../lib/gcc/arm-none-eabi/4.9.3/../../../../arm-none-eabi/lib/armv7e-m/fpu/libc_nano.a(lib_a-init.o)
                              /home/neuberfran/gcc-arm-none-eabi-4_9-2015q3/bin/../lib/gcc/arm-none-eabi/4.9.3/../../../../arm-none-eabi/lib/armv7e-m/fpu/crt0.o (__libc_init_array)
/home/neuberfran/gcc-arm-none-eabi-4_9-2015q3/bin/../lib/gcc/arm-none-eabi/4.9.3/../../../../arm-none-eabi/lib/armv7e-m/fpu/libc_nano.a(lib_a-memcpy.o)
                              CMakeFiles/rpmsg_pingpong_freertos_example.dir/home/neuberfran/projects/freertos-tn/middleware/multicore/open-amp/rpmsg/rpmsg_rtos.c.obj (memcpy)
/home/neuberfran/gcc-arm-none-eabi-4_9-2015q3/bin/../lib/gcc/arm-none-eabi/4.9.3/../../../../arm-none-eabi/lib/armv7e-m/fpu/libc_nano.a(lib_a-memset.o)
                              /home/neuberfran/gcc-arm-none-eabi-4_9-2015q3/bin/../lib/gcc/arm-none-eabi/4.9.3/../../../../arm-none-eabi/lib/armv7e-m/fpu/crt0.o (memset)
/home/neuberfran/gcc-arm-none-eabi-4_9-2015q3/bin/../lib/gcc/arm-none-eabi/4.9.3/../../../../arm-none-eabi/lib/armv7e-m/fpu/libc_nano.a(lib_a-nano-vfprintf.o)
                              /home/neuberfran/gcc-arm-none-eabi-4_9-2015q3/bin/../lib/gcc/arm-none-eabi/4.9.3/../../../../arm-none-eabi/lib/armv7e-m/fpu/libc_nano.a(lib_a-fprintf.o) (_vfprintf_r)
/home/neuberfran/gcc-arm-none-eabi-4_9-2015q3/bin/../lib/gcc/arm-none-eabi/4.9.3/../../../../arm-none-eabi/lib/armv7e-m/fpu/libc_nano.a(lib_a-nano-vfprintf_i.o)
                              /home/neuberfran/gcc-arm-none-eabi-4_9-2015q3/bin/../lib/gcc/arm-none-eabi/4.9.3/../../../../arm-none-eabi/lib/armv7e-m/fpu/libc_nano.a(lib_a-nano-vfprintf.o) (_printf_i)
/home/neuberfran/gcc-arm-none-eabi-4_9-2015q3/bin/../lib/gcc/arm-none-eabi/4.9.3/../../../../arm-none-eabi/lib/armv7e-m/fpu/libc_nano.a(lib_a-strcmp.o)
                              CMakeFiles/rpmsg_pingpong_freertos_example.dir/home/neuberfran/projects/freertos-tn/middleware/multicore/open-amp/porting/env/freertos/rpmsg_porting.c.obj (strcmp)
/home/neuberfran/gcc-arm-none-eabi-4_9-2015q3/bin/../lib/gcc/arm-none-eabi/4.9.3/../../../../arm-none-eabi/lib/armv7e-m/fpu/libc_nano.a(lib_a-strlen.o)
                              CMakeFiles/rpmsg_pingpong_freertos_example.dir/home/neuberfran/projects/freertos-tn/platform/utilities/src/print_scan.c.obj (strlen)
/home/neuberfran/gcc-arm-none-eabi-4_9-2015q3/bin/../lib/gcc/arm-none-eabi/4.9.3/../../../../arm-none-eabi/lib/armv7e-m/fpu/libc_nano.a(lib_a-strncmp.o)
                              CMakeFiles/rpmsg_pingpong_freertos_example.dir/home/neuberfran/projects/freertos-tn/middleware/multicore/open-amp/porting/env/freertos/rpmsg_porting.c.obj (strncmp)
/home/neuberfran/gcc-arm-none-eabi-4_9-2015q3/bin/../lib/gcc/arm-none-eabi/4.9.3/../../../../arm-none-eabi/lib/armv7e-m/fpu/libc_nano.a(lib_a-strncpy.o)
                              CMakeFiles/rpmsg_pingpong_freertos_example.dir/home/neuberfran/projects/freertos-tn/middleware/multicore/open-amp/porting/env/freertos/rpmsg_porting.c.obj (strncpy)
/home/neuberfran/gcc-arm-none-eabi-4_9-2015q3/bin/../lib/gcc/arm-none-eabi/4.9.3/../../../../arm-none-eabi/lib/armv7e-m/fpu/libc_nano.a(lib_a-wbuf.o)
                              /home/neuberfran/gcc-arm-none-eabi-4_9-2015q3/bin/../lib/gcc/arm-none-eabi/4.9.3/../../../../arm-none-eabi/lib/armv7e-m/fpu/libc_nano.a(lib_a-nano-vfprintf.o) (__swbuf_r)
/home/neuberfran/gcc-arm-none-eabi-4_9-2015q3/bin/../lib/gcc/arm-none-eabi/4.9.3/../../../../arm-none-eabi/lib/armv7e-m/fpu/libc_nano.a(lib_a-wsetup.o)
[...]
Memory Configuration

Name             Origin             Length             Attributes
m_interrupts     0x1fff8000         0x00000240         xr
m_text           0x1fff8240         0x00007dc0         xr
m_data           0x20000000         0x00008000         rw
*default*        0x00000000         0xffffffff

Linker script and memory map

LOAD /home/neuberfran/gcc-arm-none-eabi-4_9-2015q3/bin/../lib/gcc/arm-none-eabi/4.9.3/armv7e-m/fpu/crti.o
LOAD /home/neuberfran/gcc-arm-none-eabi-4_9-2015q3/bin/../lib/gcc/arm-none-eabi/4.9.3/armv7e-m/fpu/crtbegin.o
LOAD /home/neuberfran/gcc-arm-none-eabi-4_9-2015q3/bin/../lib/gcc/arm-none-eabi/4.9.3/../../../../arm-none-eabi/lib/armv7e-m/fpu/crt0.o
LOAD /home/neuberfran/gcc-arm-none-eabi-4_9-2015q3/bin/../lib/gcc/arm-none-eabi/4.9.3/../../../../arm-none-eabi/lib/armv7e-m/fpu/libm.a
LOAD CMakeFiles/rpmsg_pingpong_freertos_example.dir/home/neuberfran/projects/freertos-tn/rtos/FreeRTOS/Source/portable/GCC/ARM_CM4F/port.c.obj
LOAD CMakeFiles/rpmsg_pingpong_freertos_example.dir/home/neuberfran/projects/freertos-tn/platform/devices/MCIMX7D/startup/gcc/startup_MCIMX7D_M4.S.obj
LOAD CMakeFiles/rpmsg_pingpong_freertos_example.dir/home/neuberfran/projects/freertos-tn/rtos/FreeRTOS/Source/portable/MemMang/heap_2.c.obj
LOAD CMakeFiles/rpmsg_pingpong_freertos_example.dir/home/neuberfran/projects/freertos-tn/examples/imx7d_pico_m4/demo_apps/rpmsg/pingpong_freertos/pingpong_freertos.c.obj
LOAD CMakeFiles/rpmsg_pingpong_freertos_example.dir/home/neuberfran/projects/freertos-tn/middleware/multicore/open-amp/rpmsg/rpmsg_rtos.c.obj
LOAD CMakeFiles/rpmsg_pingpong_freertos_example.dir/home/neuberfran/projects/freertos-tn/middleware/multicore/open-amp/porting/imx7d_m4/platform.c.obj
LOAD CMakeFiles/rpmsg_pingpong_freertos_example.dir/home/neuberfran/projects/freertos-tn/middleware/multicore/open-amp/porting/imx7d_m4/platform_info.c.obj
LOAD CMakeFiles/rpmsg_pingpong_freertos_example.dir/home/neuberfran/projects/freertos-tn/middleware/multicore/open-amp/common/hil/hil.c.obj
LOAD CMakeFiles/rpmsg_pingpong_freertos_example.dir/home/neuberfran/projects/freertos-tn/middleware/multicore/open-amp/common/llist/llist.c.obj
LOAD CMakeFiles/rpmsg_pingpong_freertos_example.dir/home/neuberfran/projects/freertos-tn/middleware/multicore/open-amp/common/shm/sh_mem.c.obj
LOAD CMakeFiles/rpmsg_pingpong_freertos_example.dir/home/neuberfran/projects/freertos-tn/middleware/multicore/open-amp/porting/config/config.c.obj
LOAD CMakeFiles/rpmsg_pingpong_freertos_example.dir/home/neuberfran/projects/freertos-tn/middleware/multicore/open-amp/rpmsg/remote_device.c.obj
LOAD CMakeFiles/rpmsg_pingpong_freertos_example.dir/home/neuberfran/projects/freertos-tn/middleware/multicore/open-amp/rpmsg/rpmsg.c.obj
LOAD CMakeFiles/rpmsg_pingpong_freertos_example.dir/home/neuberfran/projects/freertos-tn/middleware/multicore/open-amp/rpmsg/rpmsg_ext.c.obj
LOAD CMakeFiles/rpmsg_pingpong_freertos_example.dir/home/neuberfran/projects/freertos-tn/middleware/multicore/open-amp/rpmsg/rpmsg_core.c.obj
LOAD CMakeFiles/rpmsg_pingpong_freertos_example.dir/home/neuberfran/projects/freertos-tn/middleware/multicore/open-amp/virtio/virtio.c.obj
LOAD CMakeFiles/rpmsg_pingpong_freertos_example.dir/home/neuberfran/projects/freertos-tn/middleware/multicore/open-amp/virtio/virtqueue.c.obj
LOAD CMakeFiles/rpmsg_pingpong_freertos_example.dir/home/neuberfran/projects/freertos-tn/middleware/multicore/open-amp/porting/env/freertos/rpmsg_porting.c.obj
LOAD CMakeFiles/rpmsg_pingpong_freertos_example.dir/home/neuberfran/projects/freertos-tn/rtos/FreeRTOS/Source/croutine.c.obj
LOAD CMakeFiles/rpmsg_pingpong_freertos_example.dir/home/neuberfran/projects/freertos-tn/rtos/FreeRTOS/Source/event_groups.c.obj
LOAD CMakeFiles/rpmsg_pingpong_freertos_example.dir/home/neuberfran/projects/freertos-tn/rtos/FreeRTOS/Source/list.c.obj
LOAD CMakeFiles/rpmsg_pingpong_freertos_example.dir/home/neuberfran/projects/freertos-tn/rtos/FreeRTOS/Source/queue.c.obj
LOAD CMakeFiles/rpmsg_pingpong_freertos_example.dir/home/neuberfran/projects/freertos-tn/rtos/FreeRTOS/Source/tasks.c.obj
LOAD CMakeFiles/rpmsg_pingpong_freertos_example.dir/home/neuberfran/projects/freertos-tn/rtos/FreeRTOS/Source/timers.c.obj
LOAD CMakeFiles/rpmsg_pingpong_freertos_example.dir/home/neuberfran/projects/freertos-tn/platform/drivers/src/ccm_analog_imx7d.c.obj
LOAD CMakeFiles/rpmsg_pingpong_freertos_example.dir/home/neuberfran/projects/freertos-tn/platform/drivers/src/ccm_imx7d.c.obj
LOAD CMakeFiles/rpmsg_pingpong_freertos_example.dir/home/neuberfran/projects/freertos-tn/platform/drivers/src/lmem.c.obj
LOAD CMakeFiles/rpmsg_pingpong_freertos_example.dir/home/neuberfran/projects/freertos-tn/platform/drivers/src/rdc.c.obj
LOAD CMakeFiles/rpmsg_pingpong_freertos_example.dir/home/neuberfran/projects/freertos-tn/platform/drivers/src/wdog_imx.c.obj
LOAD CMakeFiles/rpmsg_pingpong_freertos_example.dir/home/neuberfran/projects/freertos-tn/platform/utilities/src/debug_console_imx.c.obj
LOAD CMakeFiles/rpmsg_pingpong_freertos_example.dir/home/neuberfran/projects/freertos-tn/platform/utilities/src/print_scan.c.obj
LOAD CMakeFiles/rpmsg_pingpong_freertos_example.dir/home/neuberfran/projects/freertos-tn/platform/devices/MCIMX7D/startup/system_MCIMX7D_M4.c.obj
LOAD CMakeFiles/rpmsg_pingpong_freertos_example.dir/home/neuberfran/projects/freertos-tn/examples/imx7d_pico_m4/pin_mux.c.obj
LOAD CMakeFiles/rpmsg_pingpong_freertos_example.dir/home/neuberfran/projects/freertos-tn/examples/imx7d_pico_m4/board.c.obj
LOAD CMakeFiles/rpmsg_pingpong_freertos_example.dir/home/neuberfran/projects/freertos-tn/examples/imx7d_pico_m4/clock_freq.c.obj
LOAD CMakeFiles/rpmsg_pingpong_freertos_example.dir/home/neuberfran/projects/freertos-tn/examples/imx7d_pico_m4/demo_apps/rpmsg/pingpong_freertos/hardware_init.c.obj
LOAD CMakeFiles/rpmsg_pingpong_freertos_example.dir/home/neuberfran/projects/freertos-tn/platform/drivers/src/uart_imx.c.obj
LOAD CMakeFiles/rpmsg_pingpong_freertos_example.dir/home/neuberfran/projects/freertos-tn/platform/drivers/src/mu_imx.c.obj
START GROUP
LOAD /home/neuberfran/gcc-arm-none-eabi-4_9-2015q3/bin/../lib/gcc/arm-none-eabi/4.9.3/../../../../arm-none-eabi/lib/armv7e-m/fpu/libm.a
LOAD /home/neuberfran/gcc-arm-none-eabi-4_9-2015q3/bin/../lib/gcc/arm-none-eabi/4.9.3/../../../../arm-none-eabi/lib/armv7e-m/fpu/libc_nano.a
LOAD /home/neuberfran/gcc-arm-none-eabi-4_9-2015q3/bin/../lib/gcc/arm-none-eabi/4.9.3/armv7e-m/fpu/libgcc.a
LOAD /home/neuberfran/gcc-arm-none-eabi-4_9-2015q3/bin/../lib/gcc/arm-none-eabi/4.9.3/../../../../arm-none-eabi/lib/armv7e-m/fpu/libnosys.a
END GROUP
START GROUP
LOAD /home/neuberfran/gcc-arm-none-eabi-4_9-2015q3/bin/../lib/gcc/arm-none-eabi/4.9.3/armv7e-m/fpu/libgcc.a
LOAD /home/neuberfran/gcc-arm-none-eabi-4_9-2015q3/bin/../lib/gcc/arm-none-eabi/4.9.3/../../../../arm-none-eabi/lib/armv7e-m/fpu/libc_nano.a
END GROUP
START GROUP
LOAD /home/neuberfran/gcc-arm-none-eabi-4_9-2015q3/bin/../lib/gcc/arm-none-eabi/4.9.3/armv7e-m/fpu/libgcc.a
LOAD /home/neuberfran/gcc-arm-none-eabi-4_9-2015q3/bin/../lib/gcc/arm-none-eabi/4.9.3/../../../../arm-none-eabi/lib/armv7e-m/fpu/libc_nano.a
LOAD /home/neuberfran/gcc-arm-none-eabi-4_9-2015q3/bin/../lib/gcc/arm-none-eabi/4.9.3/../../../../arm-none-eabi/lib/armv7e-m/fpu/libnosys.a
END GROUP
START GROUP
LOAD /home/neuberfran/gcc-arm-none-eabi-4_9-2015q3/bin/../lib/gcc/arm-none-eabi/4.9.3/armv7e-m/fpu/libgcc.a
LOAD /home/neuberfran/gcc-arm-none-eabi-4_9-2015q3/bin/../lib/gcc/arm-none-eabi/4.9.3/../../../../arm-none-eabi/lib/armv7e-m/fpu/libc_nano.a
LOAD /home/neuberfran/gcc-arm-none-eabi-4_9-2015q3/bin/../lib/gcc/arm-none-eabi/4.9.3/../../../../arm-none-eabi/lib/armv7e-m/fpu/libnosys.a
END GROUP
LOAD /home/neuberfran/gcc-arm-none-eabi-4_9-2015q3/bin/../lib/gcc/arm-none-eabi/4.9.3/armv7e-m/fpu/crtend.o
LOAD /home/neuberfran/gcc-arm-none-eabi-4_9-2015q3/bin/../lib/gcc/arm-none-eabi/4.9.3/armv7e-m/fpu/crtn.o
                0x00000400                HEAP_SIZE = DEFINED (__heap_size__)?__heap_size__:0x400
                0x00000400                STACK_SIZE = DEFINED (__stack_size__)?__stack_size__:0x400

.interrupts     0x1fff8000      0x240
                0x1fff8000                __VECTOR_TABLE = .
                0x1fff8000                . = ALIGN (0x4)
 *(.isr_vector)
 .isr_vector    0x1fff8000      0x240 CMakeFiles/rpmsg_pingpong_freertos_example.dir/home/neuberfran/projects/freertos-tn/platform/devices/MCIMX7D/startup/gcc/startup_MCIMX7D_M4.S.obj
                0x1fff8000                __isr_vector
                0x1fff8240                . = ALIGN (0x4)

.text           0x1fff8240     0x4be8
                0x1fff8240                . = ALIGN (0x4)
 *(.text)
 .text          0x1fff8240       0x5c /home/neuberfran/gcc-arm-none-eabi-4_9-2015q3/bin/../lib/gcc/arm-none-eabi/4.9.3/armv7e-m/fpu/crtbegin.o
 .text          0x1fff829c       0x74 /home/neuberfran/gcc-arm-none-eabi-4_9-2015q3/bin/../lib/gcc/arm-none-eabi/4.9.3/../../../../arm-none-eabi/lib/armv7e-m/fpu/crt0.o
                0x1fff829c                _mainCRTStartup
                0x1fff829c                _start
 .text          0x1fff8310       0x30 CMakeFiles/rpmsg_pingpong_freertos_example.dir/home/neuberfran/projects/freertos-tn/platform/devices/MCIMX7D/startup/gcc/startup_MCIMX7D_M4.S.obj
                0x1fff8310                Reset_Handler
                0x1fff833c                ENET2_MAC0_TRANS1_Handler
                0x1fff833c                SAI3_Handler
                0x1fff833c                DebugMon_Handler
                0x1fff833c                USB_OH3_OTG2_1_Handler
                0x1fff833c                GPIO3_INT31_16_Handler
                0x1fff833c                eCSPI4_Handler
                0x1fff833c                SIM2_Handler
                0x1fff833c                FLEXCAN1_Handler
                0x1fff833c                UART3_Handler
                0x1fff833c                UART2_Handler
                0x1fff833c                GPIO1_INT3_Handler
                0x1fff833c                HardFault_Handler
                0x1fff833c                SNVS_SECURITY_Handler
                0x1fff833c                SEMA4_HS_M4_Handler
                0x1fff833c                GPIO6_INT31_16_Handler
                0x1fff833c                SRC_Handler
                0x1fff833c                GPT2_Handler
                0x1fff833c                CCM2_Handler
                0x1fff833c                I2C1_Handler
                0x1fff833c                CPU_CTI_Handler
                0x1fff833c                NMI_Handler
                0x1fff833c                SAI1_Handler
                0x1fff833c                ENET2_MAC0_IRQ_Handler
                0x1fff833c                KPP_Handler
                0x1fff833c                USB_OTG1_Handler
                0x1fff833c                MIPI_CSI_Handler
                0x1fff833c                WDOG4_Handler
                0x1fff833c                Reserved9_Handler
                0x1fff833c                QSPI_Handler
                0x1fff833c                CAAM_QUEUE_Handler
                0x1fff833c                GPIO2_INT15_0_Handler
                0x1fff833c                PCIE_CTRL4_Handler
                0x1fff833c                uSDHC2_Handler
                0x1fff833c                GPIO1_INT6_Handler
                0x1fff833c                PCIE_CTRL_REQUEST_Handler
                0x1fff833c                SCTR1_Handler
                0x1fff833c                RDC_Handler
                0x1fff833c                EPDC_Handler
                0x1fff833c                CCM1_Handler
                0x1fff833c                UsageFault_Handler
                0x1fff833c                ADC1_Handler
                0x1fff833c                GPIO1_INT0_Handler
                0x1fff833c                Analog_brown_out_Handler
                0x1fff833c                PXP2_Handler
                0x1fff833c                SEMA4_HS_A7_Handler
                0x1fff833c                RTIC_Handler
                0x1fff833c                DefaultISR
                0x1fff833c                GPIO6_INT15_0_Handler
                0x1fff833c                SCTR2_Handler
                0x1fff833c                WDOG3_Handler
                0x1fff833c                USB_OH2_OTG_Handler
                0x1fff833c                SAI2_Handler
                0x1fff833c                GPIO3_INT15_0_Handler
                0x1fff833c                FTM2_Handler
                0x1fff833c                eCSPI1_Handler
                0x1fff833c                GPC_Handler
                0x1fff833c                GPIO1_INT15_0_Handler
                0x1fff833c                UART1_Handler
                0x1fff833c                ENET1_MAC0_TRANS2_Handler
                0x1fff833c                eCSPI3_Handler
                0x1fff833c                BCH_Handler
                0x1fff833c                CAAM_ERROR_Handler
                0x1fff833c                Analog_TempSensor_Handler
                0x1fff833c                PXP1_Handler
                0x1fff833c                SNVS_Handler
                0x1fff833c                GPT4_Handler
                0x1fff833c                GPIO5_INT15_0_Handler
                0x1fff833c                ENET2_MAC0_TRANS2_Handler
                0x1fff833c                GPMI_Handler
                0x1fff833c                I2C4_Handler
                0x1fff833c                CCM_SRC_GPC_Handler
                0x1fff833c                CPU_Handler
                0x1fff833c                UART4_Handler
                0x1fff833c                GPIO1_INT1_Handler
                0x1fff833c                uSDHC3_Handler
                0x1fff833c                EIM_Handler
                0x1fff833c                PWM1_Handler
                0x1fff833c                ENET2_1588_TIMER_IRQ_Handler
                0x1fff833c                UART6_Handler
                0x1fff833c                GPIO1_INT4_Handler
                0x1fff833c                GPIO1_INT31_16_Handler
                0x1fff833c                APBHDMA_Handler
                0x1fff833c                uSDHC1_Handler
                0x1fff833c                DBGMON_Handler
                0x1fff833c                UART7_Handler
                0x1fff833c                SDMA_Handler
                0x1fff833c                GPT1_Handler
                0x1fff833c                PWM3_Handler
                0x1fff833c                PCIE_CTRL2_Handler
                0x1fff833c                MemManage_Handler
                0x1fff833c                GPIO5_INT31_16_Handler
                0x1fff833c                TZASC1_Handler
                0x1fff833c                I2C2_Handler
                0x1fff833c                DAP_Handler
                0x1fff833c                GPIO4_INT15_0_Handler
                0x1fff833c                CSI_Handler
                0x1fff833c                eCSPI2_Handler
                0x1fff833c                ENET1_1588_TIMER_Handler
                0x1fff833c                WDOG2_Handler
                0x1fff833c                FLEXCAN2_Handler
                0x1fff833c                PCIE_CTRL1_Handler
                0x1fff833c                PCIE_CTRL3_Handler
                0x1fff833c                GPT3_Handler
                0x1fff833c                GPIO1_INT5_Handler
                0x1fff833c                CAAM_WRAPPER2_Handler
                0x1fff833c                SNVS_CONSOLIDATED_Handler
                0x1fff833c                CAAM_WRAPPER1_Handler
                0x1fff833c                GPIO4_INT31_16_Handler
                0x1fff833c                GPIO1_INT2_Handler
                0x1fff833c                LCDIF_Handler
                0x1fff833c                UART5_Handler
                0x1fff833c                PERFMON1_Handler
                0x1fff833c                GPIO1_INT7_Handler
                0x1fff833c                I2C3_Handler
                0x1fff833c                CSU_Handler
                0x1fff833c                MIPI_DSI_Handler
                0x1fff833c                PWM2_Handler
                0x1fff833c                GPR_Handler
                0x1fff833c                SIM1_Handler
                0x1fff833c                USB_OTG2_Handler
                0x1fff833c                ENET1_MAC0_TRANS1_Handler
                0x1fff833c                BusFault_Handler
                0x1fff833c                USB_OH3_OTG2_2_Handler
                0x1fff833c                ENET1_MAC0_Handler
                0x1fff833c                PERFMON2_Handler
                0x1fff833c                GPIO7_INT31_16_Handler
                0x1fff833c                PWM4_Handler
                0x1fff833c                GPIO2_INT31_16_Handler
                0x1fff833c                FTM1_Handler
                0x1fff833c                GPIO7_INT15_0_Handler
                0x1fff833c                WDOG1_Handler
                0x1fff833c                MU_A7_Handler
                0x1fff833c                ADC2_Handler
                0x1fff833c                TPR_Handler
 *(.text*)
 .text.prvPortStartFirstTask
                0x1fff8340       0x1c CMakeFiles/rpmsg_pingpong_freertos_example.dir/home/neuberfran/projects/freertos-tn/rtos/FreeRTOS/Source/portable/GCC/ARM_CM4F/port.c.obj
 .text.vPortEnableVFP
                0x1fff835c       0x14 CMakeFiles/rpmsg_pingpong_freertos_example.dir/home/neuberfran/projects/freertos-tn/rtos/FreeRTOS/Source/portable/GCC/ARM_CM4F/port.c.obj
 .text.pxPortInitialiseStack
                0x1fff8370       0x24 CMakeFiles/rpmsg_pingpong_freertos_example.dir/home/neuberfran/projects/freertos-tn/rtos/FreeRTOS/Source/portable/GCC/ARM_CM4F/port.c.obj
                0x1fff8370                pxPortInitialiseStack
 .text.SVC_Handler
                0x1fff8394       0x20 CMakeFiles/rpmsg_pingpong_freertos_example.dir/home/neuberfran/projects/freertos-tn/rtos/FreeRTOS/Source/portable/GCC/ARM_CM4F/port.c.obj
                0x1fff8394                SVC_Handler
 .text.vPortYield
                0x1fff83b4       0x18 CMakeFiles/rpmsg_pingpong_freertos_example.dir/home/neuberfran/projects/freertos-tn/rtos/FreeRTOS/Source/portable/GCC/ARM_CM4F/port.c.obj
                0x1fff83b4                vPortYield
 .text.ulPortSetInterruptMask
                0x1fff83cc       0x10 CMakeFiles/rpmsg_pingpong_freertos_example.dir/home/neuberfran/projects/freertos-tn/rtos/FreeRTOS/Source/portable/GCC/ARM_CM4F/port.c.obj
                0x1fff83cc                ulPortSetInterruptMask
 .text.prvTaskExitError
                0x1fff83dc       0x1c CMakeFiles/rpmsg_pingpong_freertos_example.dir/home/neuberfran/projects/freertos-tn/rtos/FreeRTOS/Source/portable/GCC/ARM_CM4F/port.c.obj
 .text.vPortEnterCritical
                0x1fff83f8       0x1c CMakeFiles/rpmsg_pingpong_freertos_example.dir/home/neuberfran/projects/freertos-tn/rtos/FreeRTOS/Source/portable/GCC/ARM_CM4F/port.c.obj
                0x1fff83f8                vPortEnterCritical
 .text.vPortClearInterruptMask
                0x1fff8414        0x6 CMakeFiles/rpmsg_pingpong_freertos_example.dir/home/neuberfran/projects/freertos-tn/rtos/FreeRTOS/Source/portable/GCC/ARM_CM4F/port.c.obj
                0x1fff8414                vPortClearInterruptMask
 *fill*         0x1fff841a        0x2 
 .text.vPortExitCritical
                0x1fff841c       0x24 CMakeFiles/rpmsg_pingpong_freertos_example.dir/home/neuberfran/projects/freertos-tn/rtos/FreeRTOS/Source/portable/GCC/ARM_CM4F/port.c.obj
                0x1fff841c                vPortExitCritical
 .text.PendSV_Handler
                0x1fff8440       0x58 CMakeFiles/rpmsg_pingpong_freertos_example.dir/home/neuberfran/projects/freertos-tn/rtos/FreeRTOS/Source/portable/GCC/ARM_CM4F/port.c.obj
                0x1fff8440                PendSV_Handler
 .text.SysTick_Handler
                0x1fff8498       0x24 CMakeFiles/rpmsg_pingpong_freertos_example.dir/home/neuberfran/projects/freertos-tn/rtos/FreeRTOS/Source/portable/GCC/ARM_CM4F/port.c.obj
                0x1fff8498                SysTick_Handler
 .text.vPortSetupTimerInterrupt
                0x1fff84bc       0x18 CMakeFiles/rpmsg_pingpong_freertos_example.dir/home/neuberfran/projects/freertos-tn/rtos/FreeRTOS/Source/portable/GCC/ARM_CM4F/port.c.obj
                0x1fff84bc                vPortSetupTimerInterrupt
 .text.xPortStartScheduler
                0x1fff84d4       0xa0 CMakeFiles/rpmsg_pingpong_freertos_example.dir/home/neuberfran/projects/freertos-tn/rtos/FreeRTOS/Source/portable/GCC/ARM_CM4F/port.c.obj
                0x1fff84d4                xPortStartScheduler
 .text.vPortValidateInterruptPriority
                0x1fff8574       0x44 CMakeFiles/rpmsg_pingpong_freertos_example.dir/home/neuberfran/projects/freertos-tn/rtos/FreeRTOS/Source/portable/GCC/ARM_CM4F/port.c.obj
                0x1fff8574                vPortValidateInterruptPriority
 .text.pvPortMalloc
                0x1fff85b8       0xb8 CMakeFiles/rpmsg_pingpong_freertos_example.dir/home/neuberfran/projects/freertos-tn/rtos/FreeRTOS/Source/portable/MemMang/heap_2.c.obj
                0x1fff85b8                pvPortMalloc
 .text.vPortFree
                0x1fff8670       0x44 CMakeFiles/rpmsg_pingpong_freertos_example.dir/home/neuberfran/projects/freertos-tn/rtos/FreeRTOS/Source/portable/MemMang/heap_2.c.obj
                0x1fff8670                vPortFree
 .text.PingPongTask
                0x1fff86b4       0xa0 CMakeFiles/rpmsg_pingpong_freertos_example.dir/home/neuberfran/projects/freertos-tn/examples/imx7d_pico_m4/demo_apps/rpmsg/pingpong_freertos/pingpong_freertos.c.obj
 .text.MU_M4_Handler
                0x1fff8754        0x4 CMakeFiles/rpmsg_pingpong_freertos_example.dir/home/neuberfran/projects/freertos-tn/examples/imx7d_pico_m4/demo_apps/rpmsg/pingpong_freertos/pingpong_freertos.c.obj
                0x1fff8754                MU_M4_Handler
 .text.startup.main
                0x1fff8758       0x4c CMakeFiles/rpmsg_pingpong_freertos_example.dir/home/neuberfran/projects/freertos-tn/examples/imx7d_pico_m4/demo_apps/rpmsg/pingpong_freertos/pingpong_freertos.c.obj
                0x1fff8758                main
 .text.rpmsg_channel_deleted_rtos
                0x1fff87a4       0x28 CMakeFiles/rpmsg_pingpong_freertos_example.dir/home/neuberfran/projects/freertos-tn/middleware/multicore/open-amp/rpmsg/rpmsg_rtos.c.obj
 .text.rpmsg_read_rtos_cb
                0x1fff87cc       0x58 CMakeFiles/rpmsg_pingpong_freertos_example.dir/home/neuberfran/projects/freertos-tn/middleware/multicore/open-amp/rpmsg/rpmsg_rtos.c.obj
 .text.rpmsg_channel_created_rtos
                0x1fff8824       0x54 CMakeFiles/rpmsg_pingpong_freertos_example.dir/home/neuberfran/projects/freertos-tn/middleware/multicore/open-amp/rpmsg/rpmsg_rtos.c.obj
 .text.rpmsg_rtos_init
                0x1fff8878       0xbc CMakeFiles/rpmsg_pingpong_freertos_example.dir/home/neuberfran/projects/freertos-tn/middleware/multicore/open-amp/rpmsg/rpmsg_rtos.c.obj
                0x1fff8878                rpmsg_rtos_init
 .text.rpmsg_rtos_recv
                0x1fff8934       0x74 CMakeFiles/rpmsg_pingpong_freertos_example.dir/home/neuberfran/projects/freertos-tn/middleware/multicore/open-amp/rpmsg/rpmsg_rtos.c.obj
                0x1fff8934                rpmsg_rtos_recv
 .text.rpmsg_rtos_send
                0x1fff89a8       0x30 CMakeFiles/rpmsg_pingpong_freertos_example.dir/home/neuberfran/projects/freertos-tn/middleware/multicore/open-amp/rpmsg/rpmsg_rtos.c.obj
                0x1fff89a8                rpmsg_rtos_send
 .text._shutdown_cpu
                0x1fff89d8       0x1c CMakeFiles/rpmsg_pingpong_freertos_example.dir/home/neuberfran/projects/freertos-tn/middleware/multicore/open-amp/porting/imx7d_m4/platform.c.obj
 .text._boot_cpu
                0x1fff89f4       0x1c CMakeFiles/rpmsg_pingpong_freertos_example.dir/home/neuberfran/projects/freertos-tn/middleware/multicore/open-amp/porting/imx7d_m4/platform.c.obj
 .text._notify  0x1fff8a10       0x10 CMakeFiles/rpmsg_pingpong_freertos_example.dir/home/neuberfran/projects/freertos-tn/middleware/multicore/open-amp/porting/imx7d_m4/platform.c.obj
 .text.platform_isr
                0x1fff8a20        0x6 CMakeFiles/rpmsg_pingpong_freertos_example.dir/home/neuberfran/projects/freertos-tn/middleware/multicore/open-amp/porting/imx7d_m4/platform.c.obj
                0x1fff8a20                platform_isr
 *fill*         0x1fff8a26        0x2 
 .text._enable_interrupt
                0x1fff8a28       0x28 CMakeFiles/rpmsg_pingpong_freertos_example.dir/home/neuberfran/projects/freertos-tn/middleware/multicore/open-amp/porting/imx7d_m4/platform.c.obj
 .text.rpmsg_handler
                0x1fff8a50       0x20 CMakeFiles/rpmsg_pingpong_freertos_example.dir/home/neuberfran/projects/freertos-tn/middleware/multicore/open-amp/porting/imx7d_m4/platform.c.obj
                0x1fff8a50                rpmsg_handler
 .text.platform_in_isr
                0x1fff8a70       0x14 CMakeFiles/rpmsg_pingpong_freertos_example.dir/home/neuberfran/projects/freertos-tn/middleware/multicore/open-amp/porting/imx7d_m4/platform.c.obj
                0x1fff8a70                platform_in_isr
 .text.platform_interrupt_enable
                0x1fff8a84       0x54 CMakeFiles/rpmsg_pingpong_freertos_example.dir/home/neuberfran/projects/freertos-tn/middleware/multicore/open-amp/porting/imx7d_m4/platform.c.obj
                0x1fff8a84                platform_interrupt_enable
 .text.platform_interrupt_disable
                0x1fff8ad8       0x58 CMakeFiles/rpmsg_pingpong_freertos_example.dir/home/neuberfran/projects/freertos-tn/middleware/multicore/open-amp/porting/imx7d_m4/platform.c.obj
                0x1fff8ad8                platform_interrupt_disable
 .text.platform_interrupt_enable_all
                0x1fff8b30       0x3c CMakeFiles/rpmsg_pingpong_freertos_example.dir/home/neuberfran/projects/freertos-tn/middleware/multicore/open-amp/porting/imx7d_m4/platform.c.obj
                0x1fff8b30                platform_interrupt_enable_all
 .text.platform_interrupt_disable_all
                0x1fff8b6c       0x38 CMakeFiles/rpmsg_pingpong_freertos_example.dir/home/neuberfran/projects/freertos-tn/middleware/multicore/open-amp/porting/imx7d_m4/platform.c.obj
                0x1fff8b6c                platform_interrupt_disable_all
 .text.platform_map_mem_region
                0x1fff8ba4        0x2 CMakeFiles/rpmsg_pingpong_freertos_example.dir/home/neuberfran/projects/freertos-tn/middleware/multicore/open-amp/porting/imx7d_m4/platform.c.obj
                0x1fff8ba4                platform_map_mem_region
 .text.platform_vatopa
                0x1fff8ba6        0x2 CMakeFiles/rpmsg_pingpong_freertos_example.dir/home/neuberfran/projects/freertos-tn/middleware/multicore/open-amp/porting/imx7d_m4/platform.c.obj
                0x1fff8ba6                platform_vatopa
 .text.platform_patova
                0x1fff8ba8        0x2 CMakeFiles/rpmsg_pingpong_freertos_example.dir/home/neuberfran/projects/freertos-tn/middleware/multicore/open-amp/porting/imx7d_m4/platform.c.obj
                0x1fff8ba8                platform_patova
 .text.platform_init
                0x1fff8baa        0x4 CMakeFiles/rpmsg_pingpong_freertos_example.dir/home/neuberfran/projects/freertos-tn/middleware/multicore/open-amp/porting/imx7d_m4/platform.c.obj
                0x1fff8baa                platform_init
 .text.platform_deinit
                0x1fff8bae        0x4 CMakeFiles/rpmsg_pingpong_freertos_example.dir/home/neuberfran/projects/freertos-tn/middleware/multicore/open-amp/porting/imx7d_m4/platform.c.obj
                0x1fff8bae                platform_deinit
 *fill*         0x1fff8bb2        0x2 
 .text.platform_get_processor_info
                0x1fff8bb4       0x34 CMakeFiles/rpmsg_pingpong_freertos_example.dir/home/neuberfran/projects/freertos-tn/middleware/multicore/open-amp/porting/imx7d_m4/platform_info.c.obj
                0x1fff8bb4                platform_get_processor_info
 .text.hil_create_proc
                0x1fff8be8       0x5c CMakeFiles/rpmsg_pingpong_freertos_example.dir/home/neuberfran/projects/freertos-tn/middleware/multicore/open-amp/common/hil/hil.c.obj
                0x1fff8be8                hil_create_proc
 .text.hil_isr  0x1fff8c44        0x6 CMakeFiles/rpmsg_pingpong_freertos_example.dir/home/neuberfran/projects/freertos-tn/middleware/multicore/open-amp/common/hil/hil.c.obj
                0x1fff8c44                hil_isr
 .text.hil_get_chnl_info
                0x1fff8c4a        0x8 CMakeFiles/rpmsg_pingpong_freertos_example.dir/home/neuberfran/projects/freertos-tn/middleware/multicore/open-amp/common/hil/hil.c.obj
                0x1fff8c4a                hil_get_chnl_info
 .text.hil_get_vring_info
                0x1fff8c52        0x8 CMakeFiles/rpmsg_pingpong_freertos_example.dir/home/neuberfran/projects/freertos-tn/middleware/multicore/open-amp/common/hil/hil.c.obj
                0x1fff8c52                hil_get_vring_info
 .text.hil_get_shm_info
                0x1fff8c5a        0x4 CMakeFiles/rpmsg_pingpong_freertos_example.dir/home/neuberfran/projects/freertos-tn/middleware/multicore/open-amp/common/hil/hil.c.obj
                0x1fff8c5a                hil_get_shm_info
 .text.hil_enable_vring_notifications
                0x1fff8c5e       0x1e CMakeFiles/rpmsg_pingpong_freertos_example.dir/home/neuberfran/projects/freertos-tn/middleware/multicore/open-amp/common/hil/hil.c.obj
                0x1fff8c5e                hil_enable_vring_notifications
 .text.hil_vring_notify
                0x1fff8c7c       0x1a CMakeFiles/rpmsg_pingpong_freertos_example.dir/home/neuberfran/projects/freertos-tn/middleware/multicore/open-amp/common/hil/hil.c.obj
                0x1fff8c7c                hil_vring_notify
 .text.hil_get_status
                0x1fff8c96        0x4 CMakeFiles/rpmsg_pingpong_freertos_example.dir/home/neuberfran/projects/freertos-tn/middleware/multicore/open-amp/common/hil/hil.c.obj
                0x1fff8c96                hil_get_status
 .text.hil_set_status
                0x1fff8c9a        0x4 CMakeFiles/rpmsg_pingpong_freertos_example.dir/home/neuberfran/projects/freertos-tn/middleware/multicore/open-amp/common/hil/hil.c.obj
                0x1fff8c9a                hil_set_status
 .text.add_to_list
                0x1fff8c9e       0x1e CMakeFiles/rpmsg_pingpong_freertos_example.dir/home/neuberfran/projects/freertos-tn/middleware/multicore/open-amp/common/llist/llist.c.obj
                0x1fff8c9e                add_to_list
 .text.remove_from_list
                0x1fff8cbc       0x20 CMakeFiles/rpmsg_pingpong_freertos_example.dir/home/neuberfran/projects/freertos-tn/middleware/multicore/open-amp/common/llist/llist.c.obj
                0x1fff8cbc                remove_from_list
 .text.sh_mem_create_pool
                0x1fff8cdc       0x76 CMakeFiles/rpmsg_pingpong_freertos_example.dir/home/neuberfran/projects/freertos-tn/middleware/multicore/open-amp/common/shm/sh_mem.c.obj
                0x1fff8cdc                sh_mem_create_pool
 *fill*         0x1fff8d52        0x2 
 .text.sh_mem_free_buffer
                0x1fff8d54       0x60 CMakeFiles/rpmsg_pingpong_freertos_example.dir/home/neuberfran/projects/freertos-tn/middleware/multicore/open-amp/common/shm/sh_mem.c.obj
                0x1fff8d54                sh_mem_free_buffer
 .text.sh_mem_delete_pool
                0x1fff8db4       0x18 CMakeFiles/rpmsg_pingpong_freertos_example.dir/home/neuberfran/projects/freertos-tn/middleware/multicore/open-amp/common/shm/sh_mem.c.obj
                0x1fff8db4                sh_mem_delete_pool
 .text.get_first_zero_bit
                0x1fff8dcc       0x44 CMakeFiles/rpmsg_pingpong_freertos_example.dir/home/neuberfran/projects/freertos-tn/middleware/multicore/open-amp/common/shm/sh_mem.c.obj
                0x1fff8dcc                get_first_zero_bit
 .text.sh_mem_get_buffer
                0x1fff8e10       0x6e CMakeFiles/rpmsg_pingpong_freertos_example.dir/home/neuberfran/projects/freertos-tn/middleware/multicore/open-amp/common/shm/sh_mem.c.obj
                0x1fff8e10                sh_mem_get_buffer
 .text.rpmsg_rdev_get_status
                0x1fff8e7e        0x4 CMakeFiles/rpmsg_pingpong_freertos_example.dir/home/neuberfran/projects/freertos-tn/middleware/multicore/open-amp/rpmsg/remote_device.c.obj
                0x1fff8e7e                rpmsg_rdev_get_status
 .text.rpmsg_rdev_set_status
                0x1fff8e82        0x2 CMakeFiles/rpmsg_pingpong_freertos_example.dir/home/neuberfran/projects/freertos-tn/middleware/multicore/open-amp/rpmsg/remote_device.c.obj
                0x1fff8e82                rpmsg_rdev_set_status
 .text.rpmsg_rdev_get_feature
                0x1fff8e84        0x4 CMakeFiles/rpmsg_pingpong_freertos_example.dir/home/neuberfran/projects/freertos-tn/middleware/multicore/open-amp/rpmsg/remote_device.c.obj
                0x1fff8e84                rpmsg_rdev_get_feature
 .text.rpmsg_rdev_set_feature
                0x1fff8e88        0x8 CMakeFiles/rpmsg_pingpong_freertos_example.dir/home/neuberfran/projects/freertos-tn/middleware/multicore/open-amp/rpmsg/remote_device.c.obj
                0x1fff8e88                rpmsg_rdev_set_feature
 .text.rpmsg_rdev_negotiate_feature
                0x1fff8e90        0x4 CMakeFiles/rpmsg_pingpong_freertos_example.dir/home/neuberfran/projects/freertos-tn/middleware/multicore/open-amp/rpmsg/remote_device.c.obj
                0x1fff8e90                rpmsg_rdev_negotiate_feature
 .text.rpmsg_rdev_read_config
                0x1fff8e94        0x2 CMakeFiles/rpmsg_pingpong_freertos_example.dir/home/neuberfran/projects/freertos-tn/middleware/multicore/open-amp/rpmsg/remote_device.c.obj
                0x1fff8e94                rpmsg_rdev_read_config
 .text.rpmsg_rdev_write_config
                0x1fff8e96        0x2 CMakeFiles/rpmsg_pingpong_freertos_example.dir/home/neuberfran/projects/freertos-tn/middleware/multicore/open-amp/rpmsg/remote_device.c.obj
                0x1fff8e96                rpmsg_rdev_write_config
 .text.rpmsg_rdev_reset
                0x1fff8e98        0x2 CMakeFiles/rpmsg_pingpong_freertos_example.dir/home/neuberfran/projects/freertos-tn/middleware/multicore/open-amp/rpmsg/remote_device.c.obj
                0x1fff8e98                rpmsg_rdev_reset
 *fill*         0x1fff8e9a        0x2 
 .text.rpmsg_rdev_create_virtqueues
                0x1fff8e9c      0x104 CMakeFiles/rpmsg_pingpong_freertos_example.dir/home/neuberfran/projects/freertos-tn/middleware/multicore/open-amp/rpmsg/remote_device.c.obj
                0x1fff8e9c                rpmsg_rdev_create_virtqueues
 .text.rpmsg_rdev_init
                0x1fff8fa0       0xd8 CMakeFiles/rpmsg_pingpong_freertos_example.dir/home/neuberfran/projects/freertos-tn/middleware/multicore/open-amp/rpmsg/remote_device.c.obj
                0x1fff8fa0                rpmsg_rdev_init
 .text.rpmsg_rdev_get_chnl_node_from_id
                0x1fff9078       0x2a CMakeFiles/rpmsg_pingpong_freertos_example.dir/home/neuberfran/projects/freertos-tn/middleware/multicore/open-amp/rpmsg/remote_device.c.obj
                0x1fff9078                rpmsg_rdev_get_chnl_node_from_id
 .text.rpmsg_rdev_get_endpoint_from_addr
                0x1fff90a2       0x26 CMakeFiles/rpmsg_pingpong_freertos_example.dir/home/neuberfran/projects/freertos-tn/middleware/multicore/open-amp/rpmsg/remote_device.c.obj
                0x1fff90a2                rpmsg_rdev_get_endpoint_from_addr
 .text.rpmsg_rdev_deinit
                0x1fff90c8       0x76 CMakeFiles/rpmsg_pingpong_freertos_example.dir/home/neuberfran/projects/freertos-tn/middleware/multicore/open-amp/rpmsg/remote_device.c.obj
                0x1fff90c8                rpmsg_rdev_deinit
 .text.rpmsg_rdev_notify
                0x1fff913e       0x26 CMakeFiles/rpmsg_pingpong_freertos_example.dir/home/neuberfran/projects/freertos-tn/middleware/multicore/open-amp/rpmsg/remote_device.c.obj
                0x1fff913e                rpmsg_rdev_notify
 .text.rpmsg_deinit
                0x1fff9164       0x12 CMakeFiles/rpmsg_pingpong_freertos_example.dir/home/neuberfran/projects/freertos-tn/middleware/multicore/open-amp/rpmsg/rpmsg.c.obj
                0x1fff9164                rpmsg_deinit
 .text.rpmsg_init
                0x1fff9176       0x44 CMakeFiles/rpmsg_pingpong_freertos_example.dir/home/neuberfran/projects/freertos-tn/middleware/multicore/open-amp/rpmsg/rpmsg.c.obj
                0x1fff9176                rpmsg_init
 *fill*         0x1fff91ba        0x2 
 .text.rpmsg_send_offchannel_raw
                0x1fff91bc      0x12c CMakeFiles/rpmsg_pingpong_freertos_example.dir/home/neuberfran/projects/freertos-tn/middleware/multicore/open-amp/rpmsg/rpmsg.c.obj
                0x1fff91bc                rpmsg_send_offchannel_raw
 .text.rpmsg_create_ept
                0x1fff92e8       0x1a CMakeFiles/rpmsg_pingpong_freertos_example.dir/home/neuberfran/projects/freertos-tn/middleware/multicore/open-amp/rpmsg/rpmsg.c.obj
                0x1fff92e8                rpmsg_create_ept
 .text.rpmsg_destroy_ept
                0x1fff9302        0xe CMakeFiles/rpmsg_pingpong_freertos_example.dir/home/neuberfran/projects/freertos-tn/middleware/multicore/open-amp/rpmsg/rpmsg.c.obj
                0x1fff9302                rpmsg_destroy_ept
 .text.rpmsg_hold_rx_buffer
                0x1fff9310       0x12 CMakeFiles/rpmsg_pingpong_freertos_example.dir/home/neuberfran/projects/freertos-tn/middleware/multicore/open-amp/rpmsg/rpmsg_ext.c.obj
                0x1fff9310                rpmsg_hold_rx_buffer
 .text.rpmsg_release_rx_buffer
                0x1fff9322       0x2e CMakeFiles/rpmsg_pingpong_freertos_example.dir/home/neuberfran/projects/freertos-tn/middleware/multicore/open-amp/rpmsg/rpmsg_ext.c.obj
                0x1fff9322                rpmsg_release_rx_buffer
 .text._rpmsg_create_channel
                0x1fff9350       0x62 CMakeFiles/rpmsg_pingpong_freertos_example.dir/home/neuberfran/projects/freertos-tn/middleware/multicore/open-amp/rpmsg/rpmsg_core.c.obj
                0x1fff9350                _rpmsg_create_channel
 .text._rpmsg_delete_channel
                0x1fff93b2       0x3e CMakeFiles/rpmsg_pingpong_freertos_example.dir/home/neuberfran/projects/freertos-tn/middleware/multicore/open-amp/rpmsg/rpmsg_core.c.obj
                0x1fff93b2                _rpmsg_delete_channel
 .text.rpmsg_ns_callback
                0x1fff93f0       0x80 CMakeFiles/rpmsg_pingpong_freertos_example.dir/home/neuberfran/projects/freertos-tn/middleware/multicore/open-amp/rpmsg/rpmsg_core.c.obj
                0x1fff93f0                rpmsg_ns_callback
 .text.rpmsg_enqueue_buffer
                0x1fff9470       0x2e CMakeFiles/rpmsg_pingpong_freertos_example.dir/home/neuberfran/projects/freertos-tn/middleware/multicore/open-amp/rpmsg/rpmsg_core.c.obj
                0x1fff9470                rpmsg_enqueue_buffer
 .text.rpmsg_return_buffer
                0x1fff949e       0x2e CMakeFiles/rpmsg_pingpong_freertos_example.dir/home/neuberfran/projects/freertos-tn/middleware/multicore/open-amp/rpmsg/rpmsg_core.c.obj
                0x1fff949e                rpmsg_return_buffer
 .text.rpmsg_get_tx_buffer
                0x1fff94cc       0x30 CMakeFiles/rpmsg_pingpong_freertos_example.dir/home/neuberfran/projects/freertos-tn/middleware/multicore/open-amp/rpmsg/rpmsg_core.c.obj
                0x1fff94cc                rpmsg_get_tx_buffer
 .text.rpmsg_send_ns_message
                0x1fff94fc       0x5e CMakeFiles/rpmsg_pingpong_freertos_example.dir/home/neuberfran/projects/freertos-tn/middleware/multicore/open-amp/rpmsg/rpmsg_core.c.obj
                0x1fff94fc                rpmsg_send_ns_message
 .text.rpmsg_tx_callback
                0x1fff955a       0x34 CMakeFiles/rpmsg_pingpong_freertos_example.dir/home/neuberfran/projects/freertos-tn/middleware/multicore/open-amp/rpmsg/rpmsg_core.c.obj
 .text.rpmsg_get_rx_buffer
                0x1fff958e       0x20 CMakeFiles/rpmsg_pingpong_freertos_example.dir/home/neuberfran/projects/freertos-tn/middleware/multicore/open-amp/rpmsg/rpmsg_core.c.obj
                0x1fff958e                rpmsg_get_rx_buffer
 .text.rpmsg_rx_callback
                0x1fff95ae       0xc2 CMakeFiles/rpmsg_pingpong_freertos_example.dir/home/neuberfran/projects/freertos-tn/middleware/multicore/open-amp/rpmsg/rpmsg_core.c.obj
 .text.rpmsg_free_buffer
                0x1fff9670       0x10 CMakeFiles/rpmsg_pingpong_freertos_example.dir/home/neuberfran/projects/freertos-tn/middleware/multicore/open-amp/rpmsg/rpmsg_core.c.obj
                0x1fff9670                rpmsg_free_buffer
 .text.rpmsg_get_address
                0x1fff9680       0x36 CMakeFiles/rpmsg_pingpong_freertos_example.dir/home/neuberfran/projects/freertos-tn/middleware/multicore/open-amp/rpmsg/rpmsg_core.c.obj
                0x1fff9680                rpmsg_get_address
 *fill*         0x1fff96b6        0x2 
 .text.rpmsg_release_address
                0x1fff96b8       0x3c CMakeFiles/rpmsg_pingpong_freertos_example.dir/home/neuberfran/projects/freertos-tn/middleware/multicore/open-amp/rpmsg/rpmsg_core.c.obj
                0x1fff96b8                rpmsg_release_address
 .text._destroy_endpoint
                0x1fff96f4       0x42 CMakeFiles/rpmsg_pingpong_freertos_example.dir/home/neuberfran/projects/freertos-tn/middleware/multicore/open-amp/rpmsg/rpmsg_core.c.obj
                0x1fff96f4                _destroy_endpoint
 *fill*         0x1fff9736        0x2 
 .text.rpmsg_is_address_set
                0x1fff9738       0x38 CMakeFiles/rpmsg_pingpong_freertos_example.dir/home/neuberfran/projects/freertos-tn/middleware/multicore/open-amp/rpmsg/rpmsg_core.c.obj
                0x1fff9738                rpmsg_is_address_set
 .text.rpmsg_set_address
                0x1fff9770       0x3c CMakeFiles/rpmsg_pingpong_freertos_example.dir/home/neuberfran/projects/freertos-tn/middleware/multicore/open-amp/rpmsg/rpmsg_core.c.obj
                0x1fff9770                rpmsg_set_address
 .text._create_endpoint
                0x1fff97ac       0x9c CMakeFiles/rpmsg_pingpong_freertos_example.dir/home/neuberfran/projects/freertos-tn/middleware/multicore/open-amp/rpmsg/rpmsg_core.c.obj
                0x1fff97ac                _create_endpoint
 .text.rpmsg_start_ipc
                0x1fff9848       0xac CMakeFiles/rpmsg_pingpong_freertos_example.dir/home/neuberfran/projects/freertos-tn/middleware/multicore/open-amp/rpmsg/rpmsg_core.c.obj
                0x1fff9848                rpmsg_start_ipc
 .text.vq_ring_update_avail
                0x1fff98f4       0x2c CMakeFiles/rpmsg_pingpong_freertos_example.dir/home/neuberfran/projects/freertos-tn/middleware/multicore/open-amp/virtio/virtqueue.c.obj
 .text.virtqueue_add_buffer
                0x1fff9920       0x8e CMakeFiles/rpmsg_pingpong_freertos_example.dir/home/neuberfran/projects/freertos-tn/middleware/multicore/open-amp/virtio/virtqueue.c.obj
                0x1fff9920                virtqueue_add_buffer
 .text.virtqueue_get_buffer
                0x1fff99ae       0x86 CMakeFiles/rpmsg_pingpong_freertos_example.dir/home/neuberfran/projects/freertos-tn/middleware/multicore/open-amp/virtio/virtqueue.c.obj
                0x1fff99ae                virtqueue_get_buffer
 .text.virtqueue_free
                0x1fff9a34       0x12 CMakeFiles/rpmsg_pingpong_freertos_example.dir/home/neuberfran/projects/freertos-tn/middleware/multicore/open-amp/virtio/virtqueue.c.obj
                0x1fff9a34                virtqueue_free
 .text.virtqueue_get_available_buffer
                0x1fff9a46       0x4a CMakeFiles/rpmsg_pingpong_freertos_example.dir/home/neuberfran/projects/freertos-tn/middleware/multicore/open-amp/virtio/virtqueue.c.obj
                0x1fff9a46                virtqueue_get_available_buffer
 .text.virtqueue_add_consumed_buffer
                0x1fff9a90       0x34 CMakeFiles/rpmsg_pingpong_freertos_example.dir/home/neuberfran/projects/freertos-tn/middleware/multicore/open-amp/virtio/virtqueue.c.obj
                0x1fff9a90                virtqueue_add_consumed_buffer
 .text.virtqueue_disable_cb
                0x1fff9ac4       0x2e CMakeFiles/rpmsg_pingpong_freertos_example.dir/home/neuberfran/projects/freertos-tn/middleware/multicore/open-amp/virtio/virtqueue.c.obj
                0x1fff9ac4                virtqueue_disable_cb
 *fill*         0x1fff9af2        0x2 
 .text.virtqueue_create
                0x1fff9af4       0xbc CMakeFiles/rpmsg_pingpong_freertos_example.dir/home/neuberfran/projects/freertos-tn/middleware/multicore/open-amp/virtio/virtqueue.c.obj
                0x1fff9af4                virtqueue_create
 .text.virtqueue_kick
                0x1fff9bb0       0x4e CMakeFiles/rpmsg_pingpong_freertos_example.dir/home/neuberfran/projects/freertos-tn/middleware/multicore/open-amp/virtio/virtqueue.c.obj
                0x1fff9bb0                virtqueue_kick
 .text.virtqueue_notification
                0x1fff9bfe        0x8 CMakeFiles/rpmsg_pingpong_freertos_example.dir/home/neuberfran/projects/freertos-tn/middleware/multicore/open-amp/virtio/virtqueue.c.obj
                0x1fff9bfe                virtqueue_notification
 *fill*         0x1fff9c06        0x2 
 .text.env_init
                0x1fff9c08       0x48 CMakeFiles/rpmsg_pingpong_freertos_example.dir/home/neuberfran/projects/freertos-tn/middleware/multicore/open-amp/porting/env/freertos/rpmsg_porting.c.obj
                0x1fff9c08                env_init
 .text.env_deinit
                0x1fff9c50       0x44 CMakeFiles/rpmsg_pingpong_freertos_example.dir/home/neuberfran/projects/freertos-tn/middleware/multicore/open-amp/porting/env/freertos/rpmsg_porting.c.obj
                0x1fff9c50                env_deinit
 .text.env_allocate_memory
                0x1fff9c94        0x4 CMakeFiles/rpmsg_pingpong_freertos_example.dir/home/neuberfran/projects/freertos-tn/middleware/multicore/open-amp/porting/env/freertos/rpmsg_porting.c.obj
                0x1fff9c94                env_allocate_memory
 .text.env_free_memory
                0x1fff9c98        0x4 CMakeFiles/rpmsg_pingpong_freertos_example.dir/home/neuberfran/projects/freertos-tn/middleware/multicore/open-amp/porting/env/freertos/rpmsg_porting.c.obj
                0x1fff9c98                env_free_memory
 .text.env_memset
                0x1fff9c9c        0x4 CMakeFiles/rpmsg_pingpong_freertos_example.dir/home/neuberfran/projects/freertos-tn/middleware/multicore/open-amp/porting/env/freertos/rpmsg_porting.c.obj
                0x1fff9c9c                env_memset
 .text.env_memcpy
                0x1fff9ca0        0x4 CMakeFiles/rpmsg_pingpong_freertos_example.dir/home/neuberfran/projects/freertos-tn/middleware/multicore/open-amp/porting/env/freertos/rpmsg_porting.c.obj
                0x1fff9ca0                env_memcpy
 .text.env_strncpy
                0x1fff9ca4        0x4 CMakeFiles/rpmsg_pingpong_freertos_example.dir/home/neuberfran/projects/freertos-tn/middleware/multicore/open-amp/porting/env/freertos/rpmsg_porting.c.obj
                0x1fff9ca4                env_strncpy
 .text.env_strncmp
                0x1fff9ca8        0x4 CMakeFiles/rpmsg_pingpong_freertos_example.dir/home/neuberfran/projects/freertos-tn/middleware/multicore/open-amp/porting/env/freertos/rpmsg_porting.c.obj
                0x1fff9ca8                env_strncmp
 .text.env_mb   0x1fff9cac        0x2 CMakeFiles/rpmsg_pingpong_freertos_example.dir/home/neuberfran/projects/freertos-tn/middleware/multicore/open-amp/porting/env/freertos/rpmsg_porting.c.obj
                0x1fff9cac                env_mb
 .text.env_rmb  0x1fff9cae        0x2 CMakeFiles/rpmsg_pingpong_freertos_example.dir/home/neuberfran/projects/freertos-tn/middleware/multicore/open-amp/porting/env/freertos/rpmsg_porting.c.obj
                0x1fff9cae                env_rmb
 .text.env_wmb  0x1fff9cb0        0x2 CMakeFiles/rpmsg_pingpong_freertos_example.dir/home/neuberfran/projects/freertos-tn/middleware/multicore/open-amp/porting/env/freertos/rpmsg_porting.c.obj
                0x1fff9cb0                env_wmb
 .text.env_map_vatopa
                0x1fff9cb2        0x4 CMakeFiles/rpmsg_pingpong_freertos_example.dir/home/neuberfran/projects/freertos-tn/middleware/multicore/open-amp/porting/env/freertos/rpmsg_porting.c.obj
                0x1fff9cb2                env_map_vatopa
 .text.env_map_patova
                0x1fff9cb6        0x4 CMakeFiles/rpmsg_pingpong_freertos_example.dir/home/neuberfran/projects/freertos-tn/middleware/multicore/open-amp/porting/env/freertos/rpmsg_porting.c.obj
                0x1fff9cb6                env_map_patova
 .text.env_create_mutex
                0x1fff9cba       0x16 CMakeFiles/rpmsg_pingpong_freertos_example.dir/home/neuberfran/projects/freertos-tn/middleware/multicore/open-amp/porting/env/freertos/rpmsg_porting.c.obj
                0x1fff9cba                env_create_mutex
 .text.env_delete_mutex
                0x1fff9cd0        0x4 CMakeFiles/rpmsg_pingpong_freertos_example.dir/home/neuberfran/projects/freertos-tn/middleware/multicore/open-amp/porting/env/freertos/rpmsg_porting.c.obj
                0x1fff9cd0                env_delete_mutex
 .text.env_lock_mutex
                0x1fff9cd4       0x22 CMakeFiles/rpmsg_pingpong_freertos_example.dir/home/neuberfran/projects/freertos-tn/middleware/multicore/open-amp/porting/env/freertos/rpmsg_porting.c.obj
                0x1fff9cd4                env_lock_mutex
 .text.env_unlock_mutex
                0x1fff9cf6       0x22 CMakeFiles/rpmsg_pingpong_freertos_example.dir/home/neuberfran/projects/freertos-tn/middleware/multicore/open-amp/porting/env/freertos/rpmsg_porting.c.obj
                0x1fff9cf6                env_unlock_mutex
 .text.env_create_sync_lock
                0x1fff9d18        0x4 CMakeFiles/rpmsg_pingpong_freertos_example.dir/home/neuberfran/projects/freertos-tn/middleware/multicore/open-amp/porting/env/freertos/rpmsg_porting.c.obj
                0x1fff9d18                env_create_sync_lock
 .text.env_delete_sync_lock
                0x1fff9d1c        0x8 CMakeFiles/rpmsg_pingpong_freertos_example.dir/home/neuberfran/projects/freertos-tn/middleware/multicore/open-amp/porting/env/freertos/rpmsg_porting.c.obj
                0x1fff9d1c                env_delete_sync_lock
 .text.env_acquire_sync_lock
                0x1fff9d24       0x3c CMakeFiles/rpmsg_pingpong_freertos_example.dir/home/neuberfran/projects/freertos-tn/middleware/multicore/open-amp/porting/env/freertos/rpmsg_porting.c.obj
                0x1fff9d24                env_acquire_sync_lock
 .text.env_release_sync_lock
                0x1fff9d60       0x3c CMakeFiles/rpmsg_pingpong_freertos_example.dir/home/neuberfran/projects/freertos-tn/middleware/multicore/open-amp/porting/env/freertos/rpmsg_porting.c.obj
                0x1fff9d60                env_release_sync_lock
 .text.env_sleep_msec
                0x1fff9d9c        0x4 CMakeFiles/rpmsg_pingpong_freertos_example.dir/home/neuberfran/projects/freertos-tn/middleware/multicore/open-amp/porting/env/freertos/rpmsg_porting.c.obj
                0x1fff9d9c                env_sleep_msec
 .text.env_register_isr
                0x1fff9da0       0x34 CMakeFiles/rpmsg_pingpong_freertos_example.dir/home/neuberfran/projects/freertos-tn/middleware/multicore/open-amp/porting/env/freertos/rpmsg_porting.c.obj
                0x1fff9da0                env_register_isr
 .text.env_enable_interrupt
                0x1fff9dd4       0x40 CMakeFiles/rpmsg_pingpong_freertos_example.dir/home/neuberfran/projects/freertos-tn/middleware/multicore/open-amp/porting/env/freertos/rpmsg_porting.c.obj
                0x1fff9dd4                env_enable_interrupt
 .text.env_map_memory
                0x1fff9e14       0x10 CMakeFiles/rpmsg_pingpong_freertos_example.dir/home/neuberfran/projects/freertos-tn/middleware/multicore/open-amp/porting/env/freertos/rpmsg_porting.c.obj
                0x1fff9e14                env_map_memory
 .text.env_isr  0x1fff9e24       0x5c CMakeFiles/rpmsg_pingpong_freertos_example.dir/home/neuberfran/projects/freertos-tn/middleware/multicore/open-amp/porting/env/freertos/rpmsg_porting.c.obj
                0x1fff9e24                env_isr
 .text.env_create_queue
                0x1fff9e80       0x1a CMakeFiles/rpmsg_pingpong_freertos_example.dir/home/neuberfran/projects/freertos-tn/middleware/multicore/open-amp/porting/env/freertos/rpmsg_porting.c.obj
                0x1fff9e80                env_create_queue
 *fill*         0x1fff9e9a        0x2 
 .text.env_put_queue
                0x1fff9e9c       0x48 CMakeFiles/rpmsg_pingpong_freertos_example.dir/home/neuberfran/projects/freertos-tn/middleware/multicore/open-amp/porting/env/freertos/rpmsg_porting.c.obj
                0x1fff9e9c                env_put_queue
 .text.env_get_queue
                0x1fff9ee4       0x44 CMakeFiles/rpmsg_pingpong_freertos_example.dir/home/neuberfran/projects/freertos-tn/middleware/multicore/open-amp/porting/env/freertos/rpmsg_porting.c.obj
                0x1fff9ee4                env_get_queue
 .text.vListInitialise
                0x1fff9f28       0x16 CMakeFiles/rpmsg_pingpong_freertos_example.dir/home/neuberfran/projects/freertos-tn/rtos/FreeRTOS/Source/list.c.obj
                0x1fff9f28                vListInitialise
 .text.vListInitialiseItem
                0x1fff9f3e        0x6 CMakeFiles/rpmsg_pingpong_freertos_example.dir/home/neuberfran/projects/freertos-tn/rtos/FreeRTOS/Source/list.c.obj
                0x1fff9f3e                vListInitialiseItem
 .text.vListInsertEnd
                0x1fff9f44       0x18 CMakeFiles/rpmsg_pingpong_freertos_example.dir/home/neuberfran/projects/freertos-tn/rtos/FreeRTOS/Source/list.c.obj
                0x1fff9f44                vListInsertEnd
 .text.vListInsert
                0x1fff9f5c       0x30 CMakeFiles/rpmsg_pingpong_freertos_example.dir/home/neuberfran/projects/freertos-tn/rtos/FreeRTOS/Source/list.c.obj
                0x1fff9f5c                vListInsert
 .text.uxListRemove
                0x1fff9f8c       0x24 CMakeFiles/rpmsg_pingpong_freertos_example.dir/home/neuberfran/projects/freertos-tn/rtos/FreeRTOS/Source/list.c.obj
                0x1fff9f8c                uxListRemove
 .text.prvCopyDataToQueue
                0x1fff9fb0       0x58 CMakeFiles/rpmsg_pingpong_freertos_example.dir/home/neuberfran/projects/freertos-tn/rtos/FreeRTOS/Source/queue.c.obj
 .text.prvCopyDataFromQueue
                0x1fffa008       0x26 CMakeFiles/rpmsg_pingpong_freertos_example.dir/home/neuberfran/projects/freertos-tn/rtos/FreeRTOS/Source/queue.c.obj
 .text.prvUnlockQueue
                0x1fffa02e       0x64 CMakeFiles/rpmsg_pingpong_freertos_example.dir/home/neuberfran/projects/freertos-tn/rtos/FreeRTOS/Source/queue.c.obj
 .text.xQueueGenericReset
                0x1fffa092       0x62 CMakeFiles/rpmsg_pingpong_freertos_example.dir/home/neuberfran/projects/freertos-tn/rtos/FreeRTOS/Source/queue.c.obj
                0x1fffa092                xQueueGenericReset
 .text.xQueueGenericCreate
                0x1fffa0f4       0x3c CMakeFiles/rpmsg_pingpong_freertos_example.dir/home/neuberfran/projects/freertos-tn/rtos/FreeRTOS/Source/queue.c.obj
                0x1fffa0f4                xQueueGenericCreate
 .text.xQueueCreateCountingSemaphore
                0x1fffa130       0x2a CMakeFiles/rpmsg_pingpong_freertos_example.dir/home/neuberfran/projects/freertos-tn/rtos/FreeRTOS/Source/queue.c.obj
                0x1fffa130                xQueueCreateCountingSemaphore
 .text.xQueueGenericSend
                0x1fffa15a       0xf8 CMakeFiles/rpmsg_pingpong_freertos_example.dir/home/neuberfran/projects/freertos-tn/rtos/FreeRTOS/Source/queue.c.obj
                0x1fffa15a                xQueueGenericSend
 .text.xQueueGenericSendFromISR
                0x1fffa252       0x8a CMakeFiles/rpmsg_pingpong_freertos_example.dir/home/neuberfran/projects/freertos-tn/rtos/FreeRTOS/Source/queue.c.obj
                0x1fffa252                xQueueGenericSendFromISR
 .text.xQueueGenericReceive
                0x1fffa2dc      0x108 CMakeFiles/rpmsg_pingpong_freertos_example.dir/home/neuberfran/projects/freertos-tn/rtos/FreeRTOS/Source/queue.c.obj
                0x1fffa2dc                xQueueGenericReceive
 .text.xQueueReceiveFromISR
                0x1fffa3e4       0x6a CMakeFiles/rpmsg_pingpong_freertos_example.dir/home/neuberfran/projects/freertos-tn/rtos/FreeRTOS/Source/queue.c.obj
                0x1fffa3e4                xQueueReceiveFromISR
 *fill*         0x1fffa44e        0x2 
 .text.vQueueUnregisterQueue
                0x1fffa450       0x24 CMakeFiles/rpmsg_pingpong_freertos_example.dir/home/neuberfran/projects/freertos-tn/rtos/FreeRTOS/Source/queue.c.obj
                0x1fffa450                vQueueUnregisterQueue
 .text.vQueueDelete
                0x1fffa474       0x22 CMakeFiles/rpmsg_pingpong_freertos_example.dir/home/neuberfran/projects/freertos-tn/rtos/FreeRTOS/Source/queue.c.obj
                0x1fffa474                vQueueDelete
 .text.prvIdleTask
                0x1fffa496        0x2 CMakeFiles/rpmsg_pingpong_freertos_example.dir/home/neuberfran/projects/freertos-tn/rtos/FreeRTOS/Source/tasks.c.obj
 .text.prvResetNextTaskUnblockTime
                0x1fffa498       0x24 CMakeFiles/rpmsg_pingpong_freertos_example.dir/home/neuberfran/projects/freertos-tn/rtos/FreeRTOS/Source/tasks.c.obj
 .text.prvAddCurrentTaskToDelayedList
                0x1fffa4bc       0x50 CMakeFiles/rpmsg_pingpong_freertos_example.dir/home/neuberfran/projects/freertos-tn/rtos/FreeRTOS/Source/tasks.c.obj
 .text.xTaskGenericCreate
                0x1fffa50c      0x190 CMakeFiles/rpmsg_pingpong_freertos_example.dir/home/neuberfran/projects/freertos-tn/rtos/FreeRTOS/Source/tasks.c.obj
                0x1fffa50c                xTaskGenericCreate
 .text.vTaskStartScheduler
                0x1fffa69c       0x54 CMakeFiles/rpmsg_pingpong_freertos_example.dir/home/neuberfran/projects/freertos-tn/rtos/FreeRTOS/Source/tasks.c.obj
                0x1fffa69c                vTaskStartScheduler
 .text.vTaskSuspendAll
                0x1fffa6f0       0x10 CMakeFiles/rpmsg_pingpong_freertos_example.dir/home/neuberfran/projects/freertos-tn/rtos/FreeRTOS/Source/tasks.c.obj
                0x1fffa6f0                vTaskSuspendAll
 .text.xTaskIncrementTick
                0x1fffa700      0x108 CMakeFiles/rpmsg_pingpong_freertos_example.dir/home/neuberfran/projects/freertos-tn/rtos/FreeRTOS/Source/tasks.c.obj
                0x1fffa700                xTaskIncrementTick
 .text.xTaskResumeAll
                0x1fffa808       0xc8 CMakeFiles/rpmsg_pingpong_freertos_example.dir/home/neuberfran/projects/freertos-tn/rtos/FreeRTOS/Source/tasks.c.obj
                0x1fffa808                xTaskResumeAll
 .text.vTaskDelay
                0x1fffa8d0       0x4c CMakeFiles/rpmsg_pingpong_freertos_example.dir/home/neuberfran/projects/freertos-tn/rtos/FreeRTOS/Source/tasks.c.obj
                0x1fffa8d0                vTaskDelay
 .text.vTaskSwitchContext
                0x1fffa91c       0x6c CMakeFiles/rpmsg_pingpong_freertos_example.dir/home/neuberfran/projects/freertos-tn/rtos/FreeRTOS/Source/tasks.c.obj
                0x1fffa91c                vTaskSwitchContext
 .text.vTaskPlaceOnEventList
                0x1fffa988       0x4c CMakeFiles/rpmsg_pingpong_freertos_example.dir/home/neuberfran/projects/freertos-tn/rtos/FreeRTOS/Source/tasks.c.obj
                0x1fffa988                vTaskPlaceOnEventList
 .text.xTaskRemoveFromEventList
                0x1fffa9d4       0x74 CMakeFiles/rpmsg_pingpong_freertos_example.dir/home/neuberfran/projects/freertos-tn/rtos/FreeRTOS/Source/tasks.c.obj
                0x1fffa9d4                xTaskRemoveFromEventList
 .text.vTaskSetTimeOutState
                0x1fffaa48       0x20 CMakeFiles/rpmsg_pingpong_freertos_example.dir/home/neuberfran/projects/freertos-tn/rtos/FreeRTOS/Source/tasks.c.obj
                0x1fffaa48                vTaskSetTimeOutState
 .text.xTaskCheckForTimeOut
                0x1fffaa68       0x5c CMakeFiles/rpmsg_pingpong_freertos_example.dir/home/neuberfran/projects/freertos-tn/rtos/FreeRTOS/Source/tasks.c.obj
                0x1fffaa68                xTaskCheckForTimeOut
 .text.vTaskMissedYield
                0x1fffaac4        0xc CMakeFiles/rpmsg_pingpong_freertos_example.dir/home/neuberfran/projects/freertos-tn/rtos/FreeRTOS/Source/tasks.c.obj
                0x1fffaac4                vTaskMissedYield
 .text.CCM_ANALOG_GetSysPllFreq
                0x1fffaad0       0x30 CMakeFiles/rpmsg_pingpong_freertos_example.dir/home/neuberfran/projects/freertos-tn/platform/drivers/src/ccm_analog_imx7d.c.obj
                0x1fffaad0                CCM_ANALOG_GetSysPllFreq
 .text.CCM_GetRootDivider
                0x1fffab00       0x30 CMakeFiles/rpmsg_pingpong_freertos_example.dir/home/neuberfran/projects/freertos-tn/platform/drivers/src/ccm_imx7d.c.obj
                0x1fffab00                CCM_GetRootDivider
 .text.CCM_UpdateRoot
                0x1fffab30       0x54 CMakeFiles/rpmsg_pingpong_freertos_example.dir/home/neuberfran/projects/freertos-tn/platform/drivers/src/ccm_imx7d.c.obj
                0x1fffab30                CCM_UpdateRoot
 .text.debug_putc
                0x1fffab84       0x28 CMakeFiles/rpmsg_pingpong_freertos_example.dir/home/neuberfran/projects/freertos-tn/platform/utilities/src/debug_console_imx.c.obj
 .text.UART_ReceiveDataPolling
                0x1fffabac       0x24 CMakeFiles/rpmsg_pingpong_freertos_example.dir/home/neuberfran/projects/freertos-tn/platform/utilities/src/debug_console_imx.c.obj
 .text.UART_SendDataPolling
                0x1fffabd0       0x38 CMakeFiles/rpmsg_pingpong_freertos_example.dir/home/neuberfran/projects/freertos-tn/platform/utilities/src/debug_console_imx.c.obj
 .text.DbgConsole_Init
                0x1fffac08       0x54 CMakeFiles/rpmsg_pingpong_freertos_example.dir/home/neuberfran/projects/freertos-tn/platform/utilities/src/debug_console_imx.c.obj
                0x1fffac08                DbgConsole_Init
 .text._write   0x1fffac5c       0x28 CMakeFiles/rpmsg_pingpong_freertos_example.dir/home/neuberfran/projects/freertos-tn/platform/utilities/src/debug_console_imx.c.obj
                0x1fffac5c                _write
 .text._read    0x1fffac84       0x20 CMakeFiles/rpmsg_pingpong_freertos_example.dir/home/neuberfran/projects/freertos-tn/platform/utilities/src/debug_console_imx.c.obj
                0x1fffac84                _read
 .text.debug_printf
                0x1fffaca4       0x38 CMakeFiles/rpmsg_pingpong_freertos_example.dir/home/neuberfran/projects/freertos-tn/platform/utilities/src/debug_console_imx.c.obj
                0x1fffaca4                debug_printf
 .text.mknumstr
                0x1fffacdc       0x6e CMakeFiles/rpmsg_pingpong_freertos_example.dir/home/neuberfran/projects/freertos-tn/platform/utilities/src/print_scan.c.obj
 .text.fput_pad.isra.0
                0x1fffad4a       0x28 CMakeFiles/rpmsg_pingpong_freertos_example.dir/home/neuberfran/projects/freertos-tn/platform/utilities/src/print_scan.c.obj
 *fill*         0x1fffad72        0x2 
 .text._doprint
                0x1fffad74      0x3d4 CMakeFiles/rpmsg_pingpong_freertos_example.dir/home/neuberfran/projects/freertos-tn/platform/utilities/src/print_scan.c.obj
                0x1fffad74                _doprint
 .text.SystemInit
                0x1fffb148       0xdc CMakeFiles/rpmsg_pingpong_freertos_example.dir/home/neuberfran/projects/freertos-tn/platform/devices/MCIMX7D/startup/system_MCIMX7D_M4.c.obj
                0x1fffb148                SystemInit
 .text.configure_uart_pins
                0x1fffb224       0x78 CMakeFiles/rpmsg_pingpong_freertos_example.dir/home/neuberfran/projects/freertos-tn/examples/imx7d_pico_m4/pin_mux.c.obj
                0x1fffb224                configure_uart_pins
 .text.BOARD_ClockInit
                0x1fffb29c       0x78 CMakeFiles/rpmsg_pingpong_freertos_example.dir/home/neuberfran/projects/freertos-tn/examples/imx7d_pico_m4/board.c.obj
                0x1fffb29c                BOARD_ClockInit
 .text.dbg_uart_init
                0x1fffb314       0x60 CMakeFiles/rpmsg_pingpong_freertos_example.dir/home/neuberfran/projects/freertos-tn/examples/imx7d_pico_m4/board.c.obj
                0x1fffb314                dbg_uart_init
 .text.BOARD_RdcInit
                0x1fffb374       0x10 CMakeFiles/rpmsg_pingpong_freertos_example.dir/home/neuberfran/projects/freertos-tn/examples/imx7d_pico_m4/board.c.obj
                0x1fffb374                BOARD_RdcInit
 .text.get_uart_clock_freq
                0x1fffb384       0x84 CMakeFiles/rpmsg_pingpong_freertos_example.dir/home/neuberfran/projects/freertos-tn/examples/imx7d_pico_m4/clock_freq.c.obj
                0x1fffb384                get_uart_clock_freq
 .text.hardware_init
                0x1fffb408       0x2c CMakeFiles/rpmsg_pingpong_freertos_example.dir/home/neuberfran/projects/freertos-tn/examples/imx7d_pico_m4/demo_apps/rpmsg/pingpong_freertos/hardware_init.c.obj
                0x1fffb408                hardware_init
 .text.UART_Deinit
                0x1fffb434       0x5e CMakeFiles/rpmsg_pingpong_freertos_example.dir/home/neuberfran/projects/freertos-tn/platform/drivers/src/uart_imx.c.obj
                0x1fffb434                UART_Deinit
 *fill*         0x1fffb492        0x2 
 .text.UART_SetBaudRate
                0x1fffb494       0xc8 CMakeFiles/rpmsg_pingpong_freertos_example.dir/home/neuberfran/projects/freertos-tn/platform/drivers/src/uart_imx.c.obj
                0x1fffb494                UART_SetBaudRate
 .text.UART_Init
                0x1fffb55c       0x68 CMakeFiles/rpmsg_pingpong_freertos_example.dir/home/neuberfran/projects/freertos-tn/platform/drivers/src/uart_imx.c.obj
                0x1fffb55c                UART_Init
 .text.UART_GetStatusFlag
                0x1fffb5c4        0xe CMakeFiles/rpmsg_pingpong_freertos_example.dir/home/neuberfran/projects/freertos-tn/platform/drivers/src/uart_imx.c.obj
                0x1fffb5c4                UART_GetStatusFlag
 *fill*         0x1fffb5d2        0x2 
 .text.MU_SendMsg
                0x1fffb5d4       0x30 CMakeFiles/rpmsg_pingpong_freertos_example.dir/home/neuberfran/projects/freertos-tn/platform/drivers/src/mu_imx.c.obj
                0x1fffb5d4                MU_SendMsg
 .text.MU_TryReceiveMsg
                0x1fffb604       0x3c CMakeFiles/rpmsg_pingpong_freertos_example.dir/home/neuberfran/projects/freertos-tn/platform/drivers/src/mu_imx.c.obj
                0x1fffb604                MU_TryReceiveMsg
 .text.__assert_func
                0x1fffb640       0x38 /home/neuberfran/gcc-arm-none-eabi-4_9-2015q3/bin/../lib/gcc/arm-none-eabi/4.9.3/../../../../arm-none-eabi/lib/armv7e-m/fpu/libc_nano.a(lib_a-assert.o)
                0x1fffb640                __assert_func
 .text.exit     0x1fffb678       0x28 /home/neuberfran/gcc-arm-none-eabi-4_9-2015q3/bin/../lib/gcc/arm-none-eabi/4.9.3/../../../../arm-none-eabi/lib/armv7e-m/fpu/libc_nano.a(lib_a-exit.o)
                0x1fffb678                exit
 .text.fprintf  0x1fffb6a0       0x24 /home/neuberfran/gcc-arm-none-eabi-4_9-2015q3/bin/../lib/gcc/arm-none-eabi/4.9.3/../../../../arm-none-eabi/lib/armv7e-m/fpu/libc_nano.a(lib_a-fprintf.o)
                0x1fffb6a0                fprintf
                0x1fffb6a0                fiprintf
 .text.__libc_init_array
                0x1fffb6c4       0x4c /home/neuberfran/gcc-arm-none-eabi-4_9-2015q3/bin/../lib/gcc/arm-none-eabi/4.9.3/../../../../arm-none-eabi/lib/armv7e-m/fpu/libc_nano.a(lib_a-init.o)
                0x1fffb6c4                __libc_init_array
 .text.memcpy   0x1fffb710       0x16 /home/neuberfran/gcc-arm-none-eabi-4_9-2015q3/bin/../lib/gcc/arm-none-eabi/4.9.3/../../../../arm-none-eabi/lib/armv7e-m/fpu/libc_nano.a(lib_a-memcpy.o)
                0x1fffb710                memcpy
 .text.memset   0x1fffb726       0x10 /home/neuberfran/gcc-arm-none-eabi-4_9-2015q3/bin/../lib/gcc/arm-none-eabi/4.9.3/../../../../arm-none-eabi/lib/armv7e-m/fpu/libc_nano.a(lib_a-memset.o)
                0x1fffb726                memset
 .text.__sfputc_r
                0x1fffb736       0x2c /home/neuberfran/gcc-arm-none-eabi-4_9-2015q3/bin/../lib/gcc/arm-none-eabi/4.9.3/../../../../arm-none-eabi/lib/armv7e-m/fpu/libc_nano.a(lib_a-nano-vfprintf.o)
 .text.__sfputs_r
                0x1fffb762       0x24 /home/neuberfran/gcc-arm-none-eabi-4_9-2015q3/bin/../lib/gcc/arm-none-eabi/4.9.3/../../../../arm-none-eabi/lib/armv7e-m/fpu/libc_nano.a(lib_a-nano-vfprintf.o)
                0x1fffb762                __sfputs_r
 *fill*         0x1fffb786        0x2 
 .text._vfprintf_r
                0x1fffb788      0x210 /home/neuberfran/gcc-arm-none-eabi-4_9-2015q3/bin/../lib/gcc/arm-none-eabi/4.9.3/../../../../arm-none-eabi/lib/armv7e-m/fpu/libc_nano.a(lib_a-nano-vfprintf.o)
                0x1fffb788                _vfiprintf_r
                0x1fffb788                _vfprintf_r
 .text._printf_common
                0x1fffb998       0xea /home/neuberfran/gcc-arm-none-eabi-4_9-2015q3/bin/../lib/gcc/arm-none-eabi/4.9.3/../../../../arm-none-eabi/lib/armv7e-m/fpu/libc_nano.a(lib_a-nano-vfprintf_i.o)
                0x1fffb998                _printf_common
 *fill*         0x1fffba82        0x2 
 .text._printf_i
                0x1fffba84      0x240 /home/neuberfran/gcc-arm-none-eabi-4_9-2015q3/bin/../lib/gcc/arm-none-eabi/4.9.3/../../../../arm-none-eabi/lib/armv7e-m/fpu/libc_nano.a(lib_a-nano-vfprintf_i.o)
                0x1fffba84                _printf_i
 .text.strlen   0x1fffbcc4       0x10 /home/neuberfran/gcc-arm-none-eabi-4_9-2015q3/bin/../lib/gcc/arm-none-eabi/4.9.3/../../../../arm-none-eabi/lib/armv7e-m/fpu/libc_nano.a(lib_a-strlen.o)
                0x1fffbcc4                strlen
 .text.strncmp  0x1fffbcd4       0x34 /home/neuberfran/gcc-arm-none-eabi-4_9-2015q3/bin/../lib/gcc/arm-none-eabi/4.9.3/../../../../arm-none-eabi/lib/armv7e-m/fpu/libc_nano.a(lib_a-strncmp.o)
                0x1fffbcd4                strncmp
 .text.strncpy  0x1fffbd08       0x24 /home/neuberfran/gcc-arm-none-eabi-4_9-2015q3/bin/../lib/gcc/arm-none-eabi/4.9.3/../../../../arm-none-eabi/lib/armv7e-m/fpu/libc_nano.a(lib_a-strncpy.o)
                0x1fffbd08                strncpy
 .text.__swbuf_r
                0x1fffbd2c       0xa8 /home/neuberfran/gcc-arm-none-eabi-4_9-2015q3/bin/../lib/gcc/arm-none-eabi/4.9.3/../../../../arm-none-eabi/lib/armv7e-m/fpu/libc_nano.a(lib_a-wbuf.o)
                0x1fffbd2c                __swbuf_r
 .text.__swsetup_r
                0x1fffbdd4       0xd8 /home/neuberfran/gcc-arm-none-eabi-4_9-2015q3/bin/../lib/gcc/arm-none-eabi/4.9.3/../../../../arm-none-eabi/lib/armv7e-m/fpu/libc_nano.a(lib_a-wsetup.o)
                0x1fffbdd4                __swsetup_r
 .text.abort    0x1fffbeac        0xe /home/neuberfran/gcc-arm-none-eabi-4_9-2015q3/bin/../lib/gcc/arm-none-eabi/4.9.3/../../../../arm-none-eabi/lib/armv7e-m/fpu/libc_nano.a(lib_a-abort.o)
                0x1fffbeac                abort
 .text.__sflush_r
                0x1fffbeba      0x108 /home/neuberfran/gcc-arm-none-eabi-4_9-2015q3/bin/../lib/gcc/arm-none-eabi/4.9.3/../../../../arm-none-eabi/lib/armv7e-m/fpu/libc_nano.a(lib_a-fflush.o)
                0x1fffbeba                __sflush_r
 *fill*         0x1fffbfc2        0x2 
 .text._fflush_r
                0x1fffbfc4       0x54 /home/neuberfran/gcc-arm-none-eabi-4_9-2015q3/bin/../lib/gcc/arm-none-eabi/4.9.3/../../../../arm-none-eabi/lib/armv7e-m/fpu/libc_nano.a(lib_a-fflush.o)
                0x1fffbfc4                _fflush_r
 .text._cleanup_r
                0x1fffc018        0xc /home/neuberfran/gcc-arm-none-eabi-4_9-2015q3/bin/../lib/gcc/arm-none-eabi/4.9.3/../../../../arm-none-eabi/lib/armv7e-m/fpu/libc_nano.a(lib_a-findfp.o)
                0x1fffc018                _cleanup_r
 .text.std.isra.0
                0x1fffc024       0x48 /home/neuberfran/gcc-arm-none-eabi-4_9-2015q3/bin/../lib/gcc/arm-none-eabi/4.9.3/../../../../arm-none-eabi/lib/armv7e-m/fpu/libc_nano.a(lib_a-findfp.o)
 .text.__sfmoreglue
                0x1fffc06c       0x2c /home/neuberfran/gcc-arm-none-eabi-4_9-2015q3/bin/../lib/gcc/arm-none-eabi/4.9.3/../../../../arm-none-eabi/lib/armv7e-m/fpu/libc_nano.a(lib_a-findfp.o)
                0x1fffc06c                __sfmoreglue
 .text.__sinit  0x1fffc098       0x60 /home/neuberfran/gcc-arm-none-eabi-4_9-2015q3/bin/../lib/gcc/arm-none-eabi/4.9.3/../../../../arm-none-eabi/lib/armv7e-m/fpu/libc_nano.a(lib_a-findfp.o)
                0x1fffc098                __sinit
 .text.__sfp    0x1fffc0f8       0x74 /home/neuberfran/gcc-arm-none-eabi-4_9-2015q3/bin/../lib/gcc/arm-none-eabi/4.9.3/../../../../arm-none-eabi/lib/armv7e-m/fpu/libc_nano.a(lib_a-findfp.o)
                0x1fffc0f8                __sfp
 .text._fwalk_reent
                0x1fffc16c       0x3c /home/neuberfran/gcc-arm-none-eabi-4_9-2015q3/bin/../lib/gcc/arm-none-eabi/4.9.3/../../../../arm-none-eabi/lib/armv7e-m/fpu/libc_nano.a(lib_a-fwalk.o)
                0x1fffc16c                _fwalk_reent
 .text.__smakebuf_r
                0x1fffc1a8       0x9c /home/neuberfran/gcc-arm-none-eabi-4_9-2015q3/bin/../lib/gcc/arm-none-eabi/4.9.3/../../../../arm-none-eabi/lib/armv7e-m/fpu/libc_nano.a(lib_a-makebuf.o)
                0x1fffc1a8                __smakebuf_r
 .text.memchr   0x1fffc244       0x1e /home/neuberfran/gcc-arm-none-eabi-4_9-2015q3/bin/../lib/gcc/arm-none-eabi/4.9.3/../../../../arm-none-eabi/lib/armv7e-m/fpu/libc_nano.a(lib_a-memchr.o)
                0x1fffc244                memchr
 *fill*         0x1fffc262        0x2 
 .text._free_r  0x1fffc264       0x88 /home/neuberfran/gcc-arm-none-eabi-4_9-2015q3/bin/../lib/gcc/arm-none-eabi/4.9.3/../../../../arm-none-eabi/lib/armv7e-m/fpu/libc_nano.a(lib_a-nano-freer.o)
                0x1fffc264                _free_r
 .text._malloc_r
                0x1fffc2ec       0xac /home/neuberfran/gcc-arm-none-eabi-4_9-2015q3/bin/../lib/gcc/arm-none-eabi/4.9.3/../../../../arm-none-eabi/lib/armv7e-m/fpu/libc_nano.a(lib_a-nano-mallocr.o)
                0x1fffc2ec                _malloc_r
 .text._sbrk_r  0x1fffc398       0x20 /home/neuberfran/gcc-arm-none-eabi-4_9-2015q3/bin/../lib/gcc/arm-none-eabi/4.9.3/../../../../arm-none-eabi/lib/armv7e-m/fpu/libc_nano.a(lib_a-sbrkr.o)
                0x1fffc398                _sbrk_r
 .text._raise_r
                0x1fffc3b8       0x50 /home/neuberfran/gcc-arm-none-eabi-4_9-2015q3/bin/../lib/gcc/arm-none-eabi/4.9.3/../../../../arm-none-eabi/lib/armv7e-m/fpu/libc_nano.a(lib_a-signal.o)
                0x1fffc3b8                _raise_r
 .text.raise    0x1fffc408       0x10 /home/neuberfran/gcc-arm-none-eabi-4_9-2015q3/bin/../lib/gcc/arm-none-eabi/4.9.3/../../../../arm-none-eabi/lib/armv7e-m/fpu/libc_nano.a(lib_a-signal.o)
                0x1fffc408                raise
 .text._kill_r  0x1fffc418       0x24 /home/neuberfran/gcc-arm-none-eabi-4_9-2015q3/bin/../lib/gcc/arm-none-eabi/4.9.3/../../../../arm-none-eabi/lib/armv7e-m/fpu/libc_nano.a(lib_a-signalr.o)
                0x1fffc418                _kill_r
 .text._getpid_r
                0x1fffc43c        0x4 /home/neuberfran/gcc-arm-none-eabi-4_9-2015q3/bin/../lib/gcc/arm-none-eabi/4.9.3/../../../../arm-none-eabi/lib/armv7e-m/fpu/libc_nano.a(lib_a-signalr.o)
                0x1fffc43c                _getpid_r
 .text.__sread  0x1fffc440       0x22 /home/neuberfran/gcc-arm-none-eabi-4_9-2015q3/bin/../lib/gcc/arm-none-eabi/4.9.3/../../../../arm-none-eabi/lib/armv7e-m/fpu/libc_nano.a(lib_a-stdio.o)
                0x1fffc440                __sread
 .text.__swrite
                0x1fffc462       0x38 /home/neuberfran/gcc-arm-none-eabi-4_9-2015q3/bin/../lib/gcc/arm-none-eabi/4.9.3/../../../../arm-none-eabi/lib/armv7e-m/fpu/libc_nano.a(lib_a-stdio.o)
                0x1fffc462                __swrite
 .text.__sseek  0x1fffc49a       0x24 /home/neuberfran/gcc-arm-none-eabi-4_9-2015q3/bin/../lib/gcc/arm-none-eabi/4.9.3/../../../../arm-none-eabi/lib/armv7e-m/fpu/libc_nano.a(lib_a-stdio.o)
                0x1fffc49a                __sseek
 .text.__sclose
                0x1fffc4be        0x8 /home/neuberfran/gcc-arm-none-eabi-4_9-2015q3/bin/../lib/gcc/arm-none-eabi/4.9.3/../../../../arm-none-eabi/lib/armv7e-m/fpu/libc_nano.a(lib_a-stdio.o)
                0x1fffc4be                __sclose
 *fill*         0x1fffc4c6        0x2 
 .text._write_r
                0x1fffc4c8       0x24 /home/neuberfran/gcc-arm-none-eabi-4_9-2015q3/bin/../lib/gcc/arm-none-eabi/4.9.3/../../../../arm-none-eabi/lib/armv7e-m/fpu/libc_nano.a(lib_a-writer.o)
                0x1fffc4c8                _write_r
 .text._close_r
                0x1fffc4ec       0x20 /home/neuberfran/gcc-arm-none-eabi-4_9-2015q3/bin/../lib/gcc/arm-none-eabi/4.9.3/../../../../arm-none-eabi/lib/armv7e-m/fpu/libc_nano.a(lib_a-closer.o)
                0x1fffc4ec                _close_r
 .text._fstat_r
                0x1fffc50c       0x24 /home/neuberfran/gcc-arm-none-eabi-4_9-2015q3/bin/../lib/gcc/arm-none-eabi/4.9.3/../../../../arm-none-eabi/lib/armv7e-m/fpu/libc_nano.a(lib_a-fstatr.o)
                0x1fffc50c                _fstat_r
 .text._isatty_r
                0x1fffc530       0x20 /home/neuberfran/gcc-arm-none-eabi-4_9-2015q3/bin/../lib/gcc/arm-none-eabi/4.9.3/../../../../arm-none-eabi/lib/armv7e-m/fpu/libc_nano.a(lib_a-isattyr.o)
                0x1fffc530                _isatty_r
 .text._lseek_r
                0x1fffc550       0x24 /home/neuberfran/gcc-arm-none-eabi-4_9-2015q3/bin/../lib/gcc/arm-none-eabi/4.9.3/../../../../arm-none-eabi/lib/armv7e-m/fpu/libc_nano.a(lib_a-lseekr.o)
                0x1fffc550                _lseek_r
 .text._read_r  0x1fffc574       0x24 /home/neuberfran/gcc-arm-none-eabi-4_9-2015q3/bin/../lib/gcc/arm-none-eabi/4.9.3/../../../../arm-none-eabi/lib/armv7e-m/fpu/libc_nano.a(lib_a-readr.o)
                0x1fffc574                _read_r
 .text._close   0x1fffc598       0x10 /home/neuberfran/gcc-arm-none-eabi-4_9-2015q3/bin/../lib/gcc/arm-none-eabi/4.9.3/../../../../arm-none-eabi/lib/armv7e-m/fpu/libnosys.a(close.o)
                0x1fffc598                _close
 .text._fstat   0x1fffc5a8       0x10 /home/neuberfran/gcc-arm-none-eabi-4_9-2015q3/bin/../lib/gcc/arm-none-eabi/4.9.3/../../../../arm-none-eabi/lib/armv7e-m/fpu/libnosys.a(fstat.o)
                0x1fffc5a8                _fstat
 .text._getpid  0x1fffc5b8       0x10 /home/neuberfran/gcc-arm-none-eabi-4_9-2015q3/bin/../lib/gcc/arm-none-eabi/4.9.3/../../../../arm-none-eabi/lib/armv7e-m/fpu/libnosys.a(getpid.o)
                0x1fffc5b8                _getpid
 .text._isatty  0x1fffc5c8       0x10 /home/neuberfran/gcc-arm-none-eabi-4_9-2015q3/bin/../lib/gcc/arm-none-eabi/4.9.3/../../../../arm-none-eabi/lib/armv7e-m/fpu/libnosys.a(isatty.o)
                0x1fffc5c8                _isatty
 .text._kill    0x1fffc5d8       0x10 /home/neuberfran/gcc-arm-none-eabi-4_9-2015q3/bin/../lib/gcc/arm-none-eabi/4.9.3/../../../../arm-none-eabi/lib/armv7e-m/fpu/libnosys.a(kill.o)
                0x1fffc5d8                _kill
 .text._lseek   0x1fffc5e8       0x10 /home/neuberfran/gcc-arm-none-eabi-4_9-2015q3/bin/../lib/gcc/arm-none-eabi/4.9.3/../../../../arm-none-eabi/lib/armv7e-m/fpu/libnosys.a(lseek.o)
                0x1fffc5e8                _lseek
 .text._sbrk    0x1fffc5f8       0x1c /home/neuberfran/gcc-arm-none-eabi-4_9-2015q3/bin/../lib/gcc/arm-none-eabi/4.9.3/../../../../arm-none-eabi/lib/armv7e-m/fpu/libnosys.a(sbrk.o)
                0x1fffc5f8                _sbrk
 .text._exit    0x1fffc614        0x4 /home/neuberfran/gcc-arm-none-eabi-4_9-2015q3/bin/../lib/gcc/arm-none-eabi/4.9.3/../../../../arm-none-eabi/lib/armv7e-m/fpu/libnosys.a(_exit.o)
                0x1fffc614                _exit
 *(.rodata)
 *(.rodata*)
 .rodata.__func__.10441
                0x1fffc618        0xd CMakeFiles/rpmsg_pingpong_freertos_example.dir/home/neuberfran/projects/freertos-tn/examples/imx7d_pico_m4/demo_apps/rpmsg/pingpong_freertos/pingpong_freertos.c.obj
 .rodata.str1.1
                0x1fffc625      0x13f CMakeFiles/rpmsg_pingpong_freertos_example.dir/home/neuberfran/projects/freertos-tn/examples/imx7d_pico_m4/demo_apps/rpmsg/pingpong_freertos/pingpong_freertos.c.obj
 .rodata.__func__.5960
                0x1fffc764       0x1b CMakeFiles/rpmsg_pingpong_freertos_example.dir/home/neuberfran/projects/freertos-tn/middleware/multicore/open-amp/rpmsg/rpmsg_rtos.c.obj
 .rodata.str1.1
                0x1fffc77f       0x96 CMakeFiles/rpmsg_pingpong_freertos_example.dir/home/neuberfran/projects/freertos-tn/middleware/multicore/open-amp/rpmsg/rpmsg_rtos.c.obj
 .rodata.__func__.5964
                0x1fffc815       0x1b CMakeFiles/rpmsg_pingpong_freertos_example.dir/home/neuberfran/projects/freertos-tn/middleware/multicore/open-amp/rpmsg/rpmsg_rtos.c.obj
 .rodata.__func__.5973
                0x1fffc830       0x13 CMakeFiles/rpmsg_pingpong_freertos_example.dir/home/neuberfran/projects/freertos-tn/middleware/multicore/open-amp/rpmsg/rpmsg_rtos.c.obj
 .rodata.__func__.9329
                0x1fffc843       0x1a CMakeFiles/rpmsg_pingpong_freertos_example.dir/home/neuberfran/projects/freertos-tn/middleware/multicore/open-amp/porting/imx7d_m4/platform.c.obj
 .rodata.str1.1
                0x1fffc85d       0xf8 CMakeFiles/rpmsg_pingpong_freertos_example.dir/home/neuberfran/projects/freertos-tn/middleware/multicore/open-amp/porting/imx7d_m4/platform.c.obj
                                 0xfa (size before relaxing)
 .rodata.__func__.9337
                0x1fffc955       0x1b CMakeFiles/rpmsg_pingpong_freertos_example.dir/home/neuberfran/projects/freertos-tn/middleware/multicore/open-amp/porting/imx7d_m4/platform.c.obj
 .rodata.__func__.9350
                0x1fffc970       0x1f CMakeFiles/rpmsg_pingpong_freertos_example.dir/home/neuberfran/projects/freertos-tn/middleware/multicore/open-amp/porting/imx7d_m4/platform.c.obj
 .rodata.__func__.9346
                0x1fffc98f       0x1e CMakeFiles/rpmsg_pingpong_freertos_example.dir/home/neuberfran/projects/freertos-tn/middleware/multicore/open-amp/porting/imx7d_m4/platform.c.obj
 .rodata.__func__.9297
                0x1fffc9ad        0xa CMakeFiles/rpmsg_pingpong_freertos_example.dir/home/neuberfran/projects/freertos-tn/middleware/multicore/open-amp/porting/imx7d_m4/platform.c.obj
 .rodata.__func__.9301
                0x1fffc9b7        0xe CMakeFiles/rpmsg_pingpong_freertos_example.dir/home/neuberfran/projects/freertos-tn/middleware/multicore/open-amp/porting/imx7d_m4/platform.c.obj
 .rodata.str1.1
                0x1fffc9c5        0xc CMakeFiles/rpmsg_pingpong_freertos_example.dir/home/neuberfran/projects/freertos-tn/middleware/multicore/open-amp/rpmsg/rpmsg_core.c.obj
 .rodata.__func__.5706
                0x1fffc9d1        0xb CMakeFiles/rpmsg_pingpong_freertos_example.dir/home/neuberfran/projects/freertos-tn/middleware/multicore/open-amp/porting/env/freertos/rpmsg_porting.c.obj
 .rodata.__func__.5828
                0x1fffc9dc        0x8 CMakeFiles/rpmsg_pingpong_freertos_example.dir/home/neuberfran/projects/freertos-tn/middleware/multicore/open-amp/porting/env/freertos/rpmsg_porting.c.obj
 .rodata.str1.1
                0x1fffc9e4       0xb9 CMakeFiles/rpmsg_pingpong_freertos_example.dir/home/neuberfran/projects/freertos-tn/middleware/multicore/open-amp/porting/env/freertos/rpmsg_porting.c.obj
 .rodata.__func__.5795
                0x1fffca9d       0x11 CMakeFiles/rpmsg_pingpong_freertos_example.dir/home/neuberfran/projects/freertos-tn/middleware/multicore/open-amp/porting/env/freertos/rpmsg_porting.c.obj
 .rodata.__func__.5809
                0x1fffcaae       0x15 CMakeFiles/rpmsg_pingpong_freertos_example.dir/home/neuberfran/projects/freertos-tn/middleware/multicore/open-amp/porting/env/freertos/rpmsg_porting.c.obj
 .rodata.__func__.5703
                0x1fffcac3        0x9 CMakeFiles/rpmsg_pingpong_freertos_example.dir/home/neuberfran/projects/freertos-tn/middleware/multicore/open-amp/porting/env/freertos/rpmsg_porting.c.obj
 .rodata.str1.1
                0x1fffcacc        0x5 CMakeFiles/rpmsg_pingpong_freertos_example.dir/home/neuberfran/projects/freertos-tn/rtos/FreeRTOS/Source/tasks.c.obj
 .rodata.str1.1
                0x1fffcad1       0x65 CMakeFiles/rpmsg_pingpong_freertos_example.dir/home/neuberfran/projects/freertos-tn/platform/drivers/src/ccm_imx7d.c.obj
 .rodata.__func__.8026
                0x1fffcb36       0x13 CMakeFiles/rpmsg_pingpong_freertos_example.dir/home/neuberfran/projects/freertos-tn/platform/drivers/src/ccm_imx7d.c.obj
 .rodata.__func__.8034
                0x1fffcb49        0xf CMakeFiles/rpmsg_pingpong_freertos_example.dir/home/neuberfran/projects/freertos-tn/platform/drivers/src/ccm_imx7d.c.obj
 .rodata.str1.1
                0x1fffcb58      0x143 CMakeFiles/rpmsg_pingpong_freertos_example.dir/home/neuberfran/projects/freertos-tn/platform/drivers/src/uart_imx.c.obj
 .rodata.CSWTCH.11
                0x1fffcc9b        0x6 CMakeFiles/rpmsg_pingpong_freertos_example.dir/home/neuberfran/projects/freertos-tn/platform/drivers/src/uart_imx.c.obj
 .rodata.__func__.8008
                0x1fffcca1        0xa CMakeFiles/rpmsg_pingpong_freertos_example.dir/home/neuberfran/projects/freertos-tn/platform/drivers/src/uart_imx.c.obj
 .rodata.__func__.7883
                0x1fffccab        0xb CMakeFiles/rpmsg_pingpong_freertos_example.dir/home/neuberfran/projects/freertos-tn/platform/drivers/src/mu_imx.c.obj
 .rodata.__func__.7893
                0x1fffccb6       0x11 CMakeFiles/rpmsg_pingpong_freertos_example.dir/home/neuberfran/projects/freertos-tn/platform/drivers/src/mu_imx.c.obj
 .rodata.str1.1
                0x1fffccc7       0x72 CMakeFiles/rpmsg_pingpong_freertos_example.dir/home/neuberfran/projects/freertos-tn/platform/drivers/src/mu_imx.c.obj
 .rodata.str1.1
                0x1fffcd39       0x3c /home/neuberfran/gcc-arm-none-eabi-4_9-2015q3/bin/../lib/gcc/arm-none-eabi/4.9.3/../../../../arm-none-eabi/lib/armv7e-m/fpu/libc_nano.a(lib_a-assert.o)
                                 0x3d (size before relaxing)
 .rodata.str1.1
                0x1fffcd75        0x2 /home/neuberfran/gcc-arm-none-eabi-4_9-2015q3/bin/../lib/gcc/arm-none-eabi/4.9.3/../../../../arm-none-eabi/lib/armv7e-m/fpu/libc_nano.a(lib_a-impure.o)
 *fill*         0x1fffcd77        0x1 
 .rodata._global_impure_ptr
                0x1fffcd78        0x4 /home/neuberfran/gcc-arm-none-eabi-4_9-2015q3/bin/../lib/gcc/arm-none-eabi/4.9.3/../../../../arm-none-eabi/lib/armv7e-m/fpu/libc_nano.a(lib_a-impure.o)
                0x1fffcd78                _global_impure_ptr
 .rodata.str1.1
                0x1fffcd7c       0x11 /home/neuberfran/gcc-arm-none-eabi-4_9-2015q3/bin/../lib/gcc/arm-none-eabi/4.9.3/../../../../arm-none-eabi/lib/armv7e-m/fpu/libc_nano.a(lib_a-nano-vfprintf.o)
 .rodata.str1.1
                0x1fffcd8d       0x22 /home/neuberfran/gcc-arm-none-eabi-4_9-2015q3/bin/../lib/gcc/arm-none-eabi/4.9.3/../../../../arm-none-eabi/lib/armv7e-m/fpu/libc_nano.a(lib_a-nano-vfprintf_i.o)
 *fill*         0x1fffcdaf        0x1 
 .rodata.__sf_fake_stdin
                0x1fffcdb0       0x20 /home/neuberfran/gcc-arm-none-eabi-4_9-2015q3/bin/../lib/gcc/arm-none-eabi/4.9.3/../../../../arm-none-eabi/lib/armv7e-m/fpu/libc_nano.a(lib_a-findfp.o)
                0x1fffcdb0                __sf_fake_stdin
 .rodata.__sf_fake_stdout
                0x1fffcdd0       0x20 /home/neuberfran/gcc-arm-none-eabi-4_9-2015q3/bin/../lib/gcc/arm-none-eabi/4.9.3/../../../../arm-none-eabi/lib/armv7e-m/fpu/libc_nano.a(lib_a-findfp.o)
                0x1fffcdd0                __sf_fake_stdout
 .rodata.__sf_fake_stderr
                0x1fffcdf0       0x20 /home/neuberfran/gcc-arm-none-eabi-4_9-2015q3/bin/../lib/gcc/arm-none-eabi/4.9.3/../../../../arm-none-eabi/lib/armv7e-m/fpu/libc_nano.a(lib_a-findfp.o)
                0x1fffcdf0                __sf_fake_stderr
 *(.glue_7)
 .glue_7        0x00000000        0x0 linker stubs
 *(.glue_7t)
 .glue_7t       0x00000000        0x0 linker stubs
 *(.eh_frame)
 .eh_frame      0x1fffce10        0x0 /home/neuberfran/gcc-arm-none-eabi-4_9-2015q3/bin/../lib/gcc/arm-none-eabi/4.9.3/armv7e-m/fpu/crtbegin.o
 *(.init)
 .init          0x1fffce10        0x4 /home/neuberfran/gcc-arm-none-eabi-4_9-2015q3/bin/../lib/gcc/arm-none-eabi/4.9.3/armv7e-m/fpu/crti.o
                0x1fffce10                _init
 .init          0x1fffce14        0x8 /home/neuberfran/gcc-arm-none-eabi-4_9-2015q3/bin/../lib/gcc/arm-none-eabi/4.9.3/armv7e-m/fpu/crtn.o
 *(.fini)
 .fini          0x1fffce1c        0x4 /home/neuberfran/gcc-arm-none-eabi-4_9-2015q3/bin/../lib/gcc/arm-none-eabi/4.9.3/armv7e-m/fpu/crti.o
                0x1fffce1c                _fini
 .fini          0x1fffce20        0x8 /home/neuberfran/gcc-arm-none-eabi-4_9-2015q3/bin/../lib/gcc/arm-none-eabi/4.9.3/armv7e-m/fpu/crtn.o
                0x1fffce28                . = ALIGN (0x4)

.vfp11_veneer   0x1fffce28        0x0
 .vfp11_veneer  0x00000000        0x0 linker stubs

.v4_bx          0x1fffce28        0x0
 .v4_bx         0x00000000        0x0 linker stubs

.iplt           0x1fffce28        0x0
 .iplt          0x00000000        0x0 /home/neuberfran/gcc-arm-none-eabi-4_9-2015q3/bin/../lib/gcc/arm-none-eabi/4.9.3/armv7e-m/fpu/crtbegin.o

.ARM.extab
 *(.ARM.extab* .gnu.linkonce.armextab.*)

.ARM            0x1fffce28        0x8
                0x1fffce28                __exidx_start = .
 *(.ARM.exidx*)
 .ARM.exidx     0x1fffce28        0x8 /home/neuberfran/gcc-arm-none-eabi-4_9-2015q3/bin/../lib/gcc/arm-none-eabi/4.9.3/../../../../arm-none-eabi/lib/armv7e-m/fpu/crt0.o
                0x1fffce30                __exidx_end = .

.rel.dyn        0x1fffce30        0x0
 .rel.iplt      0x00000000        0x0 /home/neuberfran/gcc-arm-none-eabi-4_9-2015q3/bin/../lib/gcc/arm-none-eabi/4.9.3/armv7e-m/fpu/crtbegin.o

.ctors          0x1fffce30        0x0
                0x1fffce30                __CTOR_LIST__ = .
 *crtbegin.o(.ctors)
 *crtbegin?.o(.ctors)
 *(EXCLUDE_FILE(*crtend.o *crtend?.o) .ctors)
 *(SORT(.ctors.*))
 *(.ctors)
                0x1fffce30                __CTOR_END__ = .

.dtors          0x1fffce30        0x0
                0x1fffce30                __DTOR_LIST__ = .
 *crtbegin.o(.dtors)
 *crtbegin?.o(.dtors)
 *(EXCLUDE_FILE(*crtend.o *crtend?.o) .dtors)
 *(SORT(.dtors.*))
 *(.dtors)
                0x1fffce30                __DTOR_END__ = .

.preinit_array  0x1fffce30        0x0
                0x1fffce30                PROVIDE (__preinit_array_start, .)
 *(.preinit_array*)
                0x1fffce30                PROVIDE (__preinit_array_end, .)

.init_array     0x1fffce30        0x4
                0x1fffce30                PROVIDE (__init_array_start, .)
 *(SORT(.init_array.*))
 *(.init_array*)
 .init_array    0x1fffce30        0x4 /home/neuberfran/gcc-arm-none-eabi-4_9-2015q3/bin/../lib/gcc/arm-none-eabi/4.9.3/armv7e-m/fpu/crtbegin.o
                0x1fffce34                PROVIDE (__init_array_end, .)

.fini_array     0x1fffce34        0x4
                0x1fffce34                PROVIDE (__fini_array_start, .)
 *(SORT(.fini_array.*))
 *(.fini_array*)
 .fini_array    0x1fffce34        0x4 /home/neuberfran/gcc-arm-none-eabi-4_9-2015q3/bin/../lib/gcc/arm-none-eabi/4.9.3/armv7e-m/fpu/crtbegin.o
                0x1fffce38                PROVIDE (__fini_array_end, .)
                0x1fffce38                __etext = .
                0x1fffce38                __DATA_ROM = .

.data           0x20000000      0x1d4 load address 0x1fffce38
                0x20000000                . = ALIGN (0x4)
                0x20000000                __DATA_RAM = .
                0x20000000                __data_start__ = .
 *(.data)
 *(.data*)
 .data.uxCriticalNesting
                0x20000000        0x4 CMakeFiles/rpmsg_pingpong_freertos_example.dir/home/neuberfran/projects/freertos-tn/rtos/FreeRTOS/Source/portable/GCC/ARM_CM4F/port.c.obj
 .data.xFreeBytesRemaining
                0x20000004        0x4 CMakeFiles/rpmsg_pingpong_freertos_example.dir/home/neuberfran/projects/freertos-tn/rtos/FreeRTOS/Source/portable/MemMang/heap_2.c.obj
 .data.proc_ops
                0x20000008       0x1c CMakeFiles/rpmsg_pingpong_freertos_example.dir/home/neuberfran/projects/freertos-tn/middleware/multicore/open-amp/porting/imx7d_m4/platform.c.obj
                0x20000008                proc_ops
 .data.proc_table
                0x20000024      0x120 CMakeFiles/rpmsg_pingpong_freertos_example.dir/home/neuberfran/projects/freertos-tn/middleware/multicore/open-amp/porting/imx7d_m4/platform_info.c.obj
                0x20000024                proc_table
 .data.rpmsg_rdev_config_ops
                0x20000144       0x24 CMakeFiles/rpmsg_pingpong_freertos_example.dir/home/neuberfran/projects/freertos-tn/middleware/multicore/open-amp/rpmsg/remote_device.c.obj
                0x20000144                rpmsg_rdev_config_ops
 .data.xNextTaskUnblockTime
                0x20000168        0x4 CMakeFiles/rpmsg_pingpong_freertos_example.dir/home/neuberfran/projects/freertos-tn/rtos/FreeRTOS/Source/tasks.c.obj
 .data.impure_data
                0x2000016c       0x60 /home/neuberfran/gcc-arm-none-eabi-4_9-2015q3/bin/../lib/gcc/arm-none-eabi/4.9.3/../../../../arm-none-eabi/lib/armv7e-m/fpu/libc_nano.a(lib_a-impure.o)
 .data._impure_ptr
                0x200001cc        0x4 /home/neuberfran/gcc-arm-none-eabi-4_9-2015q3/bin/../lib/gcc/arm-none-eabi/4.9.3/../../../../arm-none-eabi/lib/armv7e-m/fpu/libc_nano.a(lib_a-impure.o)
                0x200001cc                _impure_ptr
 *(.jcr*)
 .jcr           0x200001d0        0x0 /home/neuberfran/gcc-arm-none-eabi-4_9-2015q3/bin/../lib/gcc/arm-none-eabi/4.9.3/armv7e-m/fpu/crtbegin.o
 .jcr           0x200001d0        0x4 /home/neuberfran/gcc-arm-none-eabi-4_9-2015q3/bin/../lib/gcc/arm-none-eabi/4.9.3/armv7e-m/fpu/crtend.o
                0x200001d4                . = ALIGN (0x4)
                0x200001d4                __data_end__ = .
                0x1fffd00c                __DATA_END = (__DATA_ROM + (__data_end__ - __data_start__))
                0x20000000                text_end = (ORIGIN (m_text) + 0x7dc0)
                0x00000001                ASSERT ((__DATA_END <= text_end), region m_text overflowed with text and data)

.igot.plt       0x200001d4        0x0 load address 0x1fffd00c
 .igot.plt      0x00000000        0x0 /home/neuberfran/gcc-arm-none-eabi-4_9-2015q3/bin/../lib/gcc/arm-none-eabi/4.9.3/armv7e-m/fpu/crtbegin.o

.bss            0x200001d4     0x51f0 load address 0x1fffd00c
                0x200001d4                . = ALIGN (0x4)
                0x200001d4                __START_BSS = .
                0x200001d4                __bss_start__ = .
 *(.bss)