Archive member included because of file (symbol)

/home/neuberfran/gcc-arm-none-eabi-4_9-2015q3/bin/../lib/gcc/arm-none-eabi/4.9.3/../../../../arm-none-eabi/lib/armv7e-m/fpu/libc_nano.a(lib_a-assert.o)
                              CMakeFiles/hello_world.dir/home/neuberfran/projects/freertos-tn/platform/drivers/src/uart_imx.c.obj (__assert_func)
/home/neuberfran/gcc-arm-none-eabi-4_9-2015q3/bin/../lib/gcc/arm-none-eabi/4.9.3/../../../../arm-none-eabi/lib/armv7e-m/fpu/libc_nano.a(lib_a-exit.o)
                              /home/neuberfran/gcc-arm-none-eabi-4_9-2015q3/bin/../lib/gcc/arm-none-eabi/4.9.3/../../../../arm-none-eabi/lib/armv7e-m/fpu/crt0.o (exit)
/home/neuberfran/gcc-arm-none-eabi-4_9-2015q3/bin/../lib/gcc/arm-none-eabi/4.9.3/../../../../arm-none-eabi/lib/armv7e-m/fpu/libc_nano.a(lib_a-fprintf.o)
                              /home/neuberfran/gcc-arm-none-eabi-4_9-2015q3/bin/../lib/gcc/arm-none-eabi/4.9.3/../../../../arm-none-eabi/lib/armv7e-m/fpu/libc_nano.a(lib_a-assert.o) (fiprintf)
/home/neuberfran/gcc-arm-none-eabi-4_9-2015q3/bin/../lib/gcc/arm-none-eabi/4.9.3/../../../../arm-none-eabi/lib/armv7e-m/fpu/libc_nano.a(lib_a-impure.o)
                              /home/neuberfran/gcc-arm-none-eabi-4_9-2015q3/bin/../lib/gcc/arm-none-eabi/4.9.3/../../../../arm-none-eabi/lib/armv7e-m/fpu/libc_nano.a(lib_a-exit.o) (_global_impure_ptr)
/home/neuberfran/gcc-arm-none-eabi-4_9-2015q3/bin/../lib/gcc/arm-none-eabi/4.9.3/../../../../arm-none-eabi/lib/armv7e-m/fpu/libc_nano.a(lib_a-init.o)
                              /home/neuberfran/gcc-arm-none-eabi-4_9-2015q3/bin/../lib/gcc/arm-none-eabi/4.9.3/../../../../arm-none-eabi/lib/armv7e-m/fpu/crt0.o (__libc_init_array)
/home/neuberfran/gcc-arm-none-eabi-4_9-2015q3/bin/../lib/gcc/arm-none-eabi/4.9.3/../../../../arm-none-eabi/lib/armv7e-m/fpu/libc_nano.a(lib_a-memcpy.o)
                              CMakeFiles/hello_world.dir/home/neuberfran/projects/freertos-tn/rtos/FreeRTOS/Source/queue.c.obj (memcpy)
/home/neuberfran/gcc-arm-none-eabi-4_9-2015q3/bin/../lib/gcc/arm-none-eabi/4.9.3/../../../../arm-none-eabi/lib/armv7e-m/fpu/libc_nano.a(lib_a-memset.o)
                              /home/neuberfran/gcc-arm-none-eabi-4_9-2015q3/bin/../lib/gcc/arm-none-eabi/4.9.3/../../../../arm-none-eabi/lib/armv7e-m/fpu/crt0.o (memset)
/home/neuberfran/gcc-arm-none-eabi-4_9-2015q3/bin/../lib/gcc/arm-none-eabi/4.9.3/../../../../arm-none-eabi/lib/armv7e-m/fpu/libc_nano.a(lib_a-nano-vfprintf.o)
                              /home/neuberfran/gcc-arm-none-eabi-4_9-2015q3/bin/../lib/gcc/arm-none-eabi/4.9.3/../../../../arm-none-eabi/lib/armv7e-m/fpu/libc_nano.a(lib_a-fprintf.o) (_vfprintf_r)
/home/neuberfran/gcc-arm-none-eabi-4_9-2015q3/bin/../lib/gcc/arm-none-eabi/4.9.3/../../../../arm-none-eabi/lib/armv7e-m/fpu/libc_nano.a(lib_a-nano-vfprintf_i.o)
                              /home/neuberfran/gcc-arm-none-eabi-4_9-2015q3/bin/../lib/gcc/arm-none-eabi/4.9.3/../../../../arm-none-eabi/lib/armv7e-m/fpu/libc_nano.a(lib_a-nano-vfprintf.o) (_printf_i)
/home/neuberfran/gcc-arm-none-eabi-4_9-2015q3/bin/../lib/gcc/arm-none-eabi/4.9.3/../../../../arm-none-eabi/lib/armv7e-m/fpu/libc_nano.a(lib_a-strlen.o)
                              CMakeFiles/hello_world.dir/home/neuberfran/projects/freertos-tn/platform/utilities/src/print_scan.c.obj (strlen)
/home/neuberfran/gcc-arm-none-eabi-4_9-2015q3/bin/../lib/gcc/arm-none-eabi/4.9.3/../../../../arm-none-eabi/lib/armv7e-m/fpu/libc_nano.a(lib_a-wbuf.o)
                              /home/neuberfran/gcc-arm-none-eabi-4_9-2015q3/bin/../lib/gcc/arm-none-eabi/4.9.3/../../../../arm-none-eabi/lib/armv7e-m/fpu/libc_nano.a(lib_a-nano-vfprintf.o) (__swbuf_r)
/home/neuberfran/gcc-arm-none-eabi-4_9-2015q3/bin/../lib/gcc/arm-none-eabi/4.9.3/../../../../arm-none-eabi/lib/armv7e-m/fpu/libc_nano.a(lib_a-wsetup.o)
                              /home/neuberfran/gcc-arm-none-eabi-4_9-2015q3/bin/../lib/gcc/arm-none-eabi/4.9.3/../../../../arm-none-eabi/lib/armv7e-m/fpu/libc_nano.a(lib_a-nano-vfprintf.o) (__swsetup_r)
/home/neuberfran/gcc-arm-none-eabi-4_9-2015q3/bin/../lib/gcc/arm-none-eabi/4.9.3/../../../../arm-none-eabi/lib/armv7e-m/fpu/libc_nano.a(lib_a-abort.o)
                              /home/neuberfran/gcc-arm-none-eabi-4_9-2015q3/bin/../lib/gcc/arm-none-eabi/4.9.3/../../../../arm-none-eabi/lib/armv7e-m/fpu/libc_nano.a(lib_a-assert.o) (abort)
/home/neuberfran/gcc-arm-none-eabi-4_9-2015q3/bin/../lib/gcc/arm-none-eabi/4.9.3/../../../../arm-none-eabi/lib/armv7e-m/fpu/libc_nano.a(lib_a-fflush.o)
                              /home/neuberfran/gcc-arm-none-eabi-4_9-2015q3/bin/../lib/gcc/arm-none-eabi/4.9.3/../../../../arm-none-eabi/lib/armv7e-m/fpu/libc_nano.a(lib_a-wbuf.o) (_fflush_r)
/home/neuberfran/gcc-arm-none-eabi-4_9-2015q3/bin/../lib/gcc/arm-none-eabi/4.9.3/../../../../arm-none-eabi/lib/armv7e-m/fpu/libc_nano.a(lib_a-findfp.o)
[...]
Memory Configuration

Name             Origin             Length             Attributes
m_interrupts     0x1fff8000         0x00000240         xr
m_text           0x1fff8240         0x00007dc0         xr
m_data           0x20000000         0x00008000         rw
*default*        0x00000000         0xffffffff

Linker script and memory map

LOAD /home/neuberfran/gcc-arm-none-eabi-4_9-2015q3/bin/../lib/gcc/arm-none-eabi/4.9.3/armv7e-m/fpu/crti.o
LOAD /home/neuberfran/gcc-arm-none-eabi-4_9-2015q3/bin/../lib/gcc/arm-none-eabi/4.9.3/armv7e-m/fpu/crtbegin.o
LOAD /home/neuberfran/gcc-arm-none-eabi-4_9-2015q3/bin/../lib/gcc/arm-none-eabi/4.9.3/../../../../arm-none-eabi/lib/armv7e-m/fpu/crt0.o
LOAD /home/neuberfran/gcc-arm-none-eabi-4_9-2015q3/bin/../lib/gcc/arm-none-eabi/4.9.3/../../../../arm-none-eabi/lib/armv7e-m/fpu/libm.a
LOAD CMakeFiles/hello_world.dir/home/neuberfran/projects/freertos-tn/rtos/FreeRTOS/Source/portable/GCC/ARM_CM4F/port.c.obj
LOAD CMakeFiles/hello_world.dir/home/neuberfran/projects/freertos-tn/platform/devices/MCIMX7D/startup/gcc/startup_MCIMX7D_M4.S.obj
LOAD CMakeFiles/hello_world.dir/home/neuberfran/projects/freertos-tn/rtos/FreeRTOS/Source/portable/MemMang/heap_2.c.obj
LOAD CMakeFiles/hello_world.dir/home/neuberfran/projects/freertos-tn/examples/imx7d_pico_m4/demo_apps/hello_world/main.c.obj
LOAD CMakeFiles/hello_world.dir/home/neuberfran/projects/freertos-tn/platform/drivers/src/uart_imx.c.obj
LOAD CMakeFiles/hello_world.dir/home/neuberfran/projects/freertos-tn/rtos/FreeRTOS/Source/croutine.c.obj
LOAD CMakeFiles/hello_world.dir/home/neuberfran/projects/freertos-tn/rtos/FreeRTOS/Source/event_groups.c.obj
LOAD CMakeFiles/hello_world.dir/home/neuberfran/projects/freertos-tn/rtos/FreeRTOS/Source/list.c.obj
LOAD CMakeFiles/hello_world.dir/home/neuberfran/projects/freertos-tn/rtos/FreeRTOS/Source/queue.c.obj
LOAD CMakeFiles/hello_world.dir/home/neuberfran/projects/freertos-tn/rtos/FreeRTOS/Source/tasks.c.obj
LOAD CMakeFiles/hello_world.dir/home/neuberfran/projects/freertos-tn/rtos/FreeRTOS/Source/timers.c.obj
LOAD CMakeFiles/hello_world.dir/home/neuberfran/projects/freertos-tn/platform/drivers/src/ccm_analog_imx7d.c.obj
LOAD CMakeFiles/hello_world.dir/home/neuberfran/projects/freertos-tn/platform/drivers/src/ccm_imx7d.c.obj
LOAD CMakeFiles/hello_world.dir/home/neuberfran/projects/freertos-tn/platform/drivers/src/lmem.c.obj
LOAD CMakeFiles/hello_world.dir/home/neuberfran/projects/freertos-tn/platform/drivers/src/rdc.c.obj
LOAD CMakeFiles/hello_world.dir/home/neuberfran/projects/freertos-tn/platform/drivers/src/wdog_imx.c.obj
LOAD CMakeFiles/hello_world.dir/home/neuberfran/projects/freertos-tn/platform/utilities/src/debug_console_imx.c.obj
LOAD CMakeFiles/hello_world.dir/home/neuberfran/projects/freertos-tn/platform/utilities/src/print_scan.c.obj
LOAD CMakeFiles/hello_world.dir/home/neuberfran/projects/freertos-tn/platform/devices/MCIMX7D/startup/system_MCIMX7D_M4.c.obj
LOAD CMakeFiles/hello_world.dir/home/neuberfran/projects/freertos-tn/examples/imx7d_pico_m4/pin_mux.c.obj
LOAD CMakeFiles/hello_world.dir/home/neuberfran/projects/freertos-tn/examples/imx7d_pico_m4/board.c.obj
LOAD CMakeFiles/hello_world.dir/home/neuberfran/projects/freertos-tn/examples/imx7d_pico_m4/clock_freq.c.obj
LOAD CMakeFiles/hello_world.dir/home/neuberfran/projects/freertos-tn/examples/imx7d_pico_m4/demo_apps/hello_world/hardware_init.c.obj
START GROUP
LOAD /home/neuberfran/gcc-arm-none-eabi-4_9-2015q3/bin/../lib/gcc/arm-none-eabi/4.9.3/../../../../arm-none-eabi/lib/armv7e-m/fpu/libm.a
LOAD /home/neuberfran/gcc-arm-none-eabi-4_9-2015q3/bin/../lib/gcc/arm-none-eabi/4.9.3/../../../../arm-none-eabi/lib/armv7e-m/fpu/libc_nano.a
LOAD /home/neuberfran/gcc-arm-none-eabi-4_9-2015q3/bin/../lib/gcc/arm-none-eabi/4.9.3/armv7e-m/fpu/libgcc.a
LOAD /home/neuberfran/gcc-arm-none-eabi-4_9-2015q3/bin/../lib/gcc/arm-none-eabi/4.9.3/../../../../arm-none-eabi/lib/armv7e-m/fpu/libnosys.a
END GROUP
START GROUP
LOAD /home/neuberfran/gcc-arm-none-eabi-4_9-2015q3/bin/../lib/gcc/arm-none-eabi/4.9.3/armv7e-m/fpu/libgcc.a
LOAD /home/neuberfran/gcc-arm-none-eabi-4_9-2015q3/bin/../lib/gcc/arm-none-eabi/4.9.3/../../../../arm-none-eabi/lib/armv7e-m/fpu/libc_nano.a
END GROUP
START GROUP
LOAD /home/neuberfran/gcc-arm-none-eabi-4_9-2015q3/bin/../lib/gcc/arm-none-eabi/4.9.3/armv7e-m/fpu/libgcc.a
LOAD /home/neuberfran/gcc-arm-none-eabi-4_9-2015q3/bin/../lib/gcc/arm-none-eabi/4.9.3/../../../../arm-none-eabi/lib/armv7e-m/fpu/libc_nano.a
LOAD /home/neuberfran/gcc-arm-none-eabi-4_9-2015q3/bin/../lib/gcc/arm-none-eabi/4.9.3/../../../../arm-none-eabi/lib/armv7e-m/fpu/libnosys.a
END GROUP
START GROUP
LOAD /home/neuberfran/gcc-arm-none-eabi-4_9-2015q3/bin/../lib/gcc/arm-none-eabi/4.9.3/armv7e-m/fpu/libgcc.a
LOAD /home/neuberfran/gcc-arm-none-eabi-4_9-2015q3/bin/../lib/gcc/arm-none-eabi/4.9.3/../../../../arm-none-eabi/lib/armv7e-m/fpu/libc_nano.a
LOAD /home/neuberfran/gcc-arm-none-eabi-4_9-2015q3/bin/../lib/gcc/arm-none-eabi/4.9.3/../../../../arm-none-eabi/lib/armv7e-m/fpu/libnosys.a
END GROUP
LOAD /home/neuberfran/gcc-arm-none-eabi-4_9-2015q3/bin/../lib/gcc/arm-none-eabi/4.9.3/armv7e-m/fpu/crtend.o
LOAD /home/neuberfran/gcc-arm-none-eabi-4_9-2015q3/bin/../lib/gcc/arm-none-eabi/4.9.3/armv7e-m/fpu/crtn.o
                0x00000400                HEAP_SIZE = DEFINED (__heap_size__)?__heap_size__:0x400
                0x00000400                STACK_SIZE = DEFINED (__stack_size__)?__stack_size__:0x400

.interrupts     0x1fff8000      0x240
                0x1fff8000                __VECTOR_TABLE = .
                0x1fff8000                . = ALIGN (0x4)
 *(.isr_vector)
 .isr_vector    0x1fff8000      0x240 CMakeFiles/hello_world.dir/home/neuberfran/projects/freertos-tn/platform/devices/MCIMX7D/startup/gcc/startup_MCIMX7D_M4.S.obj
                0x1fff8000                __isr_vector
                0x1fff8240                . = ALIGN (0x4)

.text           0x1fff8240     0x269c
                0x1fff8240                . = ALIGN (0x4)
 *(.text)
 .text          0x1fff8240       0x5c /home/neuberfran/gcc-arm-none-eabi-4_9-2015q3/bin/../lib/gcc/arm-none-eabi/4.9.3/armv7e-m/fpu/crtbegin.o
 .text          0x1fff829c       0x74 /home/neuberfran/gcc-arm-none-eabi-4_9-2015q3/bin/../lib/gcc/arm-none-eabi/4.9.3/../../../../arm-none-eabi/lib/armv7e-m/fpu/crt0.o
                0x1fff829c                _mainCRTStartup
                0x1fff829c                _start
 .text          0x1fff8310       0x30 CMakeFiles/hello_world.dir/home/neuberfran/projects/freertos-tn/platform/devices/MCIMX7D/startup/gcc/startup_MCIMX7D_M4.S.obj
                0x1fff8310                Reset_Handler
                0x1fff833c                ENET2_MAC0_TRANS1_Handler
                0x1fff833c                SAI3_Handler
                0x1fff833c                DebugMon_Handler
                0x1fff833c                USB_OH3_OTG2_1_Handler
                0x1fff833c                GPIO3_INT31_16_Handler
                0x1fff833c                eCSPI4_Handler
                0x1fff833c                SIM2_Handler
                0x1fff833c                FLEXCAN1_Handler
                0x1fff833c                UART3_Handler
                0x1fff833c                UART2_Handler
                0x1fff833c                GPIO1_INT3_Handler
                0x1fff833c                HardFault_Handler
                0x1fff833c                SNVS_SECURITY_Handler
                0x1fff833c                SEMA4_HS_M4_Handler
                0x1fff833c                GPIO6_INT31_16_Handler
                0x1fff833c                SRC_Handler
                0x1fff833c                GPT2_Handler
                0x1fff833c                CCM2_Handler
                0x1fff833c                I2C1_Handler
                0x1fff833c                CPU_CTI_Handler
                0x1fff833c                NMI_Handler
                0x1fff833c                SAI1_Handler
                0x1fff833c                ENET2_MAC0_IRQ_Handler
                0x1fff833c                KPP_Handler
                0x1fff833c                USB_OTG1_Handler
                0x1fff833c                MIPI_CSI_Handler
                0x1fff833c                WDOG4_Handler
                0x1fff833c                Reserved9_Handler
                0x1fff833c                QSPI_Handler
                0x1fff833c                CAAM_QUEUE_Handler
                0x1fff833c                GPIO2_INT15_0_Handler
                0x1fff833c                PCIE_CTRL4_Handler
                0x1fff833c                uSDHC2_Handler
                0x1fff833c                GPIO1_INT6_Handler
                0x1fff833c                PCIE_CTRL_REQUEST_Handler
                0x1fff833c                SCTR1_Handler
                0x1fff833c                RDC_Handler
                0x1fff833c                EPDC_Handler
                0x1fff833c                CCM1_Handler
                0x1fff833c                UsageFault_Handler
                0x1fff833c                ADC1_Handler
                0x1fff833c                GPIO1_INT0_Handler
                0x1fff833c                Analog_brown_out_Handler
                0x1fff833c                PXP2_Handler
                0x1fff833c                SEMA4_HS_A7_Handler
                0x1fff833c                RTIC_Handler
                0x1fff833c                DefaultISR
                0x1fff833c                GPIO6_INT15_0_Handler
                0x1fff833c                SCTR2_Handler
                0x1fff833c                WDOG3_Handler
                0x1fff833c                USB_OH2_OTG_Handler
                0x1fff833c                SAI2_Handler
                0x1fff833c                GPIO3_INT15_0_Handler
                0x1fff833c                FTM2_Handler
                0x1fff833c                eCSPI1_Handler
                0x1fff833c                GPC_Handler
                0x1fff833c                GPIO1_INT15_0_Handler
                0x1fff833c                UART1_Handler
                0x1fff833c                ENET1_MAC0_TRANS2_Handler
                0x1fff833c                eCSPI3_Handler
                0x1fff833c                BCH_Handler
                0x1fff833c                CAAM_ERROR_Handler
                0x1fff833c                Analog_TempSensor_Handler
                0x1fff833c                PXP1_Handler
                0x1fff833c                SNVS_Handler
                0x1fff833c                GPT4_Handler
                0x1fff833c                GPIO5_INT15_0_Handler
                0x1fff833c                ENET2_MAC0_TRANS2_Handler
                0x1fff833c                GPMI_Handler
                0x1fff833c                I2C4_Handler
                0x1fff833c                CCM_SRC_GPC_Handler
                0x1fff833c                CPU_Handler
                0x1fff833c                UART4_Handler
                0x1fff833c                GPIO1_INT1_Handler
                0x1fff833c                uSDHC3_Handler
                0x1fff833c                EIM_Handler
                0x1fff833c                PWM1_Handler
                0x1fff833c                ENET2_1588_TIMER_IRQ_Handler
                0x1fff833c                UART6_Handler
                0x1fff833c                GPIO1_INT4_Handler
                0x1fff833c                GPIO1_INT31_16_Handler
                0x1fff833c                APBHDMA_Handler
                0x1fff833c                uSDHC1_Handler
                0x1fff833c                DBGMON_Handler
                0x1fff833c                UART7_Handler
                0x1fff833c                SDMA_Handler
                0x1fff833c                GPT1_Handler
                0x1fff833c                PWM3_Handler
                0x1fff833c                PCIE_CTRL2_Handler
                0x1fff833c                MemManage_Handler
                0x1fff833c                GPIO5_INT31_16_Handler
                0x1fff833c                TZASC1_Handler
                0x1fff833c                I2C2_Handler
                0x1fff833c                DAP_Handler
                0x1fff833c                GPIO4_INT15_0_Handler
                0x1fff833c                CSI_Handler
                0x1fff833c                eCSPI2_Handler
                0x1fff833c                ENET1_1588_TIMER_Handler
                0x1fff833c                WDOG2_Handler
                0x1fff833c                FLEXCAN2_Handler
                0x1fff833c                PCIE_CTRL1_Handler
                0x1fff833c                PCIE_CTRL3_Handler
                0x1fff833c                GPT3_Handler
                0x1fff833c                GPIO1_INT5_Handler
                0x1fff833c                CAAM_WRAPPER2_Handler
                0x1fff833c                SNVS_CONSOLIDATED_Handler
                0x1fff833c                CAAM_WRAPPER1_Handler
                0x1fff833c                GPIO4_INT31_16_Handler
                0x1fff833c                GPIO1_INT2_Handler
                0x1fff833c                LCDIF_Handler
                0x1fff833c                UART5_Handler
                0x1fff833c                PERFMON1_Handler
                0x1fff833c                GPIO1_INT7_Handler
                0x1fff833c                I2C3_Handler
                0x1fff833c                CSU_Handler
                0x1fff833c                MIPI_DSI_Handler
                0x1fff833c                PWM2_Handler
                0x1fff833c                GPR_Handler
                0x1fff833c                SIM1_Handler
                0x1fff833c                USB_OTG2_Handler
                0x1fff833c                ENET1_MAC0_TRANS1_Handler
                0x1fff833c                BusFault_Handler
                0x1fff833c                MU_M4_Handler
                0x1fff833c                USB_OH3_OTG2_2_Handler
                0x1fff833c                ENET1_MAC0_Handler
                0x1fff833c                PERFMON2_Handler
                0x1fff833c                GPIO7_INT31_16_Handler
                0x1fff833c                PWM4_Handler
                0x1fff833c                GPIO2_INT31_16_Handler
                0x1fff833c                FTM1_Handler
                0x1fff833c                GPIO7_INT15_0_Handler
                0x1fff833c                WDOG1_Handler
                0x1fff833c                MU_A7_Handler
                0x1fff833c                ADC2_Handler
                0x1fff833c                TPR_Handler
 *(.text*)
 .text.prvPortStartFirstTask
                0x1fff8340       0x1c CMakeFiles/hello_world.dir/home/neuberfran/projects/freertos-tn/rtos/FreeRTOS/Source/portable/GCC/ARM_CM4F/port.c.obj
 .text.vPortEnableVFP
                0x1fff835c       0x14 CMakeFiles/hello_world.dir/home/neuberfran/projects/freertos-tn/rtos/FreeRTOS/Source/portable/GCC/ARM_CM4F/port.c.obj
 .text.pxPortInitialiseStack
                0x1fff8370       0x24 CMakeFiles/hello_world.dir/home/neuberfran/projects/freertos-tn/rtos/FreeRTOS/Source/portable/GCC/ARM_CM4F/port.c.obj
                0x1fff8370                pxPortInitialiseStack
 .text.SVC_Handler
                0x1fff8394       0x20 CMakeFiles/hello_world.dir/home/neuberfran/projects/freertos-tn/rtos/FreeRTOS/Source/portable/GCC/ARM_CM4F/port.c.obj
                0x1fff8394                SVC_Handler
 .text.vPortYield
                0x1fff83b4       0x18 CMakeFiles/hello_world.dir/home/neuberfran/projects/freertos-tn/rtos/FreeRTOS/Source/portable/GCC/ARM_CM4F/port.c.obj
                0x1fff83b4                vPortYield
 .text.ulPortSetInterruptMask
                0x1fff83cc       0x10 CMakeFiles/hello_world.dir/home/neuberfran/projects/freertos-tn/rtos/FreeRTOS/Source/portable/GCC/ARM_CM4F/port.c.obj
                0x1fff83cc                ulPortSetInterruptMask
 .text.prvTaskExitError
                0x1fff83dc       0x1c CMakeFiles/hello_world.dir/home/neuberfran/projects/freertos-tn/rtos/FreeRTOS/Source/portable/GCC/ARM_CM4F/port.c.obj
 .text.vPortEnterCritical
                0x1fff83f8       0x1c CMakeFiles/hello_world.dir/home/neuberfran/projects/freertos-tn/rtos/FreeRTOS/Source/portable/GCC/ARM_CM4F/port.c.obj
                0x1fff83f8                vPortEnterCritical
 .text.vPortClearInterruptMask
                0x1fff8414        0x6 CMakeFiles/hello_world.dir/home/neuberfran/projects/freertos-tn/rtos/FreeRTOS/Source/portable/GCC/ARM_CM4F/port.c.obj
                0x1fff8414                vPortClearInterruptMask
 *fill*         0x1fff841a        0x2 
 .text.vPortExitCritical
                0x1fff841c       0x24 CMakeFiles/hello_world.dir/home/neuberfran/projects/freertos-tn/rtos/FreeRTOS/Source/portable/GCC/ARM_CM4F/port.c.obj
                0x1fff841c                vPortExitCritical
 .text.PendSV_Handler
                0x1fff8440       0x58 CMakeFiles/hello_world.dir/home/neuberfran/projects/freertos-tn/rtos/FreeRTOS/Source/portable/GCC/ARM_CM4F/port.c.obj
                0x1fff8440                PendSV_Handler
 .text.SysTick_Handler
                0x1fff8498       0x24 CMakeFiles/hello_world.dir/home/neuberfran/projects/freertos-tn/rtos/FreeRTOS/Source/portable/GCC/ARM_CM4F/port.c.obj
                0x1fff8498                SysTick_Handler
 .text.vPortSetupTimerInterrupt
                0x1fff84bc       0x18 CMakeFiles/hello_world.dir/home/neuberfran/projects/freertos-tn/rtos/FreeRTOS/Source/portable/GCC/ARM_CM4F/port.c.obj
                0x1fff84bc                vPortSetupTimerInterrupt
 .text.xPortStartScheduler
                0x1fff84d4       0xa0 CMakeFiles/hello_world.dir/home/neuberfran/projects/freertos-tn/rtos/FreeRTOS/Source/portable/GCC/ARM_CM4F/port.c.obj
                0x1fff84d4                xPortStartScheduler
 .text.pvPortMalloc
                0x1fff8574       0xb8 CMakeFiles/hello_world.dir/home/neuberfran/projects/freertos-tn/rtos/FreeRTOS/Source/portable/MemMang/heap_2.c.obj
                0x1fff8574                pvPortMalloc
 .text.vPortFree
                0x1fff862c       0x40 CMakeFiles/hello_world.dir/home/neuberfran/projects/freertos-tn/rtos/FreeRTOS/Source/portable/MemMang/heap_2.c.obj
                0x1fff862c                vPortFree
 .text.HelloTask
                0x1fff866c       0x18 CMakeFiles/hello_world.dir/home/neuberfran/projects/freertos-tn/examples/imx7d_pico_m4/demo_apps/hello_world/main.c.obj
                0x1fff866c                HelloTask
 .text.startup.main
                0x1fff8684       0x2c CMakeFiles/hello_world.dir/home/neuberfran/projects/freertos-tn/examples/imx7d_pico_m4/demo_apps/hello_world/main.c.obj
                0x1fff8684                main
 .text.UART_Deinit
                0x1fff86b0       0x5e CMakeFiles/hello_world.dir/home/neuberfran/projects/freertos-tn/platform/drivers/src/uart_imx.c.obj
                0x1fff86b0                UART_Deinit
 *fill*         0x1fff870e        0x2 
 .text.UART_SetBaudRate
                0x1fff8710       0xc8 CMakeFiles/hello_world.dir/home/neuberfran/projects/freertos-tn/platform/drivers/src/uart_imx.c.obj
                0x1fff8710                UART_SetBaudRate
 .text.UART_Init
                0x1fff87d8       0x68 CMakeFiles/hello_world.dir/home/neuberfran/projects/freertos-tn/platform/drivers/src/uart_imx.c.obj
                0x1fff87d8                UART_Init
 .text.UART_GetStatusFlag
                0x1fff8840        0xe CMakeFiles/hello_world.dir/home/neuberfran/projects/freertos-tn/platform/drivers/src/uart_imx.c.obj
                0x1fff8840                UART_GetStatusFlag
 .text.vListInitialise
                0x1fff884e       0x16 CMakeFiles/hello_world.dir/home/neuberfran/projects/freertos-tn/rtos/FreeRTOS/Source/list.c.obj
                0x1fff884e                vListInitialise
 .text.vListInitialiseItem
                0x1fff8864        0x6 CMakeFiles/hello_world.dir/home/neuberfran/projects/freertos-tn/rtos/FreeRTOS/Source/list.c.obj
                0x1fff8864                vListInitialiseItem
 .text.vListInsertEnd
                0x1fff886a       0x18 CMakeFiles/hello_world.dir/home/neuberfran/projects/freertos-tn/rtos/FreeRTOS/Source/list.c.obj
                0x1fff886a                vListInsertEnd
 .text.uxListRemove
                0x1fff8882       0x20 CMakeFiles/hello_world.dir/home/neuberfran/projects/freertos-tn/rtos/FreeRTOS/Source/list.c.obj
                0x1fff8882                uxListRemove
 .text.prvIdleTask
                0x1fff88a2        0x2 CMakeFiles/hello_world.dir/home/neuberfran/projects/freertos-tn/rtos/FreeRTOS/Source/tasks.c.obj
 .text.prvResetNextTaskUnblockTime
                0x1fff88a4       0x24 CMakeFiles/hello_world.dir/home/neuberfran/projects/freertos-tn/rtos/FreeRTOS/Source/tasks.c.obj
 .text.xTaskGenericCreate
                0x1fff88c8      0x190 CMakeFiles/hello_world.dir/home/neuberfran/projects/freertos-tn/rtos/FreeRTOS/Source/tasks.c.obj
                0x1fff88c8                xTaskGenericCreate
 .text.vTaskStartScheduler
                0x1fff8a58       0x54 CMakeFiles/hello_world.dir/home/neuberfran/projects/freertos-tn/rtos/FreeRTOS/Source/tasks.c.obj
                0x1fff8a58                vTaskStartScheduler
 .text.vTaskSuspendAll
                0x1fff8aac       0x10 CMakeFiles/hello_world.dir/home/neuberfran/projects/freertos-tn/rtos/FreeRTOS/Source/tasks.c.obj
                0x1fff8aac                vTaskSuspendAll
 .text.xTaskIncrementTick
                0x1fff8abc      0x108 CMakeFiles/hello_world.dir/home/neuberfran/projects/freertos-tn/rtos/FreeRTOS/Source/tasks.c.obj
                0x1fff8abc                xTaskIncrementTick
 .text.xTaskResumeAll
                0x1fff8bc4       0xc8 CMakeFiles/hello_world.dir/home/neuberfran/projects/freertos-tn/rtos/FreeRTOS/Source/tasks.c.obj
                0x1fff8bc4                xTaskResumeAll
 .text.vTaskSwitchContext
                0x1fff8c8c       0x6c CMakeFiles/hello_world.dir/home/neuberfran/projects/freertos-tn/rtos/FreeRTOS/Source/tasks.c.obj
                0x1fff8c8c                vTaskSwitchContext
 .text.CCM_ANALOG_GetSysPllFreq
                0x1fff8cf8       0x30 CMakeFiles/hello_world.dir/home/neuberfran/projects/freertos-tn/platform/drivers/src/ccm_analog_imx7d.c.obj
                0x1fff8cf8                CCM_ANALOG_GetSysPllFreq
 .text.CCM_GetRootDivider
                0x1fff8d28       0x30 CMakeFiles/hello_world.dir/home/neuberfran/projects/freertos-tn/platform/drivers/src/ccm_imx7d.c.obj
                0x1fff8d28                CCM_GetRootDivider
 .text.CCM_UpdateRoot
                0x1fff8d58       0x54 CMakeFiles/hello_world.dir/home/neuberfran/projects/freertos-tn/platform/drivers/src/ccm_imx7d.c.obj
                0x1fff8d58                CCM_UpdateRoot
 .text.debug_putc
                0x1fff8dac       0x28 CMakeFiles/hello_world.dir/home/neuberfran/projects/freertos-tn/platform/utilities/src/debug_console_imx.c.obj
 .text.UART_ReceiveDataPolling
                0x1fff8dd4       0x24 CMakeFiles/hello_world.dir/home/neuberfran/projects/freertos-tn/platform/utilities/src/debug_console_imx.c.obj
 .text.UART_SendDataPolling
                0x1fff8df8       0x38 CMakeFiles/hello_world.dir/home/neuberfran/projects/freertos-tn/platform/utilities/src/debug_console_imx.c.obj
 .text.DbgConsole_Init
                0x1fff8e30       0x54 CMakeFiles/hello_world.dir/home/neuberfran/projects/freertos-tn/platform/utilities/src/debug_console_imx.c.obj
                0x1fff8e30                DbgConsole_Init
 .text._write   0x1fff8e84       0x28 CMakeFiles/hello_world.dir/home/neuberfran/projects/freertos-tn/platform/utilities/src/debug_console_imx.c.obj
                0x1fff8e84                _write
 .text._read    0x1fff8eac       0x20 CMakeFiles/hello_world.dir/home/neuberfran/projects/freertos-tn/platform/utilities/src/debug_console_imx.c.obj
                0x1fff8eac                _read
 .text.debug_printf
                0x1fff8ecc       0x38 CMakeFiles/hello_world.dir/home/neuberfran/projects/freertos-tn/platform/utilities/src/debug_console_imx.c.obj
                0x1fff8ecc                debug_printf
 .text.debug_putchar
                0x1fff8f04       0x1c CMakeFiles/hello_world.dir/home/neuberfran/projects/freertos-tn/platform/utilities/src/debug_console_imx.c.obj
                0x1fff8f04                debug_putchar
 .text.debug_getchar
                0x1fff8f20       0x28 CMakeFiles/hello_world.dir/home/neuberfran/projects/freertos-tn/platform/utilities/src/debug_console_imx.c.obj
                0x1fff8f20                debug_getchar
 .text.mknumstr
                0x1fff8f48       0x6e CMakeFiles/hello_world.dir/home/neuberfran/projects/freertos-tn/platform/utilities/src/print_scan.c.obj
 .text.fput_pad.isra.0
                0x1fff8fb6       0x28 CMakeFiles/hello_world.dir/home/neuberfran/projects/freertos-tn/platform/utilities/src/print_scan.c.obj
 *fill*         0x1fff8fde        0x2 
 .text._doprint
                0x1fff8fe0      0x3d4 CMakeFiles/hello_world.dir/home/neuberfran/projects/freertos-tn/platform/utilities/src/print_scan.c.obj
                0x1fff8fe0                _doprint
 .text.SystemInit
                0x1fff93b4       0xdc CMakeFiles/hello_world.dir/home/neuberfran/projects/freertos-tn/platform/devices/MCIMX7D/startup/system_MCIMX7D_M4.c.obj
                0x1fff93b4                SystemInit
 .text.configure_uart_pins
                0x1fff9490       0x78 CMakeFiles/hello_world.dir/home/neuberfran/projects/freertos-tn/examples/imx7d_pico_m4/pin_mux.c.obj
                0x1fff9490                configure_uart_pins
 .text.BOARD_ClockInit
                0x1fff9508       0x78 CMakeFiles/hello_world.dir/home/neuberfran/projects/freertos-tn/examples/imx7d_pico_m4/board.c.obj
                0x1fff9508                BOARD_ClockInit
 .text.dbg_uart_init
                0x1fff9580       0x60 CMakeFiles/hello_world.dir/home/neuberfran/projects/freertos-tn/examples/imx7d_pico_m4/board.c.obj
                0x1fff9580                dbg_uart_init
 .text.BOARD_RdcInit
                0x1fff95e0       0x10 CMakeFiles/hello_world.dir/home/neuberfran/projects/freertos-tn/examples/imx7d_pico_m4/board.c.obj
                0x1fff95e0                BOARD_RdcInit
 .text.get_uart_clock_freq
                0x1fff95f0       0x84 CMakeFiles/hello_world.dir/home/neuberfran/projects/freertos-tn/examples/imx7d_pico_m4/clock_freq.c.obj
                0x1fff95f0                get_uart_clock_freq
 .text.hardware_init
                0x1fff9674       0x12 CMakeFiles/hello_world.dir/home/neuberfran/projects/freertos-tn/examples/imx7d_pico_m4/demo_apps/hello_world/hardware_init.c.obj
                0x1fff9674                hardware_init
 *fill*         0x1fff9686        0x2 
 .text.__assert_func
                0x1fff9688       0x38 /home/neuberfran/gcc-arm-none-eabi-4_9-2015q3/bin/../lib/gcc/arm-none-eabi/4.9.3/../../../../arm-none-eabi/lib/armv7e-m/fpu/libc_nano.a(lib_a-assert.o)
                0x1fff9688                __assert_func
 .text.exit     0x1fff96c0       0x28 /home/neuberfran/gcc-arm-none-eabi-4_9-2015q3/bin/../lib/gcc/arm-none-eabi/4.9.3/../../../../arm-none-eabi/lib/armv7e-m/fpu/libc_nano.a(lib_a-exit.o)
                0x1fff96c0                exit
 .text.fprintf  0x1fff96e8       0x24 /home/neuberfran/gcc-arm-none-eabi-4_9-2015q3/bin/../lib/gcc/arm-none-eabi/4.9.3/../../../../arm-none-eabi/lib/armv7e-m/fpu/libc_nano.a(lib_a-fprintf.o)
                0x1fff96e8                fprintf
                0x1fff96e8                fiprintf
 .text.__libc_init_array
                0x1fff970c       0x4c /home/neuberfran/gcc-arm-none-eabi-4_9-2015q3/bin/../lib/gcc/arm-none-eabi/4.9.3/../../../../arm-none-eabi/lib/armv7e-m/fpu/libc_nano.a(lib_a-init.o)
                0x1fff970c                __libc_init_array
 .text.memset   0x1fff9758       0x10 /home/neuberfran/gcc-arm-none-eabi-4_9-2015q3/bin/../lib/gcc/arm-none-eabi/4.9.3/../../../../arm-none-eabi/lib/armv7e-m/fpu/libc_nano.a(lib_a-memset.o)
                0x1fff9758                memset
 .text.__sfputc_r
                0x1fff9768       0x2c /home/neuberfran/gcc-arm-none-eabi-4_9-2015q3/bin/../lib/gcc/arm-none-eabi/4.9.3/../../../../arm-none-eabi/lib/armv7e-m/fpu/libc_nano.a(lib_a-nano-vfprintf.o)
 .text.__sfputs_r
                0x1fff9794       0x24 /home/neuberfran/gcc-arm-none-eabi-4_9-2015q3/bin/../lib/gcc/arm-none-eabi/4.9.3/../../../../arm-none-eabi/lib/armv7e-m/fpu/libc_nano.a(lib_a-nano-vfprintf.o)
                0x1fff9794                __sfputs_r
 .text._vfprintf_r
                0x1fff97b8      0x210 /home/neuberfran/gcc-arm-none-eabi-4_9-2015q3/bin/../lib/gcc/arm-none-eabi/4.9.3/../../../../arm-none-eabi/lib/armv7e-m/fpu/libc_nano.a(lib_a-nano-vfprintf.o)
                0x1fff97b8                _vfiprintf_r
                0x1fff97b8                _vfprintf_r
 .text._printf_common
                0x1fff99c8       0xea /home/neuberfran/gcc-arm-none-eabi-4_9-2015q3/bin/../lib/gcc/arm-none-eabi/4.9.3/../../../../arm-none-eabi/lib/armv7e-m/fpu/libc_nano.a(lib_a-nano-vfprintf_i.o)
                0x1fff99c8                _printf_common
 *fill*         0x1fff9ab2        0x2 
 .text._printf_i
                0x1fff9ab4      0x240 /home/neuberfran/gcc-arm-none-eabi-4_9-2015q3/bin/../lib/gcc/arm-none-eabi/4.9.3/../../../../arm-none-eabi/lib/armv7e-m/fpu/libc_nano.a(lib_a-nano-vfprintf_i.o)
                0x1fff9ab4                _printf_i
 .text.strlen   0x1fff9cf4       0x10 /home/neuberfran/gcc-arm-none-eabi-4_9-2015q3/bin/../lib/gcc/arm-none-eabi/4.9.3/../../../../arm-none-eabi/lib/armv7e-m/fpu/libc_nano.a(lib_a-strlen.o)
                0x1fff9cf4                strlen
 .text.__swbuf_r
                0x1fff9d04       0xa8 /home/neuberfran/gcc-arm-none-eabi-4_9-2015q3/bin/../lib/gcc/arm-none-eabi/4.9.3/../../../../arm-none-eabi/lib/armv7e-m/fpu/libc_nano.a(lib_a-wbuf.o)
                0x1fff9d04                __swbuf_r
 .text.__swsetup_r
                0x1fff9dac       0xd8 /home/neuberfran/gcc-arm-none-eabi-4_9-2015q3/bin/../lib/gcc/arm-none-eabi/4.9.3/../../../../arm-none-eabi/lib/armv7e-m/fpu/libc_nano.a(lib_a-wsetup.o)
                0x1fff9dac                __swsetup_r
 .text.abort    0x1fff9e84        0xe /home/neuberfran/gcc-arm-none-eabi-4_9-2015q3/bin/../lib/gcc/arm-none-eabi/4.9.3/../../../../arm-none-eabi/lib/armv7e-m/fpu/libc_nano.a(lib_a-abort.o)
                0x1fff9e84                abort
 .text.__sflush_r
                0x1fff9e92      0x108 /home/neuberfran/gcc-arm-none-eabi-4_9-2015q3/bin/../lib/gcc/arm-none-eabi/4.9.3/../../../../arm-none-eabi/lib/armv7e-m/fpu/libc_nano.a(lib_a-fflush.o)
                0x1fff9e92                __sflush_r
 *fill*         0x1fff9f9a        0x2 
 .text._fflush_r
                0x1fff9f9c       0x54 /home/neuberfran/gcc-arm-none-eabi-4_9-2015q3/bin/../lib/gcc/arm-none-eabi/4.9.3/../../../../arm-none-eabi/lib/armv7e-m/fpu/libc_nano.a(lib_a-fflush.o)
                0x1fff9f9c                _fflush_r
 .text._cleanup_r
                0x1fff9ff0        0xc /home/neuberfran/gcc-arm-none-eabi-4_9-2015q3/bin/../lib/gcc/arm-none-eabi/4.9.3/../../../../arm-none-eabi/lib/armv7e-m/fpu/libc_nano.a(lib_a-findfp.o)
                0x1fff9ff0                _cleanup_r
 .text.std.isra.0
                0x1fff9ffc       0x48 /home/neuberfran/gcc-arm-none-eabi-4_9-2015q3/bin/../lib/gcc/arm-none-eabi/4.9.3/../../../../arm-none-eabi/lib/armv7e-m/fpu/libc_nano.a(lib_a-findfp.o)
 .text.__sfmoreglue
                0x1fffa044       0x2c /home/neuberfran/gcc-arm-none-eabi-4_9-2015q3/bin/../lib/gcc/arm-none-eabi/4.9.3/../../../../arm-none-eabi/lib/armv7e-m/fpu/libc_nano.a(lib_a-findfp.o)
                0x1fffa044                __sfmoreglue
 .text.__sinit  0x1fffa070       0x60 /home/neuberfran/gcc-arm-none-eabi-4_9-2015q3/bin/../lib/gcc/arm-none-eabi/4.9.3/../../../../arm-none-eabi/lib/armv7e-m/fpu/libc_nano.a(lib_a-findfp.o)
                0x1fffa070                __sinit
 .text.__sfp    0x1fffa0d0       0x74 /home/neuberfran/gcc-arm-none-eabi-4_9-2015q3/bin/../lib/gcc/arm-none-eabi/4.9.3/../../../../arm-none-eabi/lib/armv7e-m/fpu/libc_nano.a(lib_a-findfp.o)
                0x1fffa0d0                __sfp
 .text._fwalk_reent
                0x1fffa144       0x3c /home/neuberfran/gcc-arm-none-eabi-4_9-2015q3/bin/../lib/gcc/arm-none-eabi/4.9.3/../../../../arm-none-eabi/lib/armv7e-m/fpu/libc_nano.a(lib_a-fwalk.o)
                0x1fffa144                _fwalk_reent
 .text.__smakebuf_r
                0x1fffa180       0x9c /home/neuberfran/gcc-arm-none-eabi-4_9-2015q3/bin/../lib/gcc/arm-none-eabi/4.9.3/../../../../arm-none-eabi/lib/armv7e-m/fpu/libc_nano.a(lib_a-makebuf.o)
                0x1fffa180                __smakebuf_r
 .text.memchr   0x1fffa21c       0x1e /home/neuberfran/gcc-arm-none-eabi-4_9-2015q3/bin/../lib/gcc/arm-none-eabi/4.9.3/../../../../arm-none-eabi/lib/armv7e-m/fpu/libc_nano.a(lib_a-memchr.o)
                0x1fffa21c                memchr
 *fill*         0x1fffa23a        0x2 
 .text._free_r  0x1fffa23c       0x88 /home/neuberfran/gcc-arm-none-eabi-4_9-2015q3/bin/../lib/gcc/arm-none-eabi/4.9.3/../../../../arm-none-eabi/lib/armv7e-m/fpu/libc_nano.a(lib_a-nano-freer.o)
                0x1fffa23c                _free_r
 .text._malloc_r
                0x1fffa2c4       0xac /home/neuberfran/gcc-arm-none-eabi-4_9-2015q3/bin/../lib/gcc/arm-none-eabi/4.9.3/../../../../arm-none-eabi/lib/armv7e-m/fpu/libc_nano.a(lib_a-nano-mallocr.o)
                0x1fffa2c4                _malloc_r
 .text._sbrk_r  0x1fffa370       0x20 /home/neuberfran/gcc-arm-none-eabi-4_9-2015q3/bin/../lib/gcc/arm-none-eabi/4.9.3/../../../../arm-none-eabi/lib/armv7e-m/fpu/libc_nano.a(lib_a-sbrkr.o)
                0x1fffa370                _sbrk_r
 .text._raise_r
                0x1fffa390       0x50 /home/neuberfran/gcc-arm-none-eabi-4_9-2015q3/bin/../lib/gcc/arm-none-eabi/4.9.3/../../../../arm-none-eabi/lib/armv7e-m/fpu/libc_nano.a(lib_a-signal.o)
                0x1fffa390                _raise_r
 .text.raise    0x1fffa3e0       0x10 /home/neuberfran/gcc-arm-none-eabi-4_9-2015q3/bin/../lib/gcc/arm-none-eabi/4.9.3/../../../../arm-none-eabi/lib/armv7e-m/fpu/libc_nano.a(lib_a-signal.o)
                0x1fffa3e0                raise
 .text._kill_r  0x1fffa3f0       0x24 /home/neuberfran/gcc-arm-none-eabi-4_9-2015q3/bin/../lib/gcc/arm-none-eabi/4.9.3/../../../../arm-none-eabi/lib/armv7e-m/fpu/libc_nano.a(lib_a-signalr.o)
                0x1fffa3f0                _kill_r
 .text._getpid_r
                0x1fffa414        0x4 /home/neuberfran/gcc-arm-none-eabi-4_9-2015q3/bin/../lib/gcc/arm-none-eabi/4.9.3/../../../../arm-none-eabi/lib/armv7e-m/fpu/libc_nano.a(lib_a-signalr.o)
                0x1fffa414                _getpid_r
 .text.__sread  0x1fffa418       0x22 /home/neuberfran/gcc-arm-none-eabi-4_9-2015q3/bin/../lib/gcc/arm-none-eabi/4.9.3/../../../../arm-none-eabi/lib/armv7e-m/fpu/libc_nano.a(lib_a-stdio.o)
                0x1fffa418                __sread
 .text.__swrite
                0x1fffa43a       0x38 /home/neuberfran/gcc-arm-none-eabi-4_9-2015q3/bin/../lib/gcc/arm-none-eabi/4.9.3/../../../../arm-none-eabi/lib/armv7e-m/fpu/libc_nano.a(lib_a-stdio.o)
                0x1fffa43a                __swrite
 .text.__sseek  0x1fffa472       0x24 /home/neuberfran/gcc-arm-none-eabi-4_9-2015q3/bin/../lib/gcc/arm-none-eabi/4.9.3/../../../../arm-none-eabi/lib/armv7e-m/fpu/libc_nano.a(lib_a-stdio.o)
                0x1fffa472                __sseek
 .text.__sclose
                0x1fffa496        0x8 /home/neuberfran/gcc-arm-none-eabi-4_9-2015q3/bin/../lib/gcc/arm-none-eabi/4.9.3/../../../../arm-none-eabi/lib/armv7e-m/fpu/libc_nano.a(lib_a-stdio.o)
                0x1fffa496                __sclose
 *fill*         0x1fffa49e        0x2 
 .text._write_r
                0x1fffa4a0       0x24 /home/neuberfran/gcc-arm-none-eabi-4_9-2015q3/bin/../lib/gcc/arm-none-eabi/4.9.3/../../../../arm-none-eabi/lib/armv7e-m/fpu/libc_nano.a(lib_a-writer.o)
                0x1fffa4a0                _write_r
 .text._close_r
                0x1fffa4c4       0x20 /home/neuberfran/gcc-arm-none-eabi-4_9-2015q3/bin/../lib/gcc/arm-none-eabi/4.9.3/../../../../arm-none-eabi/lib/armv7e-m/fpu/libc_nano.a(lib_a-closer.o)
                0x1fffa4c4                _close_r
 .text._fstat_r
                0x1fffa4e4       0x24 /home/neuberfran/gcc-arm-none-eabi-4_9-2015q3/bin/../lib/gcc/arm-none-eabi/4.9.3/../../../../arm-none-eabi/lib/armv7e-m/fpu/libc_nano.a(lib_a-fstatr.o)
                0x1fffa4e4                _fstat_r
 .text._isatty_r
                0x1fffa508       0x20 /home/neuberfran/gcc-arm-none-eabi-4_9-2015q3/bin/../lib/gcc/arm-none-eabi/4.9.3/../../../../arm-none-eabi/lib/armv7e-m/fpu/libc_nano.a(lib_a-isattyr.o)
                0x1fffa508                _isatty_r
 .text._lseek_r
                0x1fffa528       0x24 /home/neuberfran/gcc-arm-none-eabi-4_9-2015q3/bin/../lib/gcc/arm-none-eabi/4.9.3/../../../../arm-none-eabi/lib/armv7e-m/fpu/libc_nano.a(lib_a-lseekr.o)
                0x1fffa528                _lseek_r
 .text._read_r  0x1fffa54c       0x24 /home/neuberfran/gcc-arm-none-eabi-4_9-2015q3/bin/../lib/gcc/arm-none-eabi/4.9.3/../../../../arm-none-eabi/lib/armv7e-m/fpu/libc_nano.a(lib_a-readr.o)
                0x1fffa54c                _read_r
 .text._close   0x1fffa570       0x10 /home/neuberfran/gcc-arm-none-eabi-4_9-2015q3/bin/../lib/gcc/arm-none-eabi/4.9.3/../../../../arm-none-eabi/lib/armv7e-m/fpu/libnosys.a(close.o)
                0x1fffa570                _close
 .text._fstat   0x1fffa580       0x10 /home/neuberfran/gcc-arm-none-eabi-4_9-2015q3/bin/../lib/gcc/arm-none-eabi/4.9.3/../../../../arm-none-eabi/lib/armv7e-m/fpu/libnosys.a(fstat.o)
                0x1fffa580                _fstat
 .text._getpid  0x1fffa590       0x10 /home/neuberfran/gcc-arm-none-eabi-4_9-2015q3/bin/../lib/gcc/arm-none-eabi/4.9.3/../../../../arm-none-eabi/lib/armv7e-m/fpu/libnosys.a(getpid.o)
                0x1fffa590                _getpid
 .text._isatty  0x1fffa5a0       0x10 /home/neuberfran/gcc-arm-none-eabi-4_9-2015q3/bin/../lib/gcc/arm-none-eabi/4.9.3/../../../../arm-none-eabi/lib/armv7e-m/fpu/libnosys.a(isatty.o)
                0x1fffa5a0                _isatty
 .text._kill    0x1fffa5b0       0x10 /home/neuberfran/gcc-arm-none-eabi-4_9-2015q3/bin/../lib/gcc/arm-none-eabi/4.9.3/../../../../arm-none-eabi/lib/armv7e-m/fpu/libnosys.a(kill.o)
                0x1fffa5b0                _kill
 .text._lseek   0x1fffa5c0       0x10 /home/neuberfran/gcc-arm-none-eabi-4_9-2015q3/bin/../lib/gcc/arm-none-eabi/4.9.3/../../../../arm-none-eabi/lib/armv7e-m/fpu/libnosys.a(lseek.o)
                0x1fffa5c0                _lseek
 .text._sbrk    0x1fffa5d0       0x1c /home/neuberfran/gcc-arm-none-eabi-4_9-2015q3/bin/../lib/gcc/arm-none-eabi/4.9.3/../../../../arm-none-eabi/lib/armv7e-m/fpu/libnosys.a(sbrk.o)
                0x1fffa5d0                _sbrk
 .text._exit    0x1fffa5ec        0x4 /home/neuberfran/gcc-arm-none-eabi-4_9-2015q3/bin/../lib/gcc/arm-none-eabi/4.9.3/../../../../arm-none-eabi/lib/armv7e-m/fpu/libnosys.a(_exit.o)
                0x1fffa5ec                _exit
 *(.rodata)
 *(.rodata*)
 .rodata.str1.1
                0x1fffa5f0       0x1d CMakeFiles/hello_world.dir/home/neuberfran/projects/freertos-tn/examples/imx7d_pico_m4/demo_apps/hello_world/main.c.obj
 .rodata.str1.1
                0x1fffa60d      0x143 CMakeFiles/hello_world.dir/home/neuberfran/projects/freertos-tn/platform/drivers/src/uart_imx.c.obj
 .rodata.CSWTCH.11
                0x1fffa750        0x6 CMakeFiles/hello_world.dir/home/neuberfran/projects/freertos-tn/platform/drivers/src/uart_imx.c.obj
 .rodata.__func__.8008
                0x1fffa756        0xa CMakeFiles/hello_world.dir/home/neuberfran/projects/freertos-tn/platform/drivers/src/uart_imx.c.obj
 .rodata.str1.1
                0x1fffa760        0x5 CMakeFiles/hello_world.dir/home/neuberfran/projects/freertos-tn/rtos/FreeRTOS/Source/tasks.c.obj
 .rodata.str1.1
                0x1fffa765       0x65 CMakeFiles/hello_world.dir/home/neuberfran/projects/freertos-tn/platform/drivers/src/ccm_imx7d.c.obj
 .rodata.__func__.8026
                0x1fffa7ca       0x13 CMakeFiles/hello_world.dir/home/neuberfran/projects/freertos-tn/platform/drivers/src/ccm_imx7d.c.obj
 .rodata.__func__.8034
                0x1fffa7dd        0xf CMakeFiles/hello_world.dir/home/neuberfran/projects/freertos-tn/platform/drivers/src/ccm_imx7d.c.obj
 .rodata.str1.1
                0x1fffa7ec       0x3c /home/neuberfran/gcc-arm-none-eabi-4_9-2015q3/bin/../lib/gcc/arm-none-eabi/4.9.3/../../../../arm-none-eabi/lib/armv7e-m/fpu/libc_nano.a(lib_a-assert.o)
                                 0x3d (size before relaxing)
 .rodata.str1.1
                0x1fffa828        0x2 /home/neuberfran/gcc-arm-none-eabi-4_9-2015q3/bin/../lib/gcc/arm-none-eabi/4.9.3/../../../../arm-none-eabi/lib/armv7e-m/fpu/libc_nano.a(lib_a-impure.o)
 *fill*         0x1fffa82a        0x2 
 .rodata._global_impure_ptr
                0x1fffa82c        0x4 /home/neuberfran/gcc-arm-none-eabi-4_9-2015q3/bin/../lib/gcc/arm-none-eabi/4.9.3/../../../../arm-none-eabi/lib/armv7e-m/fpu/libc_nano.a(lib_a-impure.o)
                0x1fffa82c                _global_impure_ptr
 .rodata.str1.1
                0x1fffa830       0x11 /home/neuberfran/gcc-arm-none-eabi-4_9-2015q3/bin/../lib/gcc/arm-none-eabi/4.9.3/../../../../arm-none-eabi/lib/armv7e-m/fpu/libc_nano.a(lib_a-nano-vfprintf.o)
 .rodata.str1.1
                0x1fffa841       0x22 /home/neuberfran/gcc-arm-none-eabi-4_9-2015q3/bin/../lib/gcc/arm-none-eabi/4.9.3/../../../../arm-none-eabi/lib/armv7e-m/fpu/libc_nano.a(lib_a-nano-vfprintf_i.o)
 *fill*         0x1fffa863        0x1 
 .rodata.__sf_fake_stdin
                0x1fffa864       0x20 /home/neuberfran/gcc-arm-none-eabi-4_9-2015q3/bin/../lib/gcc/arm-none-eabi/4.9.3/../../../../arm-none-eabi/lib/armv7e-m/fpu/libc_nano.a(lib_a-findfp.o)
                0x1fffa864                __sf_fake_stdin
 .rodata.__sf_fake_stdout
                0x1fffa884       0x20 /home/neuberfran/gcc-arm-none-eabi-4_9-2015q3/bin/../lib/gcc/arm-none-eabi/4.9.3/../../../../arm-none-eabi/lib/armv7e-m/fpu/libc_nano.a(lib_a-findfp.o)
                0x1fffa884                __sf_fake_stdout
 .rodata.__sf_fake_stderr
                0x1fffa8a4       0x20 /home/neuberfran/gcc-arm-none-eabi-4_9-2015q3/bin/../lib/gcc/arm-none-eabi/4.9.3/../../../../arm-none-eabi/lib/armv7e-m/fpu/libc_nano.a(lib_a-findfp.o)
                0x1fffa8a4                __sf_fake_stderr
 *(.glue_7)
 .glue_7        0x00000000        0x0 linker stubs
 *(.glue_7t)
 .glue_7t       0x00000000        0x0 linker stubs
 *(.eh_frame)
 .eh_frame      0x1fffa8c4        0x0 /home/neuberfran/gcc-arm-none-eabi-4_9-2015q3/bin/../lib/gcc/arm-none-eabi/4.9.3/armv7e-m/fpu/crtbegin.o
 *(.init)
 .init          0x1fffa8c4        0x4 /home/neuberfran/gcc-arm-none-eabi-4_9-2015q3/bin/../lib/gcc/arm-none-eabi/4.9.3/armv7e-m/fpu/crti.o
                0x1fffa8c4                _init
 .init          0x1fffa8c8        0x8 /home/neuberfran/gcc-arm-none-eabi-4_9-2015q3/bin/../lib/gcc/arm-none-eabi/4.9.3/armv7e-m/fpu/crtn.o
 *(.fini)
 .fini          0x1fffa8d0        0x4 /home/neuberfran/gcc-arm-none-eabi-4_9-2015q3/bin/../lib/gcc/arm-none-eabi/4.9.3/armv7e-m/fpu/crti.o
                0x1fffa8d0                _fini
 .fini          0x1fffa8d4        0x8 /home/neuberfran/gcc-arm-none-eabi-4_9-2015q3/bin/../lib/gcc/arm-none-eabi/4.9.3/armv7e-m/fpu/crtn.o
                0x1fffa8dc                . = ALIGN (0x4)

.vfp11_veneer   0x1fffa8dc        0x0
 .vfp11_veneer  0x00000000        0x0 linker stubs

.v4_bx          0x1fffa8dc        0x0
 .v4_bx         0x00000000        0x0 linker stubs

.iplt           0x1fffa8dc        0x0
 .iplt          0x00000000        0x0 /home/neuberfran/gcc-arm-none-eabi-4_9-2015q3/bin/../lib/gcc/arm-none-eabi/4.9.3/armv7e-m/fpu/crtbegin.o

.ARM.extab
 *(.ARM.extab* .gnu.linkonce.armextab.*)

.ARM            0x1fffa8dc        0x8
                0x1fffa8dc                __exidx_start = .
 *(.ARM.exidx*)
 .ARM.exidx     0x1fffa8dc        0x8 /home/neuberfran/gcc-arm-none-eabi-4_9-2015q3/bin/../lib/gcc/arm-none-eabi/4.9.3/../../../../arm-none-eabi/lib/armv7e-m/fpu/crt0.o
                0x1fffa8e4                __exidx_end = .

.rel.dyn        0x1fffa8e4        0x0
 .rel.iplt      0x00000000        0x0 /home/neuberfran/gcc-arm-none-eabi-4_9-2015q3/bin/../lib/gcc/arm-none-eabi/4.9.3/armv7e-m/fpu/crtbegin.o

.ctors          0x1fffa8e4        0x0
                0x1fffa8e4                __CTOR_LIST__ = .
 *crtbegin.o(.ctors)
 *crtbegin?.o(.ctors)
 *(EXCLUDE_FILE(*crtend.o *crtend?.o) .ctors)
 *(SORT(.ctors.*))
 *(.ctors)
                0x1fffa8e4                __CTOR_END__ = .

.dtors          0x1fffa8e4        0x0
                0x1fffa8e4                __DTOR_LIST__ = .
 *crtbegin.o(.dtors)
 *crtbegin?.o(.dtors)
 *(EXCLUDE_FILE(*crtend.o *crtend?.o) .dtors)
 *(SORT(.dtors.*))
 *(.dtors)
                0x1fffa8e4                __DTOR_END__ = .

.preinit_array  0x1fffa8e4        0x0
                0x1fffa8e4                PROVIDE (__preinit_array_start, .)
 *(.preinit_array*)
                0x1fffa8e4                PROVIDE (__preinit_array_end, .)

.init_array     0x1fffa8e4        0x4
                0x1fffa8e4                PROVIDE (__init_array_start, .)
 *(SORT(.init_array.*))
 *(.init_array*)
 .init_array    0x1fffa8e4        0x4 /home/neuberfran/gcc-arm-none-eabi-4_9-2015q3/bin/../lib/gcc/arm-none-eabi/4.9.3/armv7e-m/fpu/crtbegin.o
                0x1fffa8e8                PROVIDE (__init_array_end, .)

.fini_array     0x1fffa8e8        0x4
                0x1fffa8e8                PROVIDE (__fini_array_start, .)
 *(SORT(.fini_array.*))
 *(.fini_array*)
 .fini_array    0x1fffa8e8        0x4 /home/neuberfran/gcc-arm-none-eabi-4_9-2015q3/bin/../lib/gcc/arm-none-eabi/4.9.3/armv7e-m/fpu/crtbegin.o
                0x1fffa8ec                PROVIDE (__fini_array_end, .)
                0x1fffa8ec                __etext = .
                0x1fffa8ec                __DATA_ROM = .

.data           0x20000000       0x74 load address 0x1fffa8ec
                0x20000000                . = ALIGN (0x4)
                0x20000000                __DATA_RAM = .
                0x20000000                __data_start__ = .
 *(.data)
 *(.data*)
 .data.uxCriticalNesting
                0x20000000        0x4 CMakeFiles/hello_world.dir/home/neuberfran/projects/freertos-tn/rtos/FreeRTOS/Source/portable/GCC/ARM_CM4F/port.c.obj
 .data.xFreeBytesRemaining
                0x20000004        0x4 CMakeFiles/hello_world.dir/home/neuberfran/projects/freertos-tn/rtos/FreeRTOS/Source/portable/MemMang/heap_2.c.obj
 .data.xNextTaskUnblockTime
                0x20000008        0x4 CMakeFiles/hello_world.dir/home/neuberfran/projects/freertos-tn/rtos/FreeRTOS/Source/tasks.c.obj
 .data.impure_data
                0x2000000c       0x60 /home/neuberfran/gcc-arm-none-eabi-4_9-2015q3/bin/../lib/gcc/arm-none-eabi/4.9.3/../../../../arm-none-eabi/lib/armv7e-m/fpu/libc_nano.a(lib_a-impure.o)
 .data._impure_ptr
                0x2000006c        0x4 /home/neuberfran/gcc-arm-none-eabi-4_9-2015q3/bin/../lib/gcc/arm-none-eabi/4.9.3/../../../../arm-none-eabi/lib/armv7e-m/fpu/libc_nano.a(lib_a-impure.o)
                0x2000006c                _impure_ptr
 *(.jcr*)
 .jcr           0x20000070        0x0 /home/neuberfran/gcc-arm-none-eabi-4_9-2015q3/bin/../lib/gcc/arm-none-eabi/4.9.3/armv7e-m/fpu/crtbegin.o
 .jcr           0x20000070        0x4 /home/neuberfran/gcc-arm-none-eabi-4_9-2015q3/bin/../lib/gcc/arm-none-eabi/4.9.3/armv7e-m/fpu/crtend.o
                0x20000074                . = ALIGN (0x4)
                0x20000074                __data_end__ = .
                0x1fffa960                __DATA_END = (__DATA_ROM + (__data_end__ - __data_start__))
                0x20000000                text_end = (ORIGIN (m_text) + 0x7dc0)
                0x00000001                ASSERT ((__DATA_END <= text_end), region m_text overflowed with text and data)

.igot.plt       0x20000074        0x0 load address 0x1fffa960
 .igot.plt      0x00000000        0x0 /home/neuberfran/gcc-arm-none-eabi-4_9-2015q3/bin/../lib/gcc/arm-none-eabi/4.9.3/armv7e-m/fpu/crtbegin.o

.bss            0x20000074     0x513c load address 0x1fffa960
                0x20000074                . = ALIGN (0x4)
                0x20000074                __START_BSS = .
                0x20000074                __bss_start__ = .
 *(.bss)
 .bss           0x20000074       0x1c /home/neuberfran/gcc-arm-none-eabi-4_9-2015q3/bin/../lib/gcc/arm-none-eabi/4.9.3/armv7e-m/fpu/crtbegin.o
 *(.bss*)
 .bss.ucMaxSysCallPriority
                0x20000090        0x1 CMakeFiles/hello_world.dir/home/neuberfran/projects/freertos-tn/rtos/FreeRTOS/Source/portable/GCC/ARM_CM4F/port.c.obj
 *fill*         0x20000091        0x3 
 .bss.ulMaxPRIGROUPValue
                0x20000094        0x4 CMakeFiles/hello_world.dir/home/neuberfran/projects/freertos-tn/rtos/FreeRTOS/Source/portable/GCC/ARM_CM4F/port.c.obj
 .bss.xHeapHasBeenInitialised.4485
                0x20000098        0x4 CMakeFiles/hello_world.dir/home/neuberfran/projects/freertos-tn/rtos/FreeRTOS/Source/portable/MemMang/heap_2.c.obj
 .bss.xStart    0x2000009c        0x8 CMakeFiles/hello_world.dir/home/neuberfran/projects/freertos-tn/rtos/FreeRTOS/Source/portable/MemMang/heap_2.c.obj
 .bss.ucHeap    0x200000a4     0x5000 CMakeFiles/hello_world.dir/home/neuberfran/projects/freertos-tn/rtos/FreeRTOS/Source/portable/MemMang/heap_2.c.obj
 .bss.xEnd      0x200050a4        0x8 CMakeFiles/hello_world.dir/home/neuberfran/projects/freertos-tn/rtos/FreeRTOS/Source/portable/MemMang/heap_2.c.obj
 .bss.xNumOfOverflows
                0x200050ac        0x4 CMakeFiles/hello_world.dir/home/neuberfran/projects/freertos-tn/rtos/FreeRTOS/Source/tasks.c.obj
 .bss.pxDelayedTaskList
                0x200050b0        0x4 CMakeFiles/hello_world.dir/home/neuberfran/projects/freertos-tn/rtos/FreeRTOS/Source/tasks.c.obj
 .bss.xSchedulerRunning
                0x200050b4        0x4 CMakeFiles/hello_world.dir/home/neuberfran/projects/freertos-tn/rtos/FreeRTOS/Source/tasks.c.obj
 .bss.xDelayedTaskList1
                0x200050b8       0x14 CMakeFiles/hello_world.dir/home/neuberfran/projects/freertos-tn/rtos/FreeRTOS/Source/tasks.c.obj
 .bss.xDelayedTaskList2
                0x200050cc       0x14 CMakeFiles/hello_world.dir/home/neuberfran/projects/freertos-tn/rtos/FreeRTOS/Source/tasks.c.obj
 .bss.uxPendedTicks
                0x200050e0        0x4 CMakeFiles/hello_world.dir/home/neuberfran/projects/freertos-tn/rtos/FreeRTOS/Source/tasks.c.obj
 .bss.pxReadyTasksLists
                0x200050e4       0x64 CMakeFiles/hello_world.dir/home/neuberfran/projects/freertos-tn/rtos/FreeRTOS/Source/tasks.c.obj
 .bss.uxSchedulerSuspended
                0x20005148        0x4 CMakeFiles/hello_world.dir/home/neuberfran/projects/freertos-tn/rtos/FreeRTOS/Source/tasks.c.obj
 .bss.pxCurrentTCB
                0x2000514c        0x4 CMakeFiles/hello_world.dir/home/neuberfran/projects/freertos-tn/rtos/FreeRTOS/Source/tasks.c.obj
                0x2000514c                pxCurrentTCB
 .bss.xPendingReadyList
                0x20005150       0x14 CMakeFiles/hello_world.dir/home/neuberfran/projects/freertos-tn/rtos/FreeRTOS/Source/tasks.c.obj
 .bss.xTickCount
                0x20005164        0x4 CMakeFiles/hello_world.dir/home/neuberfran/projects/freertos-tn/rtos/FreeRTOS/Source/tasks.c.obj
 .bss.pxOverflowDelayedTaskList
                0x20005168        0x4 CMakeFiles/hello_world.dir/home/neuberfran/projects/freertos-tn/rtos/FreeRTOS/Source/tasks.c.obj
 .bss.uxTaskNumber
                0x2000516c        0x4 CMakeFiles/hello_world.dir/home/neuberfran/projects/freertos-tn/rtos/FreeRTOS/Source/tasks.c.obj
 .bss.uxCurrentNumberOfTasks
                0x20005170        0x4 CMakeFiles/hello_world.dir/home/neuberfran/projects/freertos-tn/rtos/FreeRTOS/Source/tasks.c.obj
 .bss.xSuspendedTaskList
                0x20005174       0x14 CMakeFiles/hello_world.dir/home/neuberfran/projects/freertos-tn/rtos/FreeRTOS/Source/tasks.c.obj
 .bss.uxTopReadyPriority
                0x20005188        0x4 CMakeFiles/hello_world.dir/home/neuberfran/projects/freertos-tn/rtos/FreeRTOS/Source/tasks.c.obj
 .bss.xYieldPending
                0x2000518c        0x4 CMakeFiles/hello_world.dir/home/neuberfran/projects/freertos-tn/rtos/FreeRTOS/Source/tasks.c.obj
 .bss.s_debugConsole
                0x20005190       0x10 CMakeFiles/hello_world.dir/home/neuberfran/projects/freertos-tn/platform/utilities/src/debug_console_imx.c.obj
 .bss.__malloc_sbrk_start
                0x200051a0        0x4 /home/neuberfran/gcc-arm-none-eabi-4_9-2015q3/bin/../lib/gcc/arm-none-eabi/4.9.3/../../../../arm-none-eabi/lib/armv7e-m/fpu/libc_nano.a(lib_a-nano-mallocr.o)
                0x200051a0                __malloc_sbrk_start
 .bss.__malloc_free_list
                0x200051a4        0x4 /home/neuberfran/gcc-arm-none-eabi-4_9-2015q3/bin/../lib/gcc/arm-none-eabi/4.9.3/../../../../arm-none-eabi/lib/armv7e-m/fpu/libc_nano.a(lib_a-nano-mallocr.o)
                0x200051a4                __malloc_free_list
 .bss.heap_end.4079
                0x200051a8        0x4 /home/neuberfran/gcc-arm-none-eabi-4_9-2015q3/bin/../lib/gcc/arm-none-eabi/4.9.3/../../../../arm-none-eabi/lib/armv7e-m/fpu/libnosys.a(sbrk.o)
 *(COMMON)
 COMMON         0x200051ac        0x4 /home/neuberfran/gcc-arm-none-eabi-4_9-2015q3/bin/../lib/gcc/arm-none-eabi/4.9.3/../../../../arm-none-eabi/lib/armv7e-m/fpu/libc_nano.a(lib_a-reent.o)
                0x200051ac                errno
                0x200051b0                . = ALIGN (0x4)
                0x200051b0                __bss_end__ = .
                0x200051b0                __END_BSS = .

.heap           0x200051b0      0x400 load address 0x1ffffa9c
                0x200051b0                . = ALIGN (0x8)
                0x200051b0                __end__ = .
                0x200051b0                PROVIDE (end, .)
                0x200051b0                __HeapBase = .
                0x200055b0                . = (. + HEAP_SIZE)
 *fill*         0x200051b0      0x400 
                0x200055b0                __HeapLimit = .

.stack          0x200055b0      0x400 load address 0x1ffffe9c
                0x200055b0                . = ALIGN (0x8)
                0x200059b0                . = (. + STACK_SIZE)
 *fill*         0x200055b0      0x400 
                0x20008000                __StackTop = (ORIGIN (m_data) + 0x8000)
                0x20007c00                __StackLimit = (__StackTop - STACK_SIZE)
                0x20008000                PROVIDE (__stack, __StackTop)

.ARM.attributes
                0x00000000       0x30
 *(.ARM.attributes)
 .ARM.attributes
                0x00000000       0x22 /home/neuberfran/gcc-arm-none-eabi-4_9-2015q3/bin/../lib/gcc/arm-none-eabi/4.9.3/armv7e-m/fpu/crti.o
 .ARM.attributes
                0x00000022       0x34 /home/neuberfran/gcc-arm-none-eabi-4_9-2015q3/bin/../lib/gcc/arm-none-eabi/4.9.3/armv7e-m/fpu/crtbegin.o
 .ARM.attributes
                0x00000056       0x20 /home/neuberfran/gcc-arm-none-eabi-4_9-2015q3/bin/../lib/gcc/arm-none-eabi/4.9.3/../../../../arm-none-eabi/lib/armv7e-m/fpu/crt0.o
 .ARM.attributes
                0x00000076       0x39 CMakeFiles/hello_world.dir/home/neuberfran/projects/freertos-tn/rtos/FreeRTOS/Source/portable/GCC/ARM_CM4F/port.c.obj
 .ARM.attributes
                0x000000af       0x1f CMakeFiles/hello_world.dir/home/neuberfran/projects/freertos-tn/platform/devices/MCIMX7D/startup/gcc/startup_MCIMX7D_M4.S.obj
 .ARM.attributes
                0x000000ce       0x39 CMakeFiles/hello_world.dir/home/neuberfran/projects/freertos-tn/rtos/FreeRTOS/Source/portable/MemMang/heap_2.c.obj
 .ARM.attributes
                0x00000107       0x39 CMakeFiles/hello_world.dir/home/neuberfran/projects/freertos-tn/examples/imx7d_pico_m4/demo_apps/hello_world/main.c.obj
 .ARM.attributes
                0x00000140       0x39 CMakeFiles/hello_world.dir/home/neuberfran/projects/freertos-tn/platform/drivers/src/uart_imx.c.obj
 .ARM.attributes
                0x00000179       0x39 CMakeFiles/hello_world.dir/home/neuberfran/projects/freertos-tn/rtos/FreeRTOS/Source/list.c.obj
 .ARM.attributes
                0x000001b2       0x39 CMakeFiles/hello_world.dir/home/neuberfran/projects/freertos-tn/rtos/FreeRTOS/Source/tasks.c.obj
 .ARM.attributes
                0x000001eb       0x39 CMakeFiles/hello_world.dir/home/neuberfran/projects/freertos-tn/platform/drivers/src/ccm_analog_imx7d.c.obj
 .ARM.attributes
                0x00000224       0x39 CMakeFiles/hello_world.dir/home/neuberfran/projects/freertos-tn/platform/drivers/src/ccm_imx7d.c.obj
 .ARM.attributes
                0x0000025d       0x39 CMakeFiles/hello_world.dir/home/neuberfran/projects/freertos-tn/platform/utilities/src/debug_console_imx.c.obj
 .ARM.attributes
                0x00000296       0x39 CMakeFiles/hello_world.dir/home/neuberfran/projects/freertos-tn/platform/utilities/src/print_scan.c.obj
 .ARM.attributes
                0x000002cf       0x39 CMakeFiles/hello_world.dir/home/neuberfran/projects/freertos-tn/platform/devices/MCIMX7D/startup/system_MCIMX7D_M4.c.obj
 .ARM.attributes
                0x00000308       0x39 CMakeFiles/hello_world.dir/home/neuberfran/projects/freertos-tn/examples/imx7d_pico_m4/pin_mux.c.obj
 .ARM.attributes
                0x00000341       0x39 CMakeFiles/hello_world.dir/home/neuberfran/projects/freertos-tn/examples/imx7d_pico_m4/board.c.obj
 .ARM.attributes
                0x0000037a       0x39 CMakeFiles/hello_world.dir/home/neuberfran/projects/freertos-tn/examples/imx7d_pico_m4/clock_freq.c.obj
 .ARM.attributes
                0x000003b3       0x39 CMakeFiles/hello_world.dir/home/neuberfran/projects/freertos-tn/examples/imx7d_pico_m4/demo_apps/hello_world/hardware_init.c.obj
 .ARM.attributes
                0x000003ec       0x34 /home/neuberfran/gcc-arm-none-eabi-4_9-2015q3/bin/../lib/gcc/arm-none-eabi/4.9.3/../../../../arm-none-eabi/lib/armv7e-m/fpu/libc_nano.a(lib_a-assert.o)
 .ARM.attributes
                0x00000420       0x34 /home/neuberfran/gcc-arm-none-eabi-4_9-2015q3/bin/../lib/gcc/arm-none-eabi/4.9.3/../../../../arm-none-eabi/lib/armv7e-m/fpu/libc_nano.a(lib_a-exit.o)
 .ARM.attributes
                0x00000454       0x34 /home/neuberfran/gcc-arm-none-eabi-4_9-2015q3/bin/../lib/gcc/arm-none-eabi/4.9.3/../../../../arm-none-eabi/lib/armv7e-m/fpu/libc_nano.a(lib_a-fprintf.o)
 .ARM.attributes
                0x00000488       0x34 /home/neuberfran/gcc-arm-none-eabi-4_9-2015q3/bin/../lib/gcc/arm-none-eabi/4.9.3/../../../../arm-none-eabi/lib/armv7e-m/fpu/libc_nano.a(lib_a-impure.o)
 .ARM.attributes
                0x000004bc       0x34 /home/neuberfran/gcc-arm-none-eabi-4_9-2015q3/bin/../lib/gcc/arm-none-eabi/4.9.3/../../../../arm-none-eabi/lib/armv7e-m/fpu/libc_nano.a(lib_a-init.o)
 .ARM.attributes
                0x000004f0       0x34 /home/neuberfran/gcc-arm-none-eabi-4_9-2015q3/bin/../lib/gcc/arm-none-eabi/4.9.3/../../../../arm-none-eabi/lib/armv7e-m/fpu/libc_nano.a(lib_a-memset.o)
 .ARM.attributes
                0x00000524       0x34 /home/neuberfran/gcc-arm-none-eabi-4_9-2015q3/bin/../lib/gcc/arm-none-eabi/4.9.3/../../../../arm-none-eabi/lib/armv7e-m/fpu/libc_nano.a(lib_a-nano-vfprintf.o)
 .ARM.attributes
                0x00000558       0x34 /home/neuberfran/gcc-arm-none-eabi-4_9-2015q3/bin/../lib/gcc/arm-none-eabi/4.9.3/../../../../arm-none-eabi/lib/armv7e-m/fpu/libc_nano.a(lib_a-nano-vfprintf_i.o)
 .ARM.attributes
                0x0000058c       0x34 /home/neuberfran/gcc-arm-none-eabi-4_9-2015q3/bin/../lib/gcc/arm-none-eabi/4.9.3/../../../../arm-none-eabi/lib/armv7e-m/fpu/libc_nano.a(lib_a-strlen.o)
 .ARM.attributes
                0x000005c0       0x34 /home/neuberfran/gcc-arm-none-eabi-4_9-2015q3/bin/../lib/gcc/arm-none-eabi/4.9.3/../../../../arm-none-eabi/lib/armv7e-m/fpu/libc_nano.a(lib_a-wbuf.o)
 .ARM.attributes
                0x000005f4       0x34 /home/neuberfran/gcc-arm-none-eabi-4_9-2015q3/bin/../lib/gcc/arm-none-eabi/4.9.3/../../../../arm-none-eabi/lib/armv7e-m/fpu/libc_nano.a(lib_a-wsetup.o)
 .ARM.attributes
                0x00000628       0x34 /home/neuberfran/gcc-arm-none-eabi-4_9-2015q3/bin/../lib/gcc/arm-none-eabi/4.9.3/../../../../arm-none-eabi/lib/armv7e-m/fpu/libc_nano.a(lib_a-abort.o)
 .ARM.attributes
                0x0000065c       0x34 /home/neuberfran/gcc-arm-none-eabi-4_9-2015q3/bin/../lib/gcc/arm-none-eabi/4.9.3/../../../../arm-none-eabi/lib/armv7e-m/fpu/libc_nano.a(lib_a-fflush.o)
 .ARM.attributes
                0x00000690       0x34 /home/neuberfran/gcc-arm-none-eabi-4_9-2015q3/bin/../lib/gcc/arm-none-eabi/4.9.3/../../../../arm-none-eabi/lib/armv7e-m/fpu/libc_nano.a(lib_a-findfp.o)
 .ARM.attributes
                0x000006c4       0x34 /home/neuberfran/gcc-arm-none-eabi-4_9-2015q3/bin/../lib/gcc/arm-none-eabi/4.9.3/../../../../arm-none-eabi/lib/armv7e-m/fpu/libc_nano.a(lib_a-fwalk.o)
 .ARM.attributes
                0x000006f8       0x34 /home/neuberfran/gcc-arm-none-eabi-4_9-2015q3/bin/../lib/gcc/arm-none-eabi/4.9.3/../../../../arm-none-eabi/lib/armv7e-m/fpu/libc_nano.a(lib_a-makebuf.o)
 .ARM.attributes
                0x0000072c       0x34 /home/neuberfran/gcc-arm-none-eabi-4_9-2015q3/bin/../lib/gcc/arm-none-eabi/4.9.3/../../../../arm-none-eabi/lib/armv7e-m/fpu/libc_nano.a(lib_a-memchr.o)
 .ARM.attributes
                0x00000760       0x34 /home/neuberfran/gcc-arm-none-eabi-4_9-2015q3/bin/../lib/gcc/arm-none-eabi/4.9.3/../../../../arm-none-eabi/lib/armv7e-m/fpu/libc_nano.a(lib_a-nano-freer.o)
 .ARM.attributes
                0x00000794       0x34 /home/neuberfran/gcc-arm-none-eabi-4_9-2015q3/bin/../lib/gcc/arm-none-eabi/4.9.3/../../../../arm-none-eabi/lib/armv7e-m/fpu/libc_nano.a(lib_a-nano-mallocr.o)
 .ARM.attributes
                0x000007c8       0x34 /home/neuberfran/gcc-arm-none-eabi-4_9-2015q3/bin/../lib/gcc/arm-none-eabi/4.9.3/../../../../arm-none-eabi/lib/armv7e-m/fpu/libc_nano.a(lib_a-sbrkr.o)
 .ARM.attributes
                0x000007fc       0x34 /home/neuberfran/gcc-arm-none-eabi-4_9-2015q3/bin/../lib/gcc/arm-none-eabi/4.9.3/../../../../arm-none-eabi/lib/armv7e-m/fpu/libc_nano.a(lib_a-signal.o)
 .ARM.attributes
                0x00000830       0x34 /home/neuberfran/gcc-arm-none-eabi-4_9-2015q3/bin/../lib/gcc/arm-none-eabi/4.9.3/../../../../arm-none-eabi/lib/armv7e-m/fpu/libc_nano.a(lib_a-signalr.o)
 .ARM.attributes
                0x00000864       0x34 /home/neuberfran/gcc-arm-none-eabi-4_9-2015q3/bin/../lib/gcc/arm-none-eabi/4.9.3/../../../../arm-none-eabi/lib/armv7e-m/fpu/libc_nano.a(lib_a-stdio.o)
 .ARM.attributes
                0x00000898       0x34 /home/neuberfran/gcc-arm-none-eabi-4_9-2015q3/bin/../lib/gcc/arm-none-eabi/4.9.3/../../../../arm-none-eabi/lib/armv7e-m/fpu/libc_nano.a(lib_a-writer.o)
 .ARM.attributes
                0x000008cc       0x34 /home/neuberfran/gcc-arm-none-eabi-4_9-2015q3/bin/../lib/gcc/arm-none-eabi/4.9.3/../../../../arm-none-eabi/lib/armv7e-m/fpu/libc_nano.a(lib_a-closer.o)
 .ARM.attributes
                0x00000900       0x34 /home/neuberfran/gcc-arm-none-eabi-4_9-2015q3/bin/../lib/gcc/arm-none-eabi/4.9.3/../../../../arm-none-eabi/lib/armv7e-m/fpu/libc_nano.a(lib_a-fstatr.o)
 .ARM.attributes
                0x00000934       0x34 /home/neuberfran/gcc-arm-none-eabi-4_9-2015q3/bin/../lib/gcc/arm-none-eabi/4.9.3/../../../../arm-none-eabi/lib/armv7e-m/fpu/libc_nano.a(lib_a-isattyr.o)
 .ARM.attributes
                0x00000968       0x34 /home/neuberfran/gcc-arm-none-eabi-4_9-2015q3/bin/../lib/gcc/arm-none-eabi/4.9.3/../../../../arm-none-eabi/lib/armv7e-m/fpu/libc_nano.a(lib_a-lseekr.o)
 .ARM.attributes
                0x0000099c       0x34 /home/neuberfran/gcc-arm-none-eabi-4_9-2015q3/bin/../lib/gcc/arm-none-eabi/4.9.3/../../../../arm-none-eabi/lib/armv7e-m/fpu/libc_nano.a(lib_a-readr.o)
 .ARM.attributes
                0x000009d0       0x34 /home/neuberfran/gcc-arm-none-eabi-4_9-2015q3/bin/../lib/gcc/arm-none-eabi/4.9.3/../../../../arm-none-eabi/lib/armv7e-m/fpu/libc_nano.a(lib_a-reent.o)
 .ARM.attributes
                0x00000a04       0x34 /home/neuberfran/gcc-arm-none-eabi-4_9-2015q3/bin/../lib/gcc/arm-none-eabi/4.9.3/../../../../arm-none-eabi/lib/armv7e-m/fpu/libnosys.a(close.o)
 .ARM.attributes
                0x00000a38       0x34 /home/neuberfran/gcc-arm-none-eabi-4_9-2015q3/bin/../lib/gcc/arm-none-eabi/4.9.3/../../../../arm-none-eabi/lib/armv7e-m/fpu/libnosys.a(fstat.o)
 .ARM.attributes
                0x00000a6c       0x34 /home/neuberfran/gcc-arm-none-eabi-4_9-2015q3/bin/../lib/gcc/arm-none-eabi/4.9.3/../../../../arm-none-eabi/lib/armv7e-m/fpu/libnosys.a(getpid.o)
 .ARM.attributes
                0x00000aa0       0x34 /home/neuberfran/gcc-arm-none-eabi-4_9-2015q3/bin/../lib/gcc/arm-none-eabi/4.9.3/../../../../arm-none-eabi/lib/armv7e-m/fpu/libnosys.a(isatty.o)
 .ARM.attributes
                0x00000ad4       0x34 /home/neuberfran/gcc-arm-none-eabi-4_9-2015q3/bin/../lib/gcc/arm-none-eabi/4.9.3/../../../../arm-none-eabi/lib/armv7e-m/fpu/libnosys.a(kill.o)
 .ARM.attributes
                0x00000b08       0x34 /home/neuberfran/gcc-arm-none-eabi-4_9-2015q3/bin/../lib/gcc/arm-none-eabi/4.9.3/../../../../arm-none-eabi/lib/armv7e-m/fpu/libnosys.a(lseek.o)
 .ARM.attributes
                0x00000b3c       0x34 /home/neuberfran/gcc-arm-none-eabi-4_9-2015q3/bin/../lib/gcc/arm-none-eabi/4.9.3/../../../../arm-none-eabi/lib/armv7e-m/fpu/libnosys.a(sbrk.o)
 .ARM.attributes
                0x00000b70       0x34 /home/neuberfran/gcc-arm-none-eabi-4_9-2015q3/bin/../lib/gcc/arm-none-eabi/4.9.3/../../../../arm-none-eabi/lib/armv7e-m/fpu/libnosys.a(_exit.o)
 .ARM.attributes
                0x00000ba4       0x34 /home/neuberfran/gcc-arm-none-eabi-4_9-2015q3/bin/../lib/gcc/arm-none-eabi/4.9.3/armv7e-m/fpu/crtend.o
 .ARM.attributes
                0x00000bd8       0x22 /home/neuberfran/gcc-arm-none-eabi-4_9-2015q3/bin/../lib/gcc/arm-none-eabi/4.9.3/armv7e-m/fpu/crtn.o
                0x00000001                ASSERT ((__StackLimit >= __HeapLimit), region m_data overflowed with stack and heap)
OUTPUT(release/hello_world.elf elf32-littlearm)

.comment        0x00000000       0x70
 .comment       0x00000000       0x70 CMakeFiles/hello_world.dir/home/neuberfran/projects/freertos-tn/rtos/FreeRTOS/Source/portable/GCC/ARM_CM4F/port.c.obj
                                 0x71 (size before relaxing)
 .comment       0x00000000       0x71 CMakeFiles/hello_world.dir/home/neuberfran/projects/freertos-tn/rtos/FreeRTOS/Source/portable/MemMang/heap_2.c.obj
 .comment       0x00000000       0x71 CMakeFiles/hello_world.dir/home/neuberfran/projects/freertos-tn/examples/imx7d_pico_m4/demo_apps/hello_world/main.c.obj
 .comment       0x00000000       0x71 CMakeFiles/hello_world.dir/home/neuberfran/projects/freertos-tn/platform/drivers/src/uart_imx.c.obj
 .comment       0x00000000       0x71 CMakeFiles/hello_world.dir/home/neuberfran/projects/freertos-tn/rtos/FreeRTOS/Source/list.c.obj
 .comment       0x00000000       0x71 CMakeFiles/hello_world.dir/home/neuberfran/projects/freertos-tn/rtos/FreeRTOS/Source/tasks.c.obj
 .comment       0x00000000       0x71 CMakeFiles/hello_world.dir/home/neuberfran/projects/freertos-tn/platform/drivers/src/ccm_analog_imx7d.c.obj
 .comment       0x00000000       0x71 CMakeFiles/hello_world.dir/home/neuberfran/projects/freertos-tn/platform/drivers/src/ccm_imx7d.c.obj
 .comment       0x00000000       0x71 CMakeFiles/hello_world.dir/home/neuberfran/projects/freertos-tn/platform/utilities/src/debug_console_imx.c.obj
 .comment       0x00000000       0x71 CMakeFiles/hello_world.dir/home/neuberfran/projects/freertos-tn/platform/utilities/src/print_scan.c.obj
 .comment       0x00000000       0x71 CMakeFiles/hello_world.dir/home/neuberfran/projects/freertos-tn/platform/devices/MCIMX7D/startup/system_MCIMX7D_M4.c.obj
 .comment       0x00000000       0x71 CMakeFiles/hello_world.dir/home/neuberfran/projects/freertos-tn/examples/imx7d_pico_m4/pin_mux.c.obj
 .comment       0x00000000       0x71 CMakeFiles/hello_world.dir/home/neuberfran/projects/freertos-tn/examples/imx7d_pico_m4/board.c.obj
 .comment       0x00000000       0x71 CMakeFiles/hello_world.dir/home/neuberfran/projects/freertos-tn/examples/imx7d_pico_m4/clock_freq.c.obj
 .comment       0x00000000       0x71 CMakeFiles/hello_world.dir/home/neuberfran/projects/freertos-tn/examples/imx7d_pico_m4/demo_apps/hello_world/hardware_init.c.obj

.debug_frame    0x00000000      0x984
 .debug_frame   0x00000000       0x40 /home/neuberfran/gcc-arm-none-eabi-4_9-2015q3/bin/../lib/gcc/arm-none-eabi/4.9.3/../../../../arm-none-eabi/lib/armv7e-m/fpu/libc_nano.a(lib_a-assert.o)
 .debug_frame   0x00000040       0x28 /home/neuberfran/gcc-arm-none-eabi-4_9-2015q3/bin/../lib/gcc/arm-none-eabi/4.9.3/../../../../arm-none-eabi/lib/armv7e-m/fpu/libc_nano.a(lib_a-exit.o)
 .debug_frame   0x00000068       0x64 /home/neuberfran/gcc-arm-none-eabi-4_9-2015q3/bin/../lib/gcc/arm-none-eabi/4.9.3/../../../../arm-none-eabi/lib/armv7e-m/fpu/libc_nano.a(lib_a-fprintf.o)
 .debug_frame   0x000000cc       0x2c /home/neuberfran/gcc-arm-none-eabi-4_9-2015q3/bin/../lib/gcc/arm-none-eabi/4.9.3/../../../../arm-none-eabi/lib/armv7e-m/fpu/libc_nano.a(lib_a-init.o)
 .debug_frame   0x000000f8       0x20 /home/neuberfran/gcc-arm-none-eabi-4_9-2015q3/bin/../lib/gcc/arm-none-eabi/4.9.3/../../../../arm-none-eabi/lib/armv7e-m/fpu/libc_nano.a(lib_a-memset.o)
 .debug_frame   0x00000118       0xb8 /home/neuberfran/gcc-arm-none-eabi-4_9-2015q3/bin/../lib/gcc/arm-none-eabi/4.9.3/../../../../arm-none-eabi/lib/armv7e-m/fpu/libc_nano.a(lib_a-nano-vfprintf.o)
 .debug_frame   0x000001d0       0x58 /home/neuberfran/gcc-arm-none-eabi-4_9-2015q3/bin/../lib/gcc/arm-none-eabi/4.9.3/../../../../arm-none-eabi/lib/armv7e-m/fpu/libc_nano.a(lib_a-nano-vfprintf_i.o)
 .debug_frame   0x00000228       0x20 /home/neuberfran/gcc-arm-none-eabi-4_9-2015q3/bin/../lib/gcc/arm-none-eabi/4.9.3/../../../../arm-none-eabi/lib/armv7e-m/fpu/libc_nano.a(lib_a-strlen.o)
 .debug_frame   0x00000248       0x3c /home/neuberfran/gcc-arm-none-eabi-4_9-2015q3/bin/../lib/gcc/arm-none-eabi/4.9.3/../../../../arm-none-eabi/lib/armv7e-m/fpu/libc_nano.a(lib_a-wbuf.o)
 .debug_frame   0x00000284       0x2c /home/neuberfran/gcc-arm-none-eabi-4_9-2015q3/bin/../lib/gcc/arm-none-eabi/4.9.3/../../../../arm-none-eabi/lib/armv7e-m/fpu/libc_nano.a(lib_a-wsetup.o)
 .debug_frame   0x000002b0       0x28 /home/neuberfran/gcc-arm-none-eabi-4_9-2015q3/bin/../lib/gcc/arm-none-eabi/4.9.3/../../../../arm-none-eabi/lib/armv7e-m/fpu/libc_nano.a(lib_a-abort.o)
 .debug_frame   0x000002d8       0x68 /home/neuberfran/gcc-arm-none-eabi-4_9-2015q3/bin/../lib/gcc/arm-none-eabi/4.9.3/../../../../arm-none-eabi/lib/armv7e-m/fpu/libc_nano.a(lib_a-fflush.o)
 .debug_frame   0x00000340      0x11c /home/neuberfran/gcc-arm-none-eabi-4_9-2015q3/bin/../lib/gcc/arm-none-eabi/4.9.3/../../../../arm-none-eabi/lib/armv7e-m/fpu/libc_nano.a(lib_a-findfp.o)
 .debug_frame   0x0000045c       0x54 /home/neuberfran/gcc-arm-none-eabi-4_9-2015q3/bin/../lib/gcc/arm-none-eabi/4.9.3/../../../../arm-none-eabi/lib/armv7e-m/fpu/libc_nano.a(lib_a-fwalk.o)
 .debug_frame   0x000004b0       0x34 /home/neuberfran/gcc-arm-none-eabi-4_9-2015q3/bin/../lib/gcc/arm-none-eabi/4.9.3/../../../../arm-none-eabi/lib/armv7e-m/fpu/libc_nano.a(lib_a-makebuf.o)
 .debug_frame   0x000004e4       0x28 /home/neuberfran/gcc-arm-none-eabi-4_9-2015q3/bin/../lib/gcc/arm-none-eabi/4.9.3/../../../../arm-none-eabi/lib/armv7e-m/fpu/libc_nano.a(lib_a-memchr.o)
 .debug_frame   0x0000050c       0x2c /home/neuberfran/gcc-arm-none-eabi-4_9-2015q3/bin/../lib/gcc/arm-none-eabi/4.9.3/../../../../arm-none-eabi/lib/armv7e-m/fpu/libc_nano.a(lib_a-nano-freer.o)
 .debug_frame   0x00000538       0x2c /home/neuberfran/gcc-arm-none-eabi-4_9-2015q3/bin/../lib/gcc/arm-none-eabi/4.9.3/../../../../arm-none-eabi/lib/armv7e-m/fpu/libc_nano.a(lib_a-nano-mallocr.o)
 .debug_frame   0x00000564       0x2c /home/neuberfran/gcc-arm-none-eabi-4_9-2015q3/bin/../lib/gcc/arm-none-eabi/4.9.3/../../../../arm-none-eabi/lib/armv7e-m/fpu/libc_nano.a(lib_a-sbrkr.o)
 .debug_frame   0x00000590       0xcc /home/neuberfran/gcc-arm-none-eabi-4_9-2015q3/bin/../lib/gcc/arm-none-eabi/4.9.3/../../../../arm-none-eabi/lib/armv7e-m/fpu/libc_nano.a(lib_a-signal.o)
 .debug_frame   0x0000065c       0x3c /home/neuberfran/gcc-arm-none-eabi-4_9-2015q3/bin/../lib/gcc/arm-none-eabi/4.9.3/../../../../arm-none-eabi/lib/armv7e-m/fpu/libc_nano.a(lib_a-signalr.o)
 .debug_frame   0x00000698       0x88 /home/neuberfran/gcc-arm-none-eabi-4_9-2015q3/bin/../lib/gcc/arm-none-eabi/4.9.3/../../../../arm-none-eabi/lib/armv7e-m/fpu/libc_nano.a(lib_a-stdio.o)
 .debug_frame   0x00000720       0x2c /home/neuberfran/gcc-arm-none-eabi-4_9-2015q3/bin/../lib/gcc/arm-none-eabi/4.9.3/../../../../arm-none-eabi/lib/armv7e-m/fpu/libc_nano.a(lib_a-writer.o)
 .debug_frame   0x0000074c       0x2c /home/neuberfran/gcc-arm-none-eabi-4_9-2015q3/bin/../lib/gcc/arm-none-eabi/4.9.3/../../../../arm-none-eabi/lib/armv7e-m/fpu/libc_nano.a(lib_a-closer.o)
 .debug_frame   0x00000778       0x2c /home/neuberfran/gcc-arm-none-eabi-4_9-2015q3/bin/../lib/gcc/arm-none-eabi/4.9.3/../../../../arm-none-eabi/lib/armv7e-m/fpu/libc_nano.a(lib_a-fstatr.o)
 .debug_frame   0x000007a4       0x2c /home/neuberfran/gcc-arm-none-eabi-4_9-2015q3/bin/../lib/gcc/arm-none-eabi/4.9.3/../../../../arm-none-eabi/lib/armv7e-m/fpu/libc_nano.a(lib_a-isattyr.o)
 .debug_frame   0x000007d0       0x2c /home/neuberfran/gcc-arm-none-eabi-4_9-2015q3/bin/../lib/gcc/arm-none-eabi/4.9.3/../../../../arm-none-eabi/lib/armv7e-m/fpu/libc_nano.a(lib_a-lseekr.o)
 .debug_frame   0x000007fc       0x2c /home/neuberfran/gcc-arm-none-eabi-4_9-2015q3/bin/../lib/gcc/arm-none-eabi/4.9.3/../../../../arm-none-eabi/lib/armv7e-m/fpu/libc_nano.a(lib_a-readr.o)
 .debug_frame   0x00000828       0x5c /home/neuberfran/gcc-arm-none-eabi-4_9-2015q3/bin/../lib/gcc/arm-none-eabi/4.9.3/../../../../arm-none-eabi/lib/armv7e-m/fpu/libc_nano.a(lib_a-reent.o)
 .debug_frame   0x00000884       0x20 /home/neuberfran/gcc-arm-none-eabi-4_9-2015q3/bin/../lib/gcc/arm-none-eabi/4.9.3/../../../../arm-none-eabi/lib/armv7e-m/fpu/libnosys.a(close.o)
 .debug_frame   0x000008a4       0x20 /home/neuberfran/gcc-arm-none-eabi-4_9-2015q3/bin/../lib/gcc/arm-none-eabi/4.9.3/../../../../arm-none-eabi/lib/armv7e-m/fpu/libnosys.a(fstat.o)
 .debug_frame   0x000008c4       0x20 /home/neuberfran/gcc-arm-none-eabi-4_9-2015q3/bin/../lib/gcc/arm-none-eabi/4.9.3/../../../../arm-none-eabi/lib/armv7e-m/fpu/libnosys.a(getpid.o)
 .debug_frame   0x000008e4       0x20 /home/neuberfran/gcc-arm-none-eabi-4_9-2015q3/bin/../lib/gcc/arm-none-eabi/4.9.3/../../../../arm-none-eabi/lib/armv7e-m/fpu/libnosys.a(isatty.o)
 .debug_frame   0x00000904       0x20 /home/neuberfran/gcc-arm-none-eabi-4_9-2015q3/bin/../lib/gcc/arm-none-eabi/4.9.3/../../../../arm-none-eabi/lib/armv7e-m/fpu/libnosys.a(kill.o)
 .debug_frame   0x00000924       0x20 /home/neuberfran/gcc-arm-none-eabi-4_9-2015q3/bin/../lib/gcc/arm-none-eabi/4.9.3/../../../../arm-none-eabi/lib/armv7e-m/fpu/libnosys.a(lseek.o)
 .debug_frame   0x00000944       0x20 /home/neuberfran/gcc-arm-none-eabi-4_9-2015q3/bin/../lib/gcc/arm-none-eabi/4.9.3/../../../../arm-none-eabi/lib/armv7e-m/fpu/libnosys.a(sbrk.o)
 .debug_frame   0x00000964       0x20 /home/neuberfran/gcc-arm-none-eabi-4_9-2015q3/bin/../lib/gcc/arm-none-eabi/4.9.3/../../../../arm-none-eabi/lib/armv7e-m/fpu/libnosys.a(_exit.o)

.stab           0x00000000       0x9c
 .stab          0x00000000       0x24 /home/neuberfran/gcc-arm-none-eabi-4_9-2015q3/bin/../lib/gcc/arm-none-eabi/4.9.3/../../../../arm-none-eabi/lib/armv7e-m/fpu/libnosys.a(close.o)
 .stab          0x00000024       0x18 /home/neuberfran/gcc-arm-none-eabi-4_9-2015q3/bin/../lib/gcc/arm-none-eabi/4.9.3/../../../../arm-none-eabi/lib/armv7e-m/fpu/libnosys.a(fstat.o)
                                 0x24 (size before relaxing)
 .stab          0x0000003c       0x18 /home/neuberfran/gcc-arm-none-eabi-4_9-2015q3/bin/../lib/gcc/arm-none-eabi/4.9.3/../../../../arm-none-eabi/lib/armv7e-m/fpu/libnosys.a(getpid.o)
                                 0x24 (size before relaxing)
 .stab          0x00000054       0x18 /home/neuberfran/gcc-arm-none-eabi-4_9-2015q3/bin/../lib/gcc/arm-none-eabi/4.9.3/../../../../arm-none-eabi/lib/armv7e-m/fpu/libnosys.a(isatty.o)
                                 0x24 (size before relaxing)
 .stab          0x0000006c       0x18 /home/neuberfran/gcc-arm-none-eabi-4_9-2015q3/bin/../lib/gcc/arm-none-eabi/4.9.3/../../../../arm-none-eabi/lib/armv7e-m/fpu/libnosys.a(kill.o)
                                 0x24 (size before relaxing)
 .stab          0x00000084       0x18 /home/neuberfran/gcc-arm-none-eabi-4_9-2015q3/bin/../lib/gcc/arm-none-eabi/4.9.3/../../../../arm-none-eabi/lib/armv7e-m/fpu/libnosys.a(lseek.o)
                                 0x24 (size before relaxing)

.stabstr        0x00000000      0x14f
 .stabstr       0x00000000      0x14f /home/neuberfran/gcc-arm-none-eabi-4_9-2015q3/bin/../lib/gcc/arm-none-eabi/4.9.3/../../../../arm-none-eabi/lib/armv7e-m/fpu/libnosys.a(close.o)
