Archive member included because of file (symbol)

/home/neuberfran/gcc-arm-none-eabi-4_9-2015q3/bin/../lib/gcc/arm-none-eabi/4.9.3/../../../../arm-none-eabi/lib/armv7e-m/fpu/libc_nano.a(lib_a-assert.o)
                              CMakeFiles/rpmsg_pingpong_freertos_example.dir/home/neuberfran/projects/freertos-tn/examples/imx7d_pico_m4/demo_apps/rpmsg/pingpong_freertos/pingpong_freertos.c.obj (__assert_func)
/home/neuberfran/gcc-arm-none-eabi-4_9-2015q3/bin/../lib/gcc/arm-none-eabi/4.9.3/../../../../arm-none-eabi/lib/armv7e-m/fpu/libc_nano.a(lib_a-exit.o)
                              /home/neuberfran/gcc-arm-none-eabi-4_9-2015q3/bin/../lib/gcc/arm-none-eabi/4.9.3/../../../../arm-none-eabi/lib/armv7e-m/fpu/crt0.o (exit)
/home/neuberfran/gcc-arm-none-eabi-4_9-2015q3/bin/../lib/gcc/arm-none-eabi/4.9.3/../../../../arm-none-eabi/lib/armv7e-m/fpu/libc_nano.a(lib_a-fprintf.o)
                              /home/neuberfran/gcc-arm-none-eabi-4_9-2015q3/bin/../lib/gcc/arm-none-eabi/4.9.3/../../../../arm-none-eabi/lib/armv7e-m/fpu/libc_nano.a(lib_a-assert.o) (fiprintf)
/home/neuberfran/gcc-arm-none-eabi-4_9-2015q3/bin/../lib/gcc/arm-none-eabi/4.9.3/../../../../arm-none-eabi/lib/armv7e-m/fpu/libc_nano.a(lib_a-impure.o)
                              /home/neuberfran/gcc-arm-none-eabi-4_9-2015q3/bin/../lib/gcc/arm-none-eabi/4.9.3/../../../../arm-none-eabi/lib/armv7e-m/fpu/libc_nano.a(lib_a-exit.o) (_global_impure_ptr)
/home/neuberfran/gcc-arm-none-eabi-4_9-2015q3/bin/../lib/gcc/arm-none-eabi/4.9.3/../../../../arm-none-eabi/lib/armv7e-m/fpu/libc_nano.a(lib_a-init.o)
                              /home/neuberfran/gcc-arm-none-eabi-4_9-2015q3/bin/../lib/gcc/arm-none-eabi/4.9.3/../../../../arm-none-eabi/lib/armv7e-m/fpu/crt0.o (__libc_init_array)
/home/neuberfran/gcc-arm-none-eabi-4_9-2015q3/bin/../lib/gcc/arm-none-eabi/4.9.3/../../../../arm-none-eabi/lib/armv7e-m/fpu/libc_nano.a(lib_a-memcpy.o)
                              CMakeFiles/rpmsg_pingpong_freertos_example.dir/home/neuberfran/projects/freertos-tn/middleware/multicore/open-amp/rpmsg/rpmsg_rtos.c.obj (memcpy)
/home/neuberfran/gcc-arm-none-eabi-4_9-2015q3/bin/../lib/gcc/arm-none-eabi/4.9.3/../../../../arm-none-eabi/lib/armv7e-m/fpu/libc_nano.a(lib_a-memset.o)
                              /home/neuberfran/gcc-arm-none-eabi-4_9-2015q3/bin/../lib/gcc/arm-none-eabi/4.9.3/../../../../arm-none-eabi/lib/armv7e-m/fpu/crt0.o (memset)
/home/neuberfran/gcc-arm-none-eabi-4_9-2015q3/bin/../lib/gcc/arm-none-eabi/4.9.3/../../../../arm-none-eabi/lib/armv7e-m/fpu/libc_nano.a(lib_a-nano-vfprintf.o)
                              /home/neuberfran/gcc-arm-none-eabi-4_9-2015q3/bin/../lib/gcc/arm-none-eabi/4.9.3/../../../../arm-none-eabi/lib/armv7e-m/fpu/libc_nano.a(lib_a-fprintf.o) (_vfprintf_r)
/home/neuberfran/gcc-arm-none-eabi-4_9-2015q3/bin/../lib/gcc/arm-none-eabi/4.9.3/../../../../arm-none-eabi/lib/armv7e-m/fpu/libc_nano.a(lib_a-nano-vfprintf_i.o)
                              /home/neuberfran/gcc-arm-none-eabi-4_9-2015q3/bin/../lib/gcc/arm-none-eabi/4.9.3/../../../../arm-none-eabi/lib/armv7e-m/fpu/libc_nano.a(lib_a-nano-vfprintf.o) (_printf_i)
/home/neuberfran/gcc-arm-none-eabi-4_9-2015q3/bin/../lib/gcc/arm-none-eabi/4.9.3/../../../../arm-none-eabi/lib/armv7e-m/fpu/libc_nano.a(lib_a-strcmp.o)
                              CMakeFiles/rpmsg_pingpong_freertos_example.dir/home/neuberfran/projects/freertos-tn/middleware/multicore/open-amp/porting/env/freertos/rpmsg_porting.c.obj (strcmp)
/home/neuberfran/gcc-arm-none-eabi-4_9-2015q3/bin/../lib/gcc/arm-none-eabi/4.9.3/../../../../arm-none-eabi/lib/armv7e-m/fpu/libc_nano.a(lib_a-strlen.o)
                              CMakeFiles/rpmsg_pingpong_freertos_example.dir/home/neuberfran/projects/freertos-tn/platform/utilities/src/print_scan.c.obj (strlen)
/home/neuberfran/gcc-arm-none-eabi-4_9-2015q3/bin/../lib/gcc/arm-none-eabi/4.9.3/../../../../arm-none-eabi/lib/armv7e-m/fpu/libc_nano.a(lib_a-strncmp.o)
                              CMakeFiles/rpmsg_pingpong_freertos_example.dir/home/neuberfran/projects/freertos-tn/middleware/multicore/open-amp/porting/env/freertos/rpmsg_porting.c.obj (strncmp)
/home/neuberfran/gcc-arm-none-eabi-4_9-2015q3/bin/../lib/gcc/arm-none-eabi/4.9.3/../../../../arm-none-eabi/lib/armv7e-m/fpu/libc_nano.a(lib_a-strncpy.o)
                              CMakeFiles/rpmsg_pingpong_freertos_example.dir/home/neuberfran/projects/freertos-tn/middleware/multicore/open-amp/porting/env/freertos/rpmsg_porting.c.obj (strncpy)
/home/neuberfran/gcc-arm-none-eabi-4_9-2015q3/bin/../lib/gcc/arm-none-eabi/4.9.3/../../../../arm-none-eabi/lib/armv7e-m/fpu/libc_nano.a(lib_a-wbuf.o)
                              /home/neuberfran/gcc-arm-none-eabi-4_9-2015q3/bin/../lib/gcc/arm-none-eabi/4.9.3/../../../../arm-none-eabi/lib/armv7e-m/fpu/libc_nano.a(lib_a-nano-vfprintf.o) (__swbuf_r)
/home/neuberfran/gcc-arm-none-eabi-4_9-2015q3/bin/../lib/gcc/arm-none-eabi/4.9.3/../../../../arm-none-eabi/lib/armv7e-m/fpu/libc_nano.a(lib_a-wsetup.o)
[...]
Memory Configuration

Name             Origin             Length             Attributes
m_interrupts     0x1fff8000         0x00000240         xr
m_text           0x1fff8240         0x00007dc0         xr
m_data           0x20000000         0x00008000         rw
*default*        0x00000000         0xffffffff

Linker script and memory map

LOAD /home/neuberfran/gcc-arm-none-eabi-4_9-2015q3/bin/../lib/gcc/arm-none-eabi/4.9.3/armv7e-m/fpu/crti.o
LOAD /home/neuberfran/gcc-arm-none-eabi-4_9-2015q3/bin/../lib/gcc/arm-none-eabi/4.9.3/armv7e-m/fpu/crtbegin.o
LOAD /home/neuberfran/gcc-arm-none-eabi-4_9-2015q3/bin/../lib/gcc/arm-none-eabi/4.9.3/../../../../arm-none-eabi/lib/armv7e-m/fpu/crt0.o
LOAD /home/neuberfran/gcc-arm-none-eabi-4_9-2015q3/bin/../lib/gcc/arm-none-eabi/4.9.3/../../../../arm-none-eabi/lib/armv7e-m/fpu/libm.a
LOAD CMakeFiles/rpmsg_pingpong_freertos_example.dir/home/neuberfran/projects/freertos-tn/rtos/FreeRTOS/Source/portable/GCC/ARM_CM4F/port.c.obj
LOAD CMakeFiles/rpmsg_pingpong_freertos_example.dir/home/neuberfran/projects/freertos-tn/platform/devices/MCIMX7D/startup/gcc/startup_MCIMX7D_M4.S.obj
LOAD CMakeFiles/rpmsg_pingpong_freertos_example.dir/home/neuberfran/projects/freertos-tn/rtos/FreeRTOS/Source/portable/MemMang/heap_2.c.obj
LOAD CMakeFiles/rpmsg_pingpong_freertos_example.dir/home/neuberfran/projects/freertos-tn/examples/imx7d_pico_m4/demo_apps/rpmsg/pingpong_freertos/pingpong_freertos.c.obj
LOAD CMakeFiles/rpmsg_pingpong_freertos_example.dir/home/neuberfran/projects/freertos-tn/middleware/multicore/open-amp/rpmsg/rpmsg_rtos.c.obj
LOAD CMakeFiles/rpmsg_pingpong_freertos_example.dir/home/neuberfran/projects/freertos-tn/middleware/multicore/open-amp/porting/imx7d_m4/platform.c.obj
LOAD CMakeFiles/rpmsg_pingpong_freertos_example.dir/home/neuberfran/projects/freertos-tn/middleware/multicore/open-amp/porting/imx7d_m4/platform_info.c.obj
LOAD CMakeFiles/rpmsg_pingpong_freertos_example.dir/home/neuberfran/projects/freertos-tn/middleware/multicore/open-amp/common/hil/hil.c.obj
LOAD CMakeFiles/rpmsg_pingpong_freertos_example.dir/home/neuberfran/projects/freertos-tn/middleware/multicore/open-amp/common/llist/llist.c.obj
LOAD CMakeFiles/rpmsg_pingpong_freertos_example.dir/home/neuberfran/projects/freertos-tn/middleware/multicore/open-amp/common/shm/sh_mem.c.obj
LOAD CMakeFiles/rpmsg_pingpong_freertos_example.dir/home/neuberfran/projects/freertos-tn/middleware/multicore/open-amp/porting/config/config.c.obj
LOAD CMakeFiles/rpmsg_pingpong_freertos_example.dir/home/neuberfran/projects/freertos-tn/middleware/multicore/open-amp/rpmsg/remote_device.c.obj
LOAD CMakeFiles/rpmsg_pingpong_freertos_example.dir/home/neuberfran/projects/freertos-tn/middleware/multicore/open-amp/rpmsg/rpmsg.c.obj
LOAD CMakeFiles/rpmsg_pingpong_freertos_example.dir/home/neuberfran/projects/freertos-tn/middleware/multicore/open-amp/rpmsg/rpmsg_ext.c.obj
LOAD CMakeFiles/rpmsg_pingpong_freertos_example.dir/home/neuberfran/projects/freertos-tn/middleware/multicore/open-amp/rpmsg/rpmsg_core.c.obj
LOAD CMakeFiles/rpmsg_pingpong_freertos_example.dir/home/neuberfran/projects/freertos-tn/middleware/multicore/open-amp/virtio/virtio.c.obj
LOAD CMakeFiles/rpmsg_pingpong_freertos_example.dir/home/neuberfran/projects/freertos-tn/middleware/multicore/open-amp/virtio/virtqueue.c.obj
LOAD CMakeFiles/rpmsg_pingpong_freertos_example.dir/home/neuberfran/projects/freertos-tn/middleware/multicore/open-amp/porting/env/freertos/rpmsg_porting.c.obj
LOAD CMakeFiles/rpmsg_pingpong_freertos_example.dir/home/neuberfran/projects/freertos-tn/rtos/FreeRTOS/Source/croutine.c.obj
LOAD CMakeFiles/rpmsg_pingpong_freertos_example.dir/home/neuberfran/projects/freertos-tn/rtos/FreeRTOS/Source/event_groups.c.obj
LOAD CMakeFiles/rpmsg_pingpong_freertos_example.dir/home/neuberfran/projects/freertos-tn/rtos/FreeRTOS/Source/list.c.obj
LOAD CMakeFiles/rpmsg_pingpong_freertos_example.dir/home/neuberfran/projects/freertos-tn/rtos/FreeRTOS/Source/queue.c.obj
LOAD CMakeFiles/rpmsg_pingpong_freertos_example.dir/home/neuberfran/projects/freertos-tn/rtos/FreeRTOS/Source/tasks.c.obj
LOAD CMakeFiles/rpmsg_pingpong_freertos_example.dir/home/neuberfran/projects/freertos-tn/rtos/FreeRTOS/Source/timers.c.obj
LOAD CMakeFiles/rpmsg_pingpong_freertos_example.dir/home/neuberfran/projects/freertos-tn/platform/drivers/src/ccm_analog_imx7d.c.obj
LOAD CMakeFiles/rpmsg_pingpong_freertos_example.dir/home/neuberfran/projects/freertos-tn/platform/drivers/src/ccm_imx7d.c.obj
LOAD CMakeFiles/rpmsg_pingpong_freertos_example.dir/home/neuberfran/projects/freertos-tn/platform/drivers/src/lmem.c.obj
LOAD CMakeFiles/rpmsg_pingpong_freertos_example.dir/home/neuberfran/projects/freertos-tn/platform/drivers/src/rdc.c.obj
LOAD CMakeFiles/rpmsg_pingpong_freertos_example.dir/home/neuberfran/projects/freertos-tn/platform/drivers/src/wdog_imx.c.obj
LOAD CMakeFiles/rpmsg_pingpong_freertos_example.dir/home/neuberfran/projects/freertos-tn/platform/utilities/src/debug_console_imx.c.obj
LOAD CMakeFiles/rpmsg_pingpong_freertos_example.dir/home/neuberfran/projects/freertos-tn/platform/utilities/src/print_scan.c.obj
LOAD CMakeFiles/rpmsg_pingpong_freertos_example.dir/home/neuberfran/projects/freertos-tn/platform/devices/MCIMX7D/startup/system_MCIMX7D_M4.c.obj
LOAD CMakeFiles/rpmsg_pingpong_freertos_example.dir/home/neuberfran/projects/freertos-tn/examples/imx7d_pico_m4/pin_mux.c.obj
LOAD CMakeFiles/rpmsg_pingpong_freertos_example.dir/home/neuberfran/projects/freertos-tn/examples/imx7d_pico_m4/board.c.obj
LOAD CMakeFiles/rpmsg_pingpong_freertos_example.dir/home/neuberfran/projects/freertos-tn/examples/imx7d_pico_m4/clock_freq.c.obj
LOAD CMakeFiles/rpmsg_pingpong_freertos_example.dir/home/neuberfran/projects/freertos-tn/examples/imx7d_pico_m4/demo_apps/rpmsg/pingpong_freertos/hardware_init.c.obj
LOAD CMakeFiles/rpmsg_pingpong_freertos_example.dir/home/neuberfran/projects/freertos-tn/platform/drivers/src/uart_imx.c.obj
LOAD CMakeFiles/rpmsg_pingpong_freertos_example.dir/home/neuberfran/projects/freertos-tn/platform/drivers/src/mu_imx.c.obj
START GROUP
LOAD /home/neuberfran/gcc-arm-none-eabi-4_9-2015q3/bin/../lib/gcc/arm-none-eabi/4.9.3/../../../../arm-none-eabi/lib/armv7e-m/fpu/libm.a
LOAD /home/neuberfran/gcc-arm-none-eabi-4_9-2015q3/bin/../lib/gcc/arm-none-eabi/4.9.3/../../../../arm-none-eabi/lib/armv7e-m/fpu/libc_nano.a
LOAD /home/neuberfran/gcc-arm-none-eabi-4_9-2015q3/bin/../lib/gcc/arm-none-eabi/4.9.3/armv7e-m/fpu/libgcc.a
LOAD /home/neuberfran/gcc-arm-none-eabi-4_9-2015q3/bin/../lib/gcc/arm-none-eabi/4.9.3/../../../../arm-none-eabi/lib/armv7e-m/fpu/libnosys.a
END GROUP
START GROUP
LOAD /home/neuberfran/gcc-arm-none-eabi-4_9-2015q3/bin/../lib/gcc/arm-none-eabi/4.9.3/armv7e-m/fpu/libgcc.a
LOAD /home/neuberfran/gcc-arm-none-eabi-4_9-2015q3/bin/../lib/gcc/arm-none-eabi/4.9.3/../../../../arm-none-eabi/lib/armv7e-m/fpu/libg_nano.a
LOAD /home/neuberfran/gcc-arm-none-eabi-4_9-2015q3/bin/../lib/gcc/arm-none-eabi/4.9.3/../../../../arm-none-eabi/lib/armv7e-m/fpu/libc_nano.a
END GROUP
START GROUP
LOAD /home/neuberfran/gcc-arm-none-eabi-4_9-2015q3/bin/../lib/gcc/arm-none-eabi/4.9.3/armv7e-m/fpu/libgcc.a
LOAD /home/neuberfran/gcc-arm-none-eabi-4_9-2015q3/bin/../lib/gcc/arm-none-eabi/4.9.3/../../../../arm-none-eabi/lib/armv7e-m/fpu/libc_nano.a
LOAD /home/neuberfran/gcc-arm-none-eabi-4_9-2015q3/bin/../lib/gcc/arm-none-eabi/4.9.3/../../../../arm-none-eabi/lib/armv7e-m/fpu/libnosys.a
END GROUP
START GROUP
LOAD /home/neuberfran/gcc-arm-none-eabi-4_9-2015q3/bin/../lib/gcc/arm-none-eabi/4.9.3/armv7e-m/fpu/libgcc.a
LOAD /home/neuberfran/gcc-arm-none-eabi-4_9-2015q3/bin/../lib/gcc/arm-none-eabi/4.9.3/../../../../arm-none-eabi/lib/armv7e-m/fpu/libc_nano.a
LOAD /home/neuberfran/gcc-arm-none-eabi-4_9-2015q3/bin/../lib/gcc/arm-none-eabi/4.9.3/../../../../arm-none-eabi/lib/armv7e-m/fpu/libnosys.a
END GROUP
LOAD /home/neuberfran/gcc-arm-none-eabi-4_9-2015q3/bin/../lib/gcc/arm-none-eabi/4.9.3/armv7e-m/fpu/crtend.o
LOAD /home/neuberfran/gcc-arm-none-eabi-4_9-2015q3/bin/../lib/gcc/arm-none-eabi/4.9.3/armv7e-m/fpu/crtn.o
                0x00000400                HEAP_SIZE = DEFINED (__heap_size__)?__heap_size__:0x400
                0x00000400                STACK_SIZE = DEFINED (__stack_size__)?__stack_size__:0x400

.interrupts     0x1fff8000      0x240
                0x1fff8000                __VECTOR_TABLE = .
                0x1fff8000                . = ALIGN (0x4)
 *(.isr_vector)
 .isr_vector    0x1fff8000      0x240 CMakeFiles/rpmsg_pingpong_freertos_example.dir/home/neuberfran/projects/freertos-tn/platform/devices/MCIMX7D/startup/gcc/startup_MCIMX7D_M4.S.obj
                0x1fff8000                __isr_vector
                0x1fff8240                . = ALIGN (0x4)

.text           0x1fff8240     0x78e0
                0x1fff8240                . = ALIGN (0x4)
 *(.text)
 .text          0x1fff8240       0x5c /home/neuberfran/gcc-arm-none-eabi-4_9-2015q3/bin/../lib/gcc/arm-none-eabi/4.9.3/armv7e-m/fpu/crtbegin.o
 .text          0x1fff829c       0x74 /home/neuberfran/gcc-arm-none-eabi-4_9-2015q3/bin/../lib/gcc/arm-none-eabi/4.9.3/../../../../arm-none-eabi/lib/armv7e-m/fpu/crt0.o
                0x1fff829c                _mainCRTStartup
                0x1fff829c                _start
 .text          0x1fff8310       0x30 CMakeFiles/rpmsg_pingpong_freertos_example.dir/home/neuberfran/projects/freertos-tn/platform/devices/MCIMX7D/startup/gcc/startup_MCIMX7D_M4.S.obj
                0x1fff8310                Reset_Handler
                0x1fff833c                ENET2_MAC0_TRANS1_Handler
                0x1fff833c                SAI3_Handler
                0x1fff833c                DebugMon_Handler
                0x1fff833c                USB_OH3_OTG2_1_Handler
                0x1fff833c                GPIO3_INT31_16_Handler
                0x1fff833c                eCSPI4_Handler
                0x1fff833c                SIM2_Handler
                0x1fff833c                FLEXCAN1_Handler
                0x1fff833c                UART3_Handler
                0x1fff833c                UART2_Handler
                0x1fff833c                GPIO1_INT3_Handler
                0x1fff833c                HardFault_Handler
                0x1fff833c                SNVS_SECURITY_Handler
                0x1fff833c                SEMA4_HS_M4_Handler
                0x1fff833c                GPIO6_INT31_16_Handler
                0x1fff833c                SRC_Handler
                0x1fff833c                GPT2_Handler
                0x1fff833c                CCM2_Handler
                0x1fff833c                I2C1_Handler
                0x1fff833c                CPU_CTI_Handler
                0x1fff833c                NMI_Handler
                0x1fff833c                SAI1_Handler
                0x1fff833c                ENET2_MAC0_IRQ_Handler
                0x1fff833c                KPP_Handler
                0x1fff833c                USB_OTG1_Handler
                0x1fff833c                MIPI_CSI_Handler
                0x1fff833c                WDOG4_Handler
                0x1fff833c                Reserved9_Handler
                0x1fff833c                QSPI_Handler
                0x1fff833c                CAAM_QUEUE_Handler
                0x1fff833c                GPIO2_INT15_0_Handler
                0x1fff833c                PCIE_CTRL4_Handler
                0x1fff833c                uSDHC2_Handler
                0x1fff833c                GPIO1_INT6_Handler
                0x1fff833c                PCIE_CTRL_REQUEST_Handler
                0x1fff833c                SCTR1_Handler
                0x1fff833c                RDC_Handler
                0x1fff833c                EPDC_Handler
                0x1fff833c                CCM1_Handler
                0x1fff833c                UsageFault_Handler
                0x1fff833c                ADC1_Handler
                0x1fff833c                GPIO1_INT0_Handler
                0x1fff833c                Analog_brown_out_Handler
                0x1fff833c                PXP2_Handler
                0x1fff833c                SEMA4_HS_A7_Handler
                0x1fff833c                RTIC_Handler
                0x1fff833c                DefaultISR
                0x1fff833c                GPIO6_INT15_0_Handler
                0x1fff833c                SCTR2_Handler
                0x1fff833c                WDOG3_Handler
                0x1fff833c                USB_OH2_OTG_Handler
                0x1fff833c                SAI2_Handler
                0x1fff833c                GPIO3_INT15_0_Handler
                0x1fff833c                FTM2_Handler
                0x1fff833c                eCSPI1_Handler
                0x1fff833c                GPC_Handler
                0x1fff833c                GPIO1_INT15_0_Handler
                0x1fff833c                UART1_Handler
                0x1fff833c                ENET1_MAC0_TRANS2_Handler
                0x1fff833c                eCSPI3_Handler
                0x1fff833c                BCH_Handler
                0x1fff833c                CAAM_ERROR_Handler
                0x1fff833c                Analog_TempSensor_Handler
                0x1fff833c                PXP1_Handler
                0x1fff833c                SNVS_Handler
                0x1fff833c                GPT4_Handler
                0x1fff833c                GPIO5_INT15_0_Handler
                0x1fff833c                ENET2_MAC0_TRANS2_Handler
                0x1fff833c                GPMI_Handler
                0x1fff833c                I2C4_Handler
                0x1fff833c                CCM_SRC_GPC_Handler
                0x1fff833c                CPU_Handler
                0x1fff833c                UART4_Handler
                0x1fff833c                GPIO1_INT1_Handler
                0x1fff833c                uSDHC3_Handler
                0x1fff833c                EIM_Handler
                0x1fff833c                PWM1_Handler
                0x1fff833c                ENET2_1588_TIMER_IRQ_Handler
                0x1fff833c                UART6_Handler
                0x1fff833c                GPIO1_INT4_Handler
                0x1fff833c                GPIO1_INT31_16_Handler
                0x1fff833c                APBHDMA_Handler
                0x1fff833c                uSDHC1_Handler
                0x1fff833c                DBGMON_Handler
                0x1fff833c                UART7_Handler
                0x1fff833c                SDMA_Handler
                0x1fff833c                GPT1_Handler
                0x1fff833c                PWM3_Handler
                0x1fff833c                PCIE_CTRL2_Handler
                0x1fff833c                MemManage_Handler
                0x1fff833c                GPIO5_INT31_16_Handler
                0x1fff833c                TZASC1_Handler
                0x1fff833c                I2C2_Handler
                0x1fff833c                DAP_Handler
                0x1fff833c                GPIO4_INT15_0_Handler
                0x1fff833c                CSI_Handler
                0x1fff833c                eCSPI2_Handler
                0x1fff833c                ENET1_1588_TIMER_Handler
                0x1fff833c                WDOG2_Handler
                0x1fff833c                FLEXCAN2_Handler
                0x1fff833c                PCIE_CTRL1_Handler
                0x1fff833c                PCIE_CTRL3_Handler
                0x1fff833c                GPT3_Handler
                0x1fff833c                GPIO1_INT5_Handler
                0x1fff833c                CAAM_WRAPPER2_Handler
                0x1fff833c                SNVS_CONSOLIDATED_Handler
                0x1fff833c                CAAM_WRAPPER1_Handler
                0x1fff833c                GPIO4_INT31_16_Handler
                0x1fff833c                GPIO1_INT2_Handler
                0x1fff833c                LCDIF_Handler
                0x1fff833c                UART5_Handler
                0x1fff833c                PERFMON1_Handler
                0x1fff833c                GPIO1_INT7_Handler
                0x1fff833c                I2C3_Handler
                0x1fff833c                CSU_Handler
                0x1fff833c                MIPI_DSI_Handler
                0x1fff833c                PWM2_Handler
                0x1fff833c                GPR_Handler
                0x1fff833c                SIM1_Handler
                0x1fff833c                USB_OTG2_Handler
                0x1fff833c                ENET1_MAC0_TRANS1_Handler
                0x1fff833c                BusFault_Handler
                0x1fff833c                USB_OH3_OTG2_2_Handler
                0x1fff833c                ENET1_MAC0_Handler
                0x1fff833c                PERFMON2_Handler
                0x1fff833c                GPIO7_INT31_16_Handler
                0x1fff833c                PWM4_Handler
                0x1fff833c                GPIO2_INT31_16_Handler
                0x1fff833c                FTM1_Handler
                0x1fff833c                GPIO7_INT15_0_Handler
                0x1fff833c                WDOG1_Handler
                0x1fff833c                MU_A7_Handler
                0x1fff833c                ADC2_Handler
                0x1fff833c                TPR_Handler
 *(.text*)
 .text.pxPortInitialiseStack
                0x1fff8340       0x64 CMakeFiles/rpmsg_pingpong_freertos_example.dir/home/neuberfran/projects/freertos-tn/rtos/FreeRTOS/Source/portable/GCC/ARM_CM4F/port.c.obj
                0x1fff8340                pxPortInitialiseStack
 .text.prvTaskExitError
                0x1fff83a4       0x20 CMakeFiles/rpmsg_pingpong_freertos_example.dir/home/neuberfran/projects/freertos-tn/rtos/FreeRTOS/Source/portable/GCC/ARM_CM4F/port.c.obj
 .text.SVC_Handler
                0x1fff83c4       0x20 CMakeFiles/rpmsg_pingpong_freertos_example.dir/home/neuberfran/projects/freertos-tn/rtos/FreeRTOS/Source/portable/GCC/ARM_CM4F/port.c.obj
                0x1fff83c4                SVC_Handler
 .text.prvPortStartFirstTask
                0x1fff83e4       0x1c CMakeFiles/rpmsg_pingpong_freertos_example.dir/home/neuberfran/projects/freertos-tn/rtos/FreeRTOS/Source/portable/GCC/ARM_CM4F/port.c.obj
 .text.xPortStartScheduler
                0x1fff8400       0xd0 CMakeFiles/rpmsg_pingpong_freertos_example.dir/home/neuberfran/projects/freertos-tn/rtos/FreeRTOS/Source/portable/GCC/ARM_CM4F/port.c.obj
                0x1fff8400                xPortStartScheduler
 .text.vPortYield
                0x1fff84d0       0x20 CMakeFiles/rpmsg_pingpong_freertos_example.dir/home/neuberfran/projects/freertos-tn/rtos/FreeRTOS/Source/portable/GCC/ARM_CM4F/port.c.obj
                0x1fff84d0                vPortYield
 .text.vPortEnterCritical
                0x1fff84f0       0x20 CMakeFiles/rpmsg_pingpong_freertos_example.dir/home/neuberfran/projects/freertos-tn/rtos/FreeRTOS/Source/portable/GCC/ARM_CM4F/port.c.obj
                0x1fff84f0                vPortEnterCritical
 .text.vPortExitCritical
                0x1fff8510       0x30 CMakeFiles/rpmsg_pingpong_freertos_example.dir/home/neuberfran/projects/freertos-tn/rtos/FreeRTOS/Source/portable/GCC/ARM_CM4F/port.c.obj
                0x1fff8510                vPortExitCritical
 .text.ulPortSetInterruptMask
                0x1fff8540       0x14 CMakeFiles/rpmsg_pingpong_freertos_example.dir/home/neuberfran/projects/freertos-tn/rtos/FreeRTOS/Source/portable/GCC/ARM_CM4F/port.c.obj
                0x1fff8540                ulPortSetInterruptMask
 .text.vPortClearInterruptMask
                0x1fff8554        0x8 CMakeFiles/rpmsg_pingpong_freertos_example.dir/home/neuberfran/projects/freertos-tn/rtos/FreeRTOS/Source/portable/GCC/ARM_CM4F/port.c.obj
                0x1fff8554                vPortClearInterruptMask
 .text.PendSV_Handler
                0x1fff855c       0x58 CMakeFiles/rpmsg_pingpong_freertos_example.dir/home/neuberfran/projects/freertos-tn/rtos/FreeRTOS/Source/portable/GCC/ARM_CM4F/port.c.obj
                0x1fff855c                PendSV_Handler
 .text.SysTick_Handler
                0x1fff85b4       0x28 CMakeFiles/rpmsg_pingpong_freertos_example.dir/home/neuberfran/projects/freertos-tn/rtos/FreeRTOS/Source/portable/GCC/ARM_CM4F/port.c.obj
                0x1fff85b4                SysTick_Handler
 .text.vPortSetupTimerInterrupt
                0x1fff85dc       0x24 CMakeFiles/rpmsg_pingpong_freertos_example.dir/home/neuberfran/projects/freertos-tn/rtos/FreeRTOS/Source/portable/GCC/ARM_CM4F/port.c.obj
                0x1fff85dc                vPortSetupTimerInterrupt
 .text.vPortEnableVFP
                0x1fff8600       0x14 CMakeFiles/rpmsg_pingpong_freertos_example.dir/home/neuberfran/projects/freertos-tn/rtos/FreeRTOS/Source/portable/GCC/ARM_CM4F/port.c.obj
 .text.vPortValidateInterruptPriority
                0x1fff8614       0x58 CMakeFiles/rpmsg_pingpong_freertos_example.dir/home/neuberfran/projects/freertos-tn/rtos/FreeRTOS/Source/portable/GCC/ARM_CM4F/port.c.obj
                0x1fff8614                vPortValidateInterruptPriority
 .text.pvPortMalloc
                0x1fff866c      0x11c CMakeFiles/rpmsg_pingpong_freertos_example.dir/home/neuberfran/projects/freertos-tn/rtos/FreeRTOS/Source/portable/MemMang/heap_2.c.obj
                0x1fff866c                pvPortMalloc
 .text.vPortFree
                0x1fff8788       0x70 CMakeFiles/rpmsg_pingpong_freertos_example.dir/home/neuberfran/projects/freertos-tn/rtos/FreeRTOS/Source/portable/MemMang/heap_2.c.obj
                0x1fff8788                vPortFree
 .text.prvHeapInit
                0x1fff87f8       0x50 CMakeFiles/rpmsg_pingpong_freertos_example.dir/home/neuberfran/projects/freertos-tn/rtos/FreeRTOS/Source/portable/MemMang/heap_2.c.obj
 .text.NVIC_EnableIRQ
                0x1fff8848       0x30 CMakeFiles/rpmsg_pingpong_freertos_example.dir/home/neuberfran/projects/freertos-tn/examples/imx7d_pico_m4/demo_apps/rpmsg/pingpong_freertos/pingpong_freertos.c.obj
 .text.NVIC_SetPriority
                0x1fff8878       0x54 CMakeFiles/rpmsg_pingpong_freertos_example.dir/home/neuberfran/projects/freertos-tn/examples/imx7d_pico_m4/demo_apps/rpmsg/pingpong_freertos/pingpong_freertos.c.obj
 .text.MU_Init  0x1fff88cc       0x20 CMakeFiles/rpmsg_pingpong_freertos_example.dir/home/neuberfran/projects/freertos-tn/examples/imx7d_pico_m4/demo_apps/rpmsg/pingpong_freertos/pingpong_freertos.c.obj
 .text.PingPongTask
                0x1fff88ec       0xe0 CMakeFiles/rpmsg_pingpong_freertos_example.dir/home/neuberfran/projects/freertos-tn/examples/imx7d_pico_m4/demo_apps/rpmsg/pingpong_freertos/pingpong_freertos.c.obj
 .text.MU_M4_Handler
                0x1fff89cc        0xc CMakeFiles/rpmsg_pingpong_freertos_example.dir/home/neuberfran/projects/freertos-tn/examples/imx7d_pico_m4/demo_apps/rpmsg/pingpong_freertos/pingpong_freertos.c.obj
                0x1fff89cc                MU_M4_Handler
 .text.main     0x1fff89d8       0x50 CMakeFiles/rpmsg_pingpong_freertos_example.dir/home/neuberfran/projects/freertos-tn/examples/imx7d_pico_m4/demo_apps/rpmsg/pingpong_freertos/pingpong_freertos.c.obj
                0x1fff89d8                main
 .text.rpmsg_channel_created_rtos
                0x1fff8a28       0x74 CMakeFiles/rpmsg_pingpong_freertos_example.dir/home/neuberfran/projects/freertos-tn/middleware/multicore/open-amp/rpmsg/rpmsg_rtos.c.obj
 .text.rpmsg_channel_deleted_rtos
                0x1fff8a9c       0x38 CMakeFiles/rpmsg_pingpong_freertos_example.dir/home/neuberfran/projects/freertos-tn/middleware/multicore/open-amp/rpmsg/rpmsg_rtos.c.obj
 .text.rpmsg_read_rtos_cb
                0x1fff8ad4       0x74 CMakeFiles/rpmsg_pingpong_freertos_example.dir/home/neuberfran/projects/freertos-tn/middleware/multicore/open-amp/rpmsg/rpmsg_rtos.c.obj
 .text.rpmsg_rtos_init
                0x1fff8b48      0x114 CMakeFiles/rpmsg_pingpong_freertos_example.dir/home/neuberfran/projects/freertos-tn/middleware/multicore/open-amp/rpmsg/rpmsg_rtos.c.obj
                0x1fff8b48                rpmsg_rtos_init
 .text.rpmsg_rtos_recv
                0x1fff8c5c       0xb8 CMakeFiles/rpmsg_pingpong_freertos_example.dir/home/neuberfran/projects/freertos-tn/middleware/multicore/open-amp/rpmsg/rpmsg_rtos.c.obj
                0x1fff8c5c                rpmsg_rtos_recv
 .text.rpmsg_rtos_send
                0x1fff8d14       0x68 CMakeFiles/rpmsg_pingpong_freertos_example.dir/home/neuberfran/projects/freertos-tn/middleware/multicore/open-amp/rpmsg/rpmsg_rtos.c.obj
                0x1fff8d14                rpmsg_rtos_send
 .text.NVIC_EnableIRQ
                0x1fff8d7c       0x30 CMakeFiles/rpmsg_pingpong_freertos_example.dir/home/neuberfran/projects/freertos-tn/middleware/multicore/open-amp/porting/imx7d_m4/platform.c.obj
 .text.NVIC_DisableIRQ
                0x1fff8dac       0x34 CMakeFiles/rpmsg_pingpong_freertos_example.dir/home/neuberfran/projects/freertos-tn/middleware/multicore/open-amp/porting/imx7d_m4/platform.c.obj
 .text.MU_EnableRxFullInt
                0x1fff8de0       0x2c CMakeFiles/rpmsg_pingpong_freertos_example.dir/home/neuberfran/projects/freertos-tn/middleware/multicore/open-amp/porting/imx7d_m4/platform.c.obj
 .text._enable_interrupt
                0x1fff8e0c       0x30 CMakeFiles/rpmsg_pingpong_freertos_example.dir/home/neuberfran/projects/freertos-tn/middleware/multicore/open-amp/porting/imx7d_m4/platform.c.obj
 .text._notify  0x1fff8e3c       0x28 CMakeFiles/rpmsg_pingpong_freertos_example.dir/home/neuberfran/projects/freertos-tn/middleware/multicore/open-amp/porting/imx7d_m4/platform.c.obj
 .text._boot_cpu
                0x1fff8e64       0x24 CMakeFiles/rpmsg_pingpong_freertos_example.dir/home/neuberfran/projects/freertos-tn/middleware/multicore/open-amp/porting/imx7d_m4/platform.c.obj
 .text._shutdown_cpu
                0x1fff8e88       0x20 CMakeFiles/rpmsg_pingpong_freertos_example.dir/home/neuberfran/projects/freertos-tn/middleware/multicore/open-amp/porting/imx7d_m4/platform.c.obj
 .text.rpmsg_handler
                0x1fff8ea8       0x34 CMakeFiles/rpmsg_pingpong_freertos_example.dir/home/neuberfran/projects/freertos-tn/middleware/multicore/open-amp/porting/imx7d_m4/platform.c.obj
                0x1fff8ea8                rpmsg_handler
 .text.platform_isr
                0x1fff8edc       0x18 CMakeFiles/rpmsg_pingpong_freertos_example.dir/home/neuberfran/projects/freertos-tn/middleware/multicore/open-amp/porting/imx7d_m4/platform.c.obj
                0x1fff8edc                platform_isr
 .text.platform_in_isr
                0x1fff8ef4       0x24 CMakeFiles/rpmsg_pingpong_freertos_example.dir/home/neuberfran/projects/freertos-tn/middleware/multicore/open-amp/porting/imx7d_m4/platform.c.obj
                0x1fff8ef4                platform_in_isr
 .text.platform_interrupt_enable
                0x1fff8f18       0x90 CMakeFiles/rpmsg_pingpong_freertos_example.dir/home/neuberfran/projects/freertos-tn/middleware/multicore/open-amp/porting/imx7d_m4/platform.c.obj
                0x1fff8f18                platform_interrupt_enable
 .text.platform_interrupt_disable
                0x1fff8fa8       0x98 CMakeFiles/rpmsg_pingpong_freertos_example.dir/home/neuberfran/projects/freertos-tn/middleware/multicore/open-amp/porting/imx7d_m4/platform.c.obj
                0x1fff8fa8                platform_interrupt_disable
 .text.platform_interrupt_enable_all
                0x1fff9040       0x48 CMakeFiles/rpmsg_pingpong_freertos_example.dir/home/neuberfran/projects/freertos-tn/middleware/multicore/open-amp/porting/imx7d_m4/platform.c.obj
                0x1fff9040                platform_interrupt_enable_all
 .text.platform_interrupt_disable_all
                0x1fff9088       0x44 CMakeFiles/rpmsg_pingpong_freertos_example.dir/home/neuberfran/projects/freertos-tn/middleware/multicore/open-amp/porting/imx7d_m4/platform.c.obj
                0x1fff9088                platform_interrupt_disable_all
 .text.platform_map_mem_region
                0x1fff90cc       0x18 CMakeFiles/rpmsg_pingpong_freertos_example.dir/home/neuberfran/projects/freertos-tn/middleware/multicore/open-amp/porting/imx7d_m4/platform.c.obj
                0x1fff90cc                platform_map_mem_region
 .text.platform_vatopa
                0x1fff90e4       0x18 CMakeFiles/rpmsg_pingpong_freertos_example.dir/home/neuberfran/projects/freertos-tn/middleware/multicore/open-amp/porting/imx7d_m4/platform.c.obj
                0x1fff90e4                platform_vatopa
 .text.platform_patova
                0x1fff90fc       0x18 CMakeFiles/rpmsg_pingpong_freertos_example.dir/home/neuberfran/projects/freertos-tn/middleware/multicore/open-amp/porting/imx7d_m4/platform.c.obj
                0x1fff90fc                platform_patova
 .text.platform_init
                0x1fff9114       0x10 CMakeFiles/rpmsg_pingpong_freertos_example.dir/home/neuberfran/projects/freertos-tn/middleware/multicore/open-amp/porting/imx7d_m4/platform.c.obj
                0x1fff9114                platform_init
 .text.platform_deinit
                0x1fff9124       0x10 CMakeFiles/rpmsg_pingpong_freertos_example.dir/home/neuberfran/projects/freertos-tn/middleware/multicore/open-amp/porting/imx7d_m4/platform.c.obj
                0x1fff9124                platform_deinit
 .text.platform_get_processor_info
                0x1fff9134       0x68 CMakeFiles/rpmsg_pingpong_freertos_example.dir/home/neuberfran/projects/freertos-tn/middleware/multicore/open-amp/porting/imx7d_m4/platform_info.c.obj
                0x1fff9134                platform_get_processor_info
 .text.hil_create_proc
                0x1fff919c       0xb4 CMakeFiles/rpmsg_pingpong_freertos_example.dir/home/neuberfran/projects/freertos-tn/middleware/multicore/open-amp/common/hil/hil.c.obj
                0x1fff919c                hil_create_proc
 .text.hil_isr  0x1fff9250       0x18 CMakeFiles/rpmsg_pingpong_freertos_example.dir/home/neuberfran/projects/freertos-tn/middleware/multicore/open-amp/common/hil/hil.c.obj
                0x1fff9250                hil_isr
 .text.hil_get_chnl_info
                0x1fff9268       0x24 CMakeFiles/rpmsg_pingpong_freertos_example.dir/home/neuberfran/projects/freertos-tn/middleware/multicore/open-amp/common/hil/hil.c.obj
                0x1fff9268                hil_get_chnl_info
 .text.hil_get_vring_info
                0x1fff928c       0x24 CMakeFiles/rpmsg_pingpong_freertos_example.dir/home/neuberfran/projects/freertos-tn/middleware/multicore/open-amp/common/hil/hil.c.obj
                0x1fff928c                hil_get_vring_info
 .text.hil_get_shm_info
                0x1fff92b0       0x18 CMakeFiles/rpmsg_pingpong_freertos_example.dir/home/neuberfran/projects/freertos-tn/middleware/multicore/open-amp/common/hil/hil.c.obj
                0x1fff92b0                hil_get_shm_info
 .text.hil_enable_vring_notifications
                0x1fff92c8       0x48 CMakeFiles/rpmsg_pingpong_freertos_example.dir/home/neuberfran/projects/freertos-tn/middleware/multicore/open-amp/common/hil/hil.c.obj
                0x1fff92c8                hil_enable_vring_notifications
 .text.hil_vring_notify
                0x1fff9310       0x4c CMakeFiles/rpmsg_pingpong_freertos_example.dir/home/neuberfran/projects/freertos-tn/middleware/multicore/open-amp/common/hil/hil.c.obj
                0x1fff9310                hil_vring_notify
 .text.hil_get_status
                0x1fff935c       0x18 CMakeFiles/rpmsg_pingpong_freertos_example.dir/home/neuberfran/projects/freertos-tn/middleware/multicore/open-amp/common/hil/hil.c.obj
                0x1fff935c                hil_get_status
 .text.hil_set_status
                0x1fff9374       0x18 CMakeFiles/rpmsg_pingpong_freertos_example.dir/home/neuberfran/projects/freertos-tn/middleware/multicore/open-amp/common/hil/hil.c.obj
                0x1fff9374                hil_set_status
 .text.add_to_list
                0x1fff938c       0x58 CMakeFiles/rpmsg_pingpong_freertos_example.dir/home/neuberfran/projects/freertos-tn/middleware/multicore/open-amp/common/llist/llist.c.obj
                0x1fff938c                add_to_list
 .text.remove_from_list
                0x1fff93e4       0x64 CMakeFiles/rpmsg_pingpong_freertos_example.dir/home/neuberfran/projects/freertos-tn/middleware/multicore/open-amp/common/llist/llist.c.obj
                0x1fff93e4                remove_from_list
 .text.sh_mem_create_pool
                0x1fff9448       0xe4 CMakeFiles/rpmsg_pingpong_freertos_example.dir/home/neuberfran/projects/freertos-tn/middleware/multicore/open-amp/common/shm/sh_mem.c.obj
                0x1fff9448                sh_mem_create_pool
 .text.sh_mem_get_buffer
                0x1fff952c       0xc8 CMakeFiles/rpmsg_pingpong_freertos_example.dir/home/neuberfran/projects/freertos-tn/middleware/multicore/open-amp/common/shm/sh_mem.c.obj
                0x1fff952c                sh_mem_get_buffer
 .text.sh_mem_free_buffer
                0x1fff95f4       0x94 CMakeFiles/rpmsg_pingpong_freertos_example.dir/home/neuberfran/projects/freertos-tn/middleware/multicore/open-amp/common/shm/sh_mem.c.obj
                0x1fff95f4                sh_mem_free_buffer
 .text.sh_mem_delete_pool
                0x1fff9688       0x24 CMakeFiles/rpmsg_pingpong_freertos_example.dir/home/neuberfran/projects/freertos-tn/middleware/multicore/open-amp/common/shm/sh_mem.c.obj
                0x1fff9688                sh_mem_delete_pool
 .text.get_first_zero_bit
                0x1fff96ac       0x74 CMakeFiles/rpmsg_pingpong_freertos_example.dir/home/neuberfran/projects/freertos-tn/middleware/multicore/open-amp/common/shm/sh_mem.c.obj
                0x1fff96ac                get_first_zero_bit
 .text.vring_size
                0x1fff9720       0x48 CMakeFiles/rpmsg_pingpong_freertos_example.dir/home/neuberfran/projects/freertos-tn/middleware/multicore/open-amp/rpmsg/remote_device.c.obj
 .text.rpmsg_rdev_init
                0x1fff9768      0x100 CMakeFiles/rpmsg_pingpong_freertos_example.dir/home/neuberfran/projects/freertos-tn/middleware/multicore/open-amp/rpmsg/remote_device.c.obj
                0x1fff9768                rpmsg_rdev_init
 .text.rpmsg_rdev_deinit
                0x1fff9868       0xd8 CMakeFiles/rpmsg_pingpong_freertos_example.dir/home/neuberfran/projects/freertos-tn/middleware/multicore/open-amp/rpmsg/remote_device.c.obj
                0x1fff9868                rpmsg_rdev_deinit
 .text.rpmsg_rdev_get_chnl_node_from_id
                0x1fff9940       0x64 CMakeFiles/rpmsg_pingpong_freertos_example.dir/home/neuberfran/projects/freertos-tn/middleware/multicore/open-amp/rpmsg/remote_device.c.obj
                0x1fff9940                rpmsg_rdev_get_chnl_node_from_id
 .text.rpmsg_rdev_get_endpoint_from_addr
                0x1fff99a4       0x5c CMakeFiles/rpmsg_pingpong_freertos_example.dir/home/neuberfran/projects/freertos-tn/middleware/multicore/open-amp/rpmsg/remote_device.c.obj
                0x1fff99a4                rpmsg_rdev_get_endpoint_from_addr
 .text.rpmsg_rdev_notify
                0x1fff9a00       0x54 CMakeFiles/rpmsg_pingpong_freertos_example.dir/home/neuberfran/projects/freertos-tn/middleware/multicore/open-amp/rpmsg/remote_device.c.obj
                0x1fff9a00                rpmsg_rdev_notify
 .text.rpmsg_rdev_init_channels
                0x1fff9a54       0x94 CMakeFiles/rpmsg_pingpong_freertos_example.dir/home/neuberfran/projects/freertos-tn/middleware/multicore/open-amp/rpmsg/remote_device.c.obj
 .text.rpmsg_rdev_create_virtqueues
                0x1fff9ae8      0x1a8 CMakeFiles/rpmsg_pingpong_freertos_example.dir/home/neuberfran/projects/freertos-tn/middleware/multicore/open-amp/rpmsg/remote_device.c.obj
                0x1fff9ae8                rpmsg_rdev_create_virtqueues
 .text.rpmsg_rdev_get_status
                0x1fff9c90       0x18 CMakeFiles/rpmsg_pingpong_freertos_example.dir/home/neuberfran/projects/freertos-tn/middleware/multicore/open-amp/rpmsg/remote_device.c.obj
                0x1fff9c90                rpmsg_rdev_get_status
 .text.rpmsg_rdev_set_status
                0x1fff9ca8       0x18 CMakeFiles/rpmsg_pingpong_freertos_example.dir/home/neuberfran/projects/freertos-tn/middleware/multicore/open-amp/rpmsg/remote_device.c.obj
                0x1fff9ca8                rpmsg_rdev_set_status
 .text.rpmsg_rdev_get_feature
                0x1fff9cc0       0x18 CMakeFiles/rpmsg_pingpong_freertos_example.dir/home/neuberfran/projects/freertos-tn/middleware/multicore/open-amp/rpmsg/remote_device.c.obj
                0x1fff9cc0                rpmsg_rdev_get_feature
 .text.rpmsg_rdev_set_feature
                0x1fff9cd8       0x20 CMakeFiles/rpmsg_pingpong_freertos_example.dir/home/neuberfran/projects/freertos-tn/middleware/multicore/open-amp/rpmsg/remote_device.c.obj
                0x1fff9cd8                rpmsg_rdev_set_feature
 .text.rpmsg_rdev_negotiate_feature
                0x1fff9cf8       0x18 CMakeFiles/rpmsg_pingpong_freertos_example.dir/home/neuberfran/projects/freertos-tn/middleware/multicore/open-amp/rpmsg/remote_device.c.obj
                0x1fff9cf8                rpmsg_rdev_negotiate_feature
 .text.rpmsg_rdev_read_config
                0x1fff9d10       0x1c CMakeFiles/rpmsg_pingpong_freertos_example.dir/home/neuberfran/projects/freertos-tn/middleware/multicore/open-amp/rpmsg/remote_device.c.obj
                0x1fff9d10                rpmsg_rdev_read_config
 .text.rpmsg_rdev_write_config
                0x1fff9d2c       0x1c CMakeFiles/rpmsg_pingpong_freertos_example.dir/home/neuberfran/projects/freertos-tn/middleware/multicore/open-amp/rpmsg/remote_device.c.obj
                0x1fff9d2c                rpmsg_rdev_write_config
 .text.rpmsg_rdev_reset
                0x1fff9d48       0x14 CMakeFiles/rpmsg_pingpong_freertos_example.dir/home/neuberfran/projects/freertos-tn/middleware/multicore/open-amp/rpmsg/remote_device.c.obj
                0x1fff9d48                rpmsg_rdev_reset
 .text.rpmsg_init
                0x1fff9d5c       0x5c CMakeFiles/rpmsg_pingpong_freertos_example.dir/home/neuberfran/projects/freertos-tn/middleware/multicore/open-amp/rpmsg/rpmsg.c.obj
                0x1fff9d5c                rpmsg_init
 .text.rpmsg_deinit
                0x1fff9db8       0x20 CMakeFiles/rpmsg_pingpong_freertos_example.dir/home/neuberfran/projects/freertos-tn/middleware/multicore/open-amp/rpmsg/rpmsg.c.obj
                0x1fff9db8                rpmsg_deinit
 .text.rpmsg_send_offchannel_raw
                0x1fff9dd8      0x1cc CMakeFiles/rpmsg_pingpong_freertos_example.dir/home/neuberfran/projects/freertos-tn/middleware/multicore/open-amp/rpmsg/rpmsg.c.obj
                0x1fff9dd8                rpmsg_send_offchannel_raw
 .text.rpmsg_create_ept
                0x1fff9fa4       0x50 CMakeFiles/rpmsg_pingpong_freertos_example.dir/home/neuberfran/projects/freertos-tn/middleware/multicore/open-amp/rpmsg/rpmsg.c.obj
                0x1fff9fa4                rpmsg_create_ept
 .text.rpmsg_destroy_ept
                0x1fff9ff4       0x2c CMakeFiles/rpmsg_pingpong_freertos_example.dir/home/neuberfran/projects/freertos-tn/middleware/multicore/open-amp/rpmsg/rpmsg.c.obj
                0x1fff9ff4                rpmsg_destroy_ept
 .text.rpmsg_hold_rx_buffer
                0x1fffa020       0x38 CMakeFiles/rpmsg_pingpong_freertos_example.dir/home/neuberfran/projects/freertos-tn/middleware/multicore/open-amp/rpmsg/rpmsg_ext.c.obj
                0x1fffa020                rpmsg_hold_rx_buffer
 .text.rpmsg_release_rx_buffer
                0x1fffa058       0x5c CMakeFiles/rpmsg_pingpong_freertos_example.dir/home/neuberfran/projects/freertos-tn/middleware/multicore/open-amp/rpmsg/rpmsg_ext.c.obj
                0x1fffa058                rpmsg_release_rx_buffer
 .text.rpmsg_send
                0x1fffa0b4       0x44 CMakeFiles/rpmsg_pingpong_freertos_example.dir/home/neuberfran/projects/freertos-tn/middleware/multicore/open-amp/rpmsg/rpmsg_core.c.obj
 .text.rpmsg_start_ipc
                0x1fffa0f8      0x114 CMakeFiles/rpmsg_pingpong_freertos_example.dir/home/neuberfran/projects/freertos-tn/middleware/multicore/open-amp/rpmsg/rpmsg_core.c.obj
                0x1fffa0f8                rpmsg_start_ipc
 .text._rpmsg_create_channel
                0x1fffa20c       0x8c CMakeFiles/rpmsg_pingpong_freertos_example.dir/home/neuberfran/projects/freertos-tn/middleware/multicore/open-amp/rpmsg/rpmsg_core.c.obj
                0x1fffa20c                _rpmsg_create_channel
 .text._rpmsg_delete_channel
                0x1fffa298       0x5c CMakeFiles/rpmsg_pingpong_freertos_example.dir/home/neuberfran/projects/freertos-tn/middleware/multicore/open-amp/rpmsg/rpmsg_core.c.obj
                0x1fffa298                _rpmsg_delete_channel
 .text._create_endpoint
                0x1fffa2f4       0xf8 CMakeFiles/rpmsg_pingpong_freertos_example.dir/home/neuberfran/projects/freertos-tn/middleware/multicore/open-amp/rpmsg/rpmsg_core.c.obj
                0x1fffa2f4                _create_endpoint
 .text._destroy_endpoint
                0x1fffa3ec       0x64 CMakeFiles/rpmsg_pingpong_freertos_example.dir/home/neuberfran/projects/freertos-tn/middleware/multicore/open-amp/rpmsg/rpmsg_core.c.obj
                0x1fffa3ec                _destroy_endpoint
 .text.rpmsg_send_ns_message
                0x1fffa450       0xac CMakeFiles/rpmsg_pingpong_freertos_example.dir/home/neuberfran/projects/freertos-tn/middleware/multicore/open-amp/rpmsg/rpmsg_core.c.obj
                0x1fffa450                rpmsg_send_ns_message
 .text.rpmsg_enqueue_buffer
                0x1fffa4fc       0x60 CMakeFiles/rpmsg_pingpong_freertos_example.dir/home/neuberfran/projects/freertos-tn/middleware/multicore/open-amp/rpmsg/rpmsg_core.c.obj
                0x1fffa4fc                rpmsg_enqueue_buffer
 .text.rpmsg_return_buffer
                0x1fffa55c       0x58 CMakeFiles/rpmsg_pingpong_freertos_example.dir/home/neuberfran/projects/freertos-tn/middleware/multicore/open-amp/rpmsg/rpmsg_core.c.obj
                0x1fffa55c                rpmsg_return_buffer
 .text.rpmsg_get_tx_buffer
                0x1fffa5b4       0x60 CMakeFiles/rpmsg_pingpong_freertos_example.dir/home/neuberfran/projects/freertos-tn/middleware/multicore/open-amp/rpmsg/rpmsg_core.c.obj
                0x1fffa5b4                rpmsg_get_tx_buffer
 .text.rpmsg_get_rx_buffer
                0x1fffa614       0x44 CMakeFiles/rpmsg_pingpong_freertos_example.dir/home/neuberfran/projects/freertos-tn/middleware/multicore/open-amp/rpmsg/rpmsg_core.c.obj
                0x1fffa614                rpmsg_get_rx_buffer
 .text.rpmsg_free_buffer
                0x1fffa658       0x24 CMakeFiles/rpmsg_pingpong_freertos_example.dir/home/neuberfran/projects/freertos-tn/middleware/multicore/open-amp/rpmsg/rpmsg_core.c.obj
                0x1fffa658                rpmsg_free_buffer
 .text.rpmsg_tx_callback
                0x1fffa67c       0x6c CMakeFiles/rpmsg_pingpong_freertos_example.dir/home/neuberfran/projects/freertos-tn/middleware/multicore/open-amp/rpmsg/rpmsg_core.c.obj
 .text.rpmsg_rx_callback
                0x1fffa6e8      0x180 CMakeFiles/rpmsg_pingpong_freertos_example.dir/home/neuberfran/projects/freertos-tn/middleware/multicore/open-amp/rpmsg/rpmsg_core.c.obj
 .text.rpmsg_ns_callback
                0x1fffa868       0xd0 CMakeFiles/rpmsg_pingpong_freertos_example.dir/home/neuberfran/projects/freertos-tn/middleware/multicore/open-amp/rpmsg/rpmsg_core.c.obj
                0x1fffa868                rpmsg_ns_callback
 .text.rpmsg_get_address
                0x1fffa938       0x74 CMakeFiles/rpmsg_pingpong_freertos_example.dir/home/neuberfran/projects/freertos-tn/middleware/multicore/open-amp/rpmsg/rpmsg_core.c.obj
                0x1fffa938                rpmsg_get_address
 .text.rpmsg_release_address
                0x1fffa9ac       0x78 CMakeFiles/rpmsg_pingpong_freertos_example.dir/home/neuberfran/projects/freertos-tn/middleware/multicore/open-amp/rpmsg/rpmsg_core.c.obj
                0x1fffa9ac                rpmsg_release_address
 .text.rpmsg_is_address_set
                0x1fffaa24       0x68 CMakeFiles/rpmsg_pingpong_freertos_example.dir/home/neuberfran/projects/freertos-tn/middleware/multicore/open-amp/rpmsg/rpmsg_core.c.obj
                0x1fffaa24                rpmsg_is_address_set
 .text.rpmsg_set_address
                0x1fffaa8c       0x74 CMakeFiles/rpmsg_pingpong_freertos_example.dir/home/neuberfran/projects/freertos-tn/middleware/multicore/open-amp/rpmsg/rpmsg_core.c.obj
                0x1fffaa8c                rpmsg_set_address
 .text.vring_size
                0x1fffab00       0x48 CMakeFiles/rpmsg_pingpong_freertos_example.dir/home/neuberfran/projects/freertos-tn/middleware/multicore/open-amp/virtio/virtqueue.c.obj
 .text.vring_init
                0x1fffab48       0x50 CMakeFiles/rpmsg_pingpong_freertos_example.dir/home/neuberfran/projects/freertos-tn/middleware/multicore/open-amp/virtio/virtqueue.c.obj
 .text.vring_need_event
                0x1fffab98       0x3c CMakeFiles/rpmsg_pingpong_freertos_example.dir/home/neuberfran/projects/freertos-tn/middleware/multicore/open-amp/virtio/virtqueue.c.obj
 .text.virtqueue_create
                0x1fffabd4       0xcc CMakeFiles/rpmsg_pingpong_freertos_example.dir/home/neuberfran/projects/freertos-tn/middleware/multicore/open-amp/virtio/virtqueue.c.obj
                0x1fffabd4                virtqueue_create
 .text.virtqueue_add_buffer
                0x1fffaca0       0x90 CMakeFiles/rpmsg_pingpong_freertos_example.dir/home/neuberfran/projects/freertos-tn/middleware/multicore/open-amp/virtio/virtqueue.c.obj
                0x1fffaca0                virtqueue_add_buffer
 .text.virtqueue_get_buffer
                0x1fffad30       0x9c CMakeFiles/rpmsg_pingpong_freertos_example.dir/home/neuberfran/projects/freertos-tn/middleware/multicore/open-amp/virtio/virtqueue.c.obj
                0x1fffad30                virtqueue_get_buffer
 .text.virtqueue_free
                0x1fffadcc       0x30 CMakeFiles/rpmsg_pingpong_freertos_example.dir/home/neuberfran/projects/freertos-tn/middleware/multicore/open-amp/virtio/virtqueue.c.obj
                0x1fffadcc                virtqueue_free
 .text.virtqueue_get_available_buffer
                0x1fffadfc       0x90 CMakeFiles/rpmsg_pingpong_freertos_example.dir/home/neuberfran/projects/freertos-tn/middleware/multicore/open-amp/virtio/virtqueue.c.obj
                0x1fffadfc                virtqueue_get_available_buffer
 .text.virtqueue_add_consumed_buffer
                0x1fffae8c       0x70 CMakeFiles/rpmsg_pingpong_freertos_example.dir/home/neuberfran/projects/freertos-tn/middleware/multicore/open-amp/virtio/virtqueue.c.obj
                0x1fffae8c                virtqueue_add_consumed_buffer
 .text.virtqueue_disable_cb
                0x1fffaefc       0x54 CMakeFiles/rpmsg_pingpong_freertos_example.dir/home/neuberfran/projects/freertos-tn/middleware/multicore/open-amp/virtio/virtqueue.c.obj
                0x1fffaefc                virtqueue_disable_cb
 .text.virtqueue_kick
                0x1fffaf50       0x2c CMakeFiles/rpmsg_pingpong_freertos_example.dir/home/neuberfran/projects/freertos-tn/middleware/multicore/open-amp/virtio/virtqueue.c.obj
                0x1fffaf50                virtqueue_kick
 .text.vq_ring_add_buffer
                0x1fffaf7c       0xac CMakeFiles/rpmsg_pingpong_freertos_example.dir/home/neuberfran/projects/freertos-tn/middleware/multicore/open-amp/virtio/virtqueue.c.obj
 .text.vq_ring_free_chain
                0x1fffb028       0x94 CMakeFiles/rpmsg_pingpong_freertos_example.dir/home/neuberfran/projects/freertos-tn/middleware/multicore/open-amp/virtio/virtqueue.c.obj
 .text.vq_ring_init
                0x1fffb0bc       0x6c CMakeFiles/rpmsg_pingpong_freertos_example.dir/home/neuberfran/projects/freertos-tn/middleware/multicore/open-amp/virtio/virtqueue.c.obj
 .text.vq_ring_update_avail
                0x1fffb128       0x58 CMakeFiles/rpmsg_pingpong_freertos_example.dir/home/neuberfran/projects/freertos-tn/middleware/multicore/open-amp/virtio/virtqueue.c.obj
 .text.virtqueue_notification
                0x1fffb180       0x20 CMakeFiles/rpmsg_pingpong_freertos_example.dir/home/neuberfran/projects/freertos-tn/middleware/multicore/open-amp/virtio/virtqueue.c.obj
                0x1fffb180                virtqueue_notification
 .text.vq_ring_must_notify_host
                0x1fffb1a0       0x74 CMakeFiles/rpmsg_pingpong_freertos_example.dir/home/neuberfran/projects/freertos-tn/middleware/multicore/open-amp/virtio/virtqueue.c.obj
 .text.vq_ring_notify_host
                0x1fffb214       0x20 CMakeFiles/rpmsg_pingpong_freertos_example.dir/home/neuberfran/projects/freertos-tn/middleware/multicore/open-amp/virtio/virtqueue.c.obj
 .text.env_in_isr
                0x1fffb234       0x10 CMakeFiles/rpmsg_pingpong_freertos_example.dir/home/neuberfran/projects/freertos-tn/middleware/multicore/open-amp/porting/env/freertos/rpmsg_porting.c.obj
                0x1fffb234                env_in_isr
 .text.env_init
                0x1fffb244       0x64 CMakeFiles/rpmsg_pingpong_freertos_example.dir/home/neuberfran/projects/freertos-tn/middleware/multicore/open-amp/porting/env/freertos/rpmsg_porting.c.obj
                0x1fffb244                env_init
 .text.env_deinit
                0x1fffb2a8       0x64 CMakeFiles/rpmsg_pingpong_freertos_example.dir/home/neuberfran/projects/freertos-tn/middleware/multicore/open-amp/porting/env/freertos/rpmsg_porting.c.obj
                0x1fffb2a8                env_deinit
 .text.env_allocate_memory
                0x1fffb30c       0x18 CMakeFiles/rpmsg_pingpong_freertos_example.dir/home/neuberfran/projects/freertos-tn/middleware/multicore/open-amp/porting/env/freertos/rpmsg_porting.c.obj
                0x1fffb30c                env_allocate_memory
 .text.env_free_memory
                0x1fffb324       0x14 CMakeFiles/rpmsg_pingpong_freertos_example.dir/home/neuberfran/projects/freertos-tn/middleware/multicore/open-amp/porting/env/freertos/rpmsg_porting.c.obj
                0x1fffb324                env_free_memory
 .text.env_memset
                0x1fffb338       0x1c CMakeFiles/rpmsg_pingpong_freertos_example.dir/home/neuberfran/projects/freertos-tn/middleware/multicore/open-amp/porting/env/freertos/rpmsg_porting.c.obj
                0x1fffb338                env_memset
 .text.env_memcpy
                0x1fffb354       0x1c CMakeFiles/rpmsg_pingpong_freertos_example.dir/home/neuberfran/projects/freertos-tn/middleware/multicore/open-amp/porting/env/freertos/rpmsg_porting.c.obj
                0x1fffb354                env_memcpy
 .text.env_strncpy
                0x1fffb370       0x1c CMakeFiles/rpmsg_pingpong_freertos_example.dir/home/neuberfran/projects/freertos-tn/middleware/multicore/open-amp/porting/env/freertos/rpmsg_porting.c.obj
                0x1fffb370                env_strncpy
 .text.env_strncmp
                0x1fffb38c       0x20 CMakeFiles/rpmsg_pingpong_freertos_example.dir/home/neuberfran/projects/freertos-tn/middleware/multicore/open-amp/porting/env/freertos/rpmsg_porting.c.obj
                0x1fffb38c                env_strncmp
 .text.env_mb   0x1fffb3ac        0xc CMakeFiles/rpmsg_pingpong_freertos_example.dir/home/neuberfran/projects/freertos-tn/middleware/multicore/open-amp/porting/env/freertos/rpmsg_porting.c.obj
                0x1fffb3ac                env_mb
 .text.env_rmb  0x1fffb3b8        0xc CMakeFiles/rpmsg_pingpong_freertos_example.dir/home/neuberfran/projects/freertos-tn/middleware/multicore/open-amp/porting/env/freertos/rpmsg_porting.c.obj
                0x1fffb3b8                env_rmb
 .text.env_wmb  0x1fffb3c4        0xc CMakeFiles/rpmsg_pingpong_freertos_example.dir/home/neuberfran/projects/freertos-tn/middleware/multicore/open-amp/porting/env/freertos/rpmsg_porting.c.obj
                0x1fffb3c4                env_wmb
 .text.env_map_vatopa
                0x1fffb3d0       0x18 CMakeFiles/rpmsg_pingpong_freertos_example.dir/home/neuberfran/projects/freertos-tn/middleware/multicore/open-amp/porting/env/freertos/rpmsg_porting.c.obj
                0x1fffb3d0                env_map_vatopa
 .text.env_map_patova
                0x1fffb3e8       0x18 CMakeFiles/rpmsg_pingpong_freertos_example.dir/home/neuberfran/projects/freertos-tn/middleware/multicore/open-amp/porting/env/freertos/rpmsg_porting.c.obj
                0x1fffb3e8                env_map_patova
 .text.env_create_mutex
                0x1fffb400       0x34 CMakeFiles/rpmsg_pingpong_freertos_example.dir/home/neuberfran/projects/freertos-tn/middleware/multicore/open-amp/porting/env/freertos/rpmsg_porting.c.obj
                0x1fffb400                env_create_mutex
 .text.env_delete_mutex
                0x1fffb434       0x14 CMakeFiles/rpmsg_pingpong_freertos_example.dir/home/neuberfran/projects/freertos-tn/middleware/multicore/open-amp/porting/env/freertos/rpmsg_porting.c.obj
                0x1fffb434                env_delete_mutex
 .text.env_lock_mutex
                0x1fffb448       0x30 CMakeFiles/rpmsg_pingpong_freertos_example.dir/home/neuberfran/projects/freertos-tn/middleware/multicore/open-amp/porting/env/freertos/rpmsg_porting.c.obj
                0x1fffb448                env_lock_mutex
 .text.env_unlock_mutex
                0x1fffb478       0x2c CMakeFiles/rpmsg_pingpong_freertos_example.dir/home/neuberfran/projects/freertos-tn/middleware/multicore/open-amp/porting/env/freertos/rpmsg_porting.c.obj
                0x1fffb478                env_unlock_mutex
 .text.env_create_sync_lock
                0x1fffb4a4       0x1c CMakeFiles/rpmsg_pingpong_freertos_example.dir/home/neuberfran/projects/freertos-tn/middleware/multicore/open-amp/porting/env/freertos/rpmsg_porting.c.obj
                0x1fffb4a4                env_create_sync_lock
 .text.env_delete_sync_lock
                0x1fffb4c0       0x1c CMakeFiles/rpmsg_pingpong_freertos_example.dir/home/neuberfran/projects/freertos-tn/middleware/multicore/open-amp/porting/env/freertos/rpmsg_porting.c.obj
                0x1fffb4c0                env_delete_sync_lock
 .text.env_acquire_sync_lock
                0x1fffb4dc       0x50 CMakeFiles/rpmsg_pingpong_freertos_example.dir/home/neuberfran/projects/freertos-tn/middleware/multicore/open-amp/porting/env/freertos/rpmsg_porting.c.obj
                0x1fffb4dc                env_acquire_sync_lock
 .text.env_release_sync_lock
                0x1fffb52c       0x50 CMakeFiles/rpmsg_pingpong_freertos_example.dir/home/neuberfran/projects/freertos-tn/middleware/multicore/open-amp/porting/env/freertos/rpmsg_porting.c.obj
                0x1fffb52c                env_release_sync_lock
 .text.env_sleep_msec
                0x1fffb57c       0x18 CMakeFiles/rpmsg_pingpong_freertos_example.dir/home/neuberfran/projects/freertos-tn/middleware/multicore/open-amp/porting/env/freertos/rpmsg_porting.c.obj
                0x1fffb57c                env_sleep_msec
 .text.env_register_isr
                0x1fffb594       0x64 CMakeFiles/rpmsg_pingpong_freertos_example.dir/home/neuberfran/projects/freertos-tn/middleware/multicore/open-amp/porting/env/freertos/rpmsg_porting.c.obj
                0x1fffb594                env_register_isr
 .text.env_enable_interrupt
                0x1fffb5f8       0x6c CMakeFiles/rpmsg_pingpong_freertos_example.dir/home/neuberfran/projects/freertos-tn/middleware/multicore/open-amp/porting/env/freertos/rpmsg_porting.c.obj
                0x1fffb5f8                env_enable_interrupt
 .text.env_disable_interrupt
                0x1fffb664       0x14 CMakeFiles/rpmsg_pingpong_freertos_example.dir/home/neuberfran/projects/freertos-tn/middleware/multicore/open-amp/porting/env/freertos/rpmsg_porting.c.obj
                0x1fffb664                env_disable_interrupt
 .text.env_map_memory
                0x1fffb678       0x20 CMakeFiles/rpmsg_pingpong_freertos_example.dir/home/neuberfran/projects/freertos-tn/middleware/multicore/open-amp/porting/env/freertos/rpmsg_porting.c.obj
                0x1fffb678                env_map_memory
 .text.env_isr  0x1fffb698       0x94 CMakeFiles/rpmsg_pingpong_freertos_example.dir/home/neuberfran/projects/freertos-tn/middleware/multicore/open-amp/porting/env/freertos/rpmsg_porting.c.obj
                0x1fffb698                env_isr
 .text.env_create_queue
                0x1fffb72c       0x38 CMakeFiles/rpmsg_pingpong_freertos_example.dir/home/neuberfran/projects/freertos-tn/middleware/multicore/open-amp/porting/env/freertos/rpmsg_porting.c.obj
                0x1fffb72c                env_create_queue
 .text.env_put_queue
                0x1fffb764       0x74 CMakeFiles/rpmsg_pingpong_freertos_example.dir/home/neuberfran/projects/freertos-tn/middleware/multicore/open-amp/porting/env/freertos/rpmsg_porting.c.obj
                0x1fffb764                env_put_queue
 .text.env_get_queue
                0x1fffb7d8       0x70 CMakeFiles/rpmsg_pingpong_freertos_example.dir/home/neuberfran/projects/freertos-tn/middleware/multicore/open-amp/porting/env/freertos/rpmsg_porting.c.obj
                0x1fffb7d8                env_get_queue
 .text.vListInitialise
                0x1fffb848       0x40 CMakeFiles/rpmsg_pingpong_freertos_example.dir/home/neuberfran/projects/freertos-tn/rtos/FreeRTOS/Source/list.c.obj
                0x1fffb848                vListInitialise
 .text.vListInitialiseItem
                0x1fffb888       0x18 CMakeFiles/rpmsg_pingpong_freertos_example.dir/home/neuberfran/projects/freertos-tn/rtos/FreeRTOS/Source/list.c.obj
                0x1fffb888                vListInitialiseItem
 .text.vListInsertEnd
                0x1fffb8a0       0x48 CMakeFiles/rpmsg_pingpong_freertos_example.dir/home/neuberfran/projects/freertos-tn/rtos/FreeRTOS/Source/list.c.obj
                0x1fffb8a0                vListInsertEnd
 .text.vListInsert
                0x1fffb8e8       0x70 CMakeFiles/rpmsg_pingpong_freertos_example.dir/home/neuberfran/projects/freertos-tn/rtos/FreeRTOS/Source/list.c.obj
                0x1fffb8e8                vListInsert
 .text.uxListRemove
                0x1fffb958       0x54 CMakeFiles/rpmsg_pingpong_freertos_example.dir/home/neuberfran/projects/freertos-tn/rtos/FreeRTOS/Source/list.c.obj
                0x1fffb958                uxListRemove
 .text.xQueueGenericReset
                0x1fffb9ac       0xb0 CMakeFiles/rpmsg_pingpong_freertos_example.dir/home/neuberfran/projects/freertos-tn/rtos/FreeRTOS/Source/queue.c.obj
                0x1fffb9ac                xQueueGenericReset
 .text.xQueueGenericCreate
                0x1fffba5c       0x7c CMakeFiles/rpmsg_pingpong_freertos_example.dir/home/neuberfran/projects/freertos-tn/rtos/FreeRTOS/Source/queue.c.obj
                0x1fffba5c                xQueueGenericCreate
 .text.xQueueCreateCountingSemaphore
                0x1fffbad8       0x54 CMakeFiles/rpmsg_pingpong_freertos_example.dir/home/neuberfran/projects/freertos-tn/rtos/FreeRTOS/Source/queue.c.obj
                0x1fffbad8                xQueueCreateCountingSemaphore
 .text.xQueueGenericSend
                0x1fffbb2c      0x160 CMakeFiles/rpmsg_pingpong_freertos_example.dir/home/neuberfran/projects/freertos-tn/rtos/FreeRTOS/Source/queue.c.obj
                0x1fffbb2c                xQueueGenericSend
 .text.xQueueGenericSendFromISR
                0x1fffbc8c       0xd4 CMakeFiles/rpmsg_pingpong_freertos_example.dir/home/neuberfran/projects/freertos-tn/rtos/FreeRTOS/Source/queue.c.obj
                0x1fffbc8c                xQueueGenericSendFromISR
 .text.xQueueGenericReceive
                0x1fffbd60      0x170 CMakeFiles/rpmsg_pingpong_freertos_example.dir/home/neuberfran/projects/freertos-tn/rtos/FreeRTOS/Source/queue.c.obj
                0x1fffbd60                xQueueGenericReceive
 .text.xQueueReceiveFromISR
                0x1fffbed0       0xb4 CMakeFiles/rpmsg_pingpong_freertos_example.dir/home/neuberfran/projects/freertos-tn/rtos/FreeRTOS/Source/queue.c.obj
                0x1fffbed0                xQueueReceiveFromISR
 .text.vQueueDelete
                0x1fffbf84       0x3c CMakeFiles/rpmsg_pingpong_freertos_example.dir/home/neuberfran/projects/freertos-tn/rtos/FreeRTOS/Source/queue.c.obj
                0x1fffbf84                vQueueDelete
 .text.prvCopyDataToQueue
                0x1fffbfc0       0xb8 CMakeFiles/rpmsg_pingpong_freertos_example.dir/home/neuberfran/projects/freertos-tn/rtos/FreeRTOS/Source/queue.c.obj
 .text.prvCopyDataFromQueue
                0x1fffc078       0x4c CMakeFiles/rpmsg_pingpong_freertos_example.dir/home/neuberfran/projects/freertos-tn/rtos/FreeRTOS/Source/queue.c.obj
 .text.prvUnlockQueue
                0x1fffc0c4       0x98 CMakeFiles/rpmsg_pingpong_freertos_example.dir/home/neuberfran/projects/freertos-tn/rtos/FreeRTOS/Source/queue.c.obj
 .text.prvIsQueueEmpty
                0x1fffc15c       0x2c CMakeFiles/rpmsg_pingpong_freertos_example.dir/home/neuberfran/projects/freertos-tn/rtos/FreeRTOS/Source/queue.c.obj
 .text.prvIsQueueFull
                0x1fffc188       0x30 CMakeFiles/rpmsg_pingpong_freertos_example.dir/home/neuberfran/projects/freertos-tn/rtos/FreeRTOS/Source/queue.c.obj
 .text.vQueueUnregisterQueue
                0x1fffc1b8       0x44 CMakeFiles/rpmsg_pingpong_freertos_example.dir/home/neuberfran/projects/freertos-tn/rtos/FreeRTOS/Source/queue.c.obj
                0x1fffc1b8                vQueueUnregisterQueue
 .text.xTaskGenericCreate
                0x1fffc1fc      0x160 CMakeFiles/rpmsg_pingpong_freertos_example.dir/home/neuberfran/projects/freertos-tn/rtos/FreeRTOS/Source/tasks.c.obj
                0x1fffc1fc                xTaskGenericCreate
 .text.vTaskDelay
                0x1fffc35c       0x64 CMakeFiles/rpmsg_pingpong_freertos_example.dir/home/neuberfran/projects/freertos-tn/rtos/FreeRTOS/Source/tasks.c.obj
                0x1fffc35c                vTaskDelay
 .text.vTaskStartScheduler
                0x1fffc3c0       0x64 CMakeFiles/rpmsg_pingpong_freertos_example.dir/home/neuberfran/projects/freertos-tn/rtos/FreeRTOS/Source/tasks.c.obj
                0x1fffc3c0                vTaskStartScheduler
 .text.vTaskSuspendAll
                0x1fffc424       0x1c CMakeFiles/rpmsg_pingpong_freertos_example.dir/home/neuberfran/projects/freertos-tn/rtos/FreeRTOS/Source/tasks.c.obj
                0x1fffc424                vTaskSuspendAll
 .text.xTaskResumeAll
                0x1fffc440      0x10c CMakeFiles/rpmsg_pingpong_freertos_example.dir/home/neuberfran/projects/freertos-tn/rtos/FreeRTOS/Source/tasks.c.obj
                0x1fffc440                xTaskResumeAll
 .text.xTaskIncrementTick
                0x1fffc54c      0x170 CMakeFiles/rpmsg_pingpong_freertos_example.dir/home/neuberfran/projects/freertos-tn/rtos/FreeRTOS/Source/tasks.c.obj
                0x1fffc54c                xTaskIncrementTick
 .text.vTaskSwitchContext
                0x1fffc6bc       0xa4 CMakeFiles/rpmsg_pingpong_freertos_example.dir/home/neuberfran/projects/freertos-tn/rtos/FreeRTOS/Source/tasks.c.obj
                0x1fffc6bc                vTaskSwitchContext
 .text.vTaskPlaceOnEventList
                0x1fffc760       0x6c CMakeFiles/rpmsg_pingpong_freertos_example.dir/home/neuberfran/projects/freertos-tn/rtos/FreeRTOS/Source/tasks.c.obj
                0x1fffc760                vTaskPlaceOnEventList
 .text.xTaskRemoveFromEventList
                0x1fffc7cc       0xb8 CMakeFiles/rpmsg_pingpong_freertos_example.dir/home/neuberfran/projects/freertos-tn/rtos/FreeRTOS/Source/tasks.c.obj
                0x1fffc7cc                xTaskRemoveFromEventList
 .text.vTaskSetTimeOutState
                0x1fffc884       0x34 CMakeFiles/rpmsg_pingpong_freertos_example.dir/home/neuberfran/projects/freertos-tn/rtos/FreeRTOS/Source/tasks.c.obj
                0x1fffc884                vTaskSetTimeOutState
 .text.xTaskCheckForTimeOut
                0x1fffc8b8       0xa0 CMakeFiles/rpmsg_pingpong_freertos_example.dir/home/neuberfran/projects/freertos-tn/rtos/FreeRTOS/Source/tasks.c.obj
                0x1fffc8b8                xTaskCheckForTimeOut
 .text.vTaskMissedYield
                0x1fffc958       0x18 CMakeFiles/rpmsg_pingpong_freertos_example.dir/home/neuberfran/projects/freertos-tn/rtos/FreeRTOS/Source/tasks.c.obj
                0x1fffc958                vTaskMissedYield
 .text.prvIdleTask
                0x1fffc970       0x10 CMakeFiles/rpmsg_pingpong_freertos_example.dir/home/neuberfran/projects/freertos-tn/rtos/FreeRTOS/Source/tasks.c.obj
 .text.prvInitialiseTCBVariables
                0x1fffc980       0x8c CMakeFiles/rpmsg_pingpong_freertos_example.dir/home/neuberfran/projects/freertos-tn/rtos/FreeRTOS/Source/tasks.c.obj
 .text.prvInitialiseTaskLists
                0x1fffca0c       0x74 CMakeFiles/rpmsg_pingpong_freertos_example.dir/home/neuberfran/projects/freertos-tn/rtos/FreeRTOS/Source/tasks.c.obj
 .text.prvCheckTasksWaitingTermination
                0x1fffca80        0xc CMakeFiles/rpmsg_pingpong_freertos_example.dir/home/neuberfran/projects/freertos-tn/rtos/FreeRTOS/Source/tasks.c.obj
 .text.prvAddCurrentTaskToDelayedList
                0x1fffca8c       0x6c CMakeFiles/rpmsg_pingpong_freertos_example.dir/home/neuberfran/projects/freertos-tn/rtos/FreeRTOS/Source/tasks.c.obj
 .text.prvAllocateTCBAndStack
                0x1fffcaf8       0x50 CMakeFiles/rpmsg_pingpong_freertos_example.dir/home/neuberfran/projects/freertos-tn/rtos/FreeRTOS/Source/tasks.c.obj
 .text.prvResetNextTaskUnblockTime
                0x1fffcb48       0x48 CMakeFiles/rpmsg_pingpong_freertos_example.dir/home/neuberfran/projects/freertos-tn/rtos/FreeRTOS/Source/tasks.c.obj
 .text.CCM_ANALOG_IsPllBypassed
                0x1fffcb90       0x30 CMakeFiles/rpmsg_pingpong_freertos_example.dir/home/neuberfran/projects/freertos-tn/platform/drivers/src/ccm_analog_imx7d.c.obj
 .text.CCM_ANALOG_GetSysPllFreq
                0x1fffcbc0       0x4c CMakeFiles/rpmsg_pingpong_freertos_example.dir/home/neuberfran/projects/freertos-tn/platform/drivers/src/ccm_analog_imx7d.c.obj
                0x1fffcbc0                CCM_ANALOG_GetSysPllFreq
 .text.CCM_GetRootDivider
                0x1fffcc0c       0x54 CMakeFiles/rpmsg_pingpong_freertos_example.dir/home/neuberfran/projects/freertos-tn/platform/drivers/src/ccm_imx7d.c.obj
                0x1fffcc0c                CCM_GetRootDivider
 .text.CCM_UpdateRoot
                0x1fffcc60       0x74 CMakeFiles/rpmsg_pingpong_freertos_example.dir/home/neuberfran/projects/freertos-tn/platform/drivers/src/ccm_imx7d.c.obj
                0x1fffcc60                CCM_UpdateRoot
 .text.UART_Enable
                0x1fffccd4       0x24 CMakeFiles/rpmsg_pingpong_freertos_example.dir/home/neuberfran/projects/freertos-tn/platform/utilities/src/debug_console_imx.c.obj
 .text.UART_Putchar
                0x1fffccf8       0x1c CMakeFiles/rpmsg_pingpong_freertos_example.dir/home/neuberfran/projects/freertos-tn/platform/utilities/src/debug_console_imx.c.obj
 .text.UART_Getchar
                0x1fffcd14       0x1c CMakeFiles/rpmsg_pingpong_freertos_example.dir/home/neuberfran/projects/freertos-tn/platform/utilities/src/debug_console_imx.c.obj
 .text.DbgConsole_Init
                0x1fffcd30       0x78 CMakeFiles/rpmsg_pingpong_freertos_example.dir/home/neuberfran/projects/freertos-tn/platform/utilities/src/debug_console_imx.c.obj
                0x1fffcd30                DbgConsole_Init
 .text._write   0x1fffcda8       0x5c CMakeFiles/rpmsg_pingpong_freertos_example.dir/home/neuberfran/projects/freertos-tn/platform/utilities/src/debug_console_imx.c.obj
                0x1fffcda8                _write
 .text._read    0x1fffce04       0x4c CMakeFiles/rpmsg_pingpong_freertos_example.dir/home/neuberfran/projects/freertos-tn/platform/utilities/src/debug_console_imx.c.obj
                0x1fffce04                _read
 .text.debug_printf
                0x1fffce50       0x50 CMakeFiles/rpmsg_pingpong_freertos_example.dir/home/neuberfran/projects/freertos-tn/platform/utilities/src/debug_console_imx.c.obj
                0x1fffce50                debug_printf
 .text.debug_putc
                0x1fffcea0       0x48 CMakeFiles/rpmsg_pingpong_freertos_example.dir/home/neuberfran/projects/freertos-tn/platform/utilities/src/debug_console_imx.c.obj
 .text.UART_SendDataPolling
                0x1fffcee8       0x64 CMakeFiles/rpmsg_pingpong_freertos_example.dir/home/neuberfran/projects/freertos-tn/platform/utilities/src/debug_console_imx.c.obj
 .text.UART_ReceiveDataPolling
                0x1fffcf4c       0x4c CMakeFiles/rpmsg_pingpong_freertos_example.dir/home/neuberfran/projects/freertos-tn/platform/utilities/src/debug_console_imx.c.obj
 .text._doprint
                0x1fffcf98      0x748 CMakeFiles/rpmsg_pingpong_freertos_example.dir/home/neuberfran/projects/freertos-tn/platform/utilities/src/print_scan.c.obj
                0x1fffcf98                _doprint
 .text.mknumstr
                0x1fffd6e0      0x110 CMakeFiles/rpmsg_pingpong_freertos_example.dir/home/neuberfran/projects/freertos-tn/platform/utilities/src/print_scan.c.obj
 .text.fput_pad
                0x1fffd7f0       0x40 CMakeFiles/rpmsg_pingpong_freertos_example.dir/home/neuberfran/projects/freertos-tn/platform/utilities/src/print_scan.c.obj
 .text.SystemInit
                0x1fffd830      0x13c CMakeFiles/rpmsg_pingpong_freertos_example.dir/home/neuberfran/projects/freertos-tn/platform/devices/MCIMX7D/startup/system_MCIMX7D_M4.c.obj
                0x1fffd830                SystemInit
 .text.configure_uart_pins
                0x1fffd96c       0xb4 CMakeFiles/rpmsg_pingpong_freertos_example.dir/home/neuberfran/projects/freertos-tn/examples/imx7d_pico_m4/pin_mux.c.obj
                0x1fffd96c                configure_uart_pins
 .text.RDC_SetDomainID
                0x1fffda20       0x54 CMakeFiles/rpmsg_pingpong_freertos_example.dir/home/neuberfran/projects/freertos-tn/examples/imx7d_pico_m4/board.c.obj
 .text.RDC_SetPdapAccess
                0x1fffda74       0x50 CMakeFiles/rpmsg_pingpong_freertos_example.dir/home/neuberfran/projects/freertos-tn/examples/imx7d_pico_m4/board.c.obj
 .text.CCM_EnableRoot
                0x1fffdac4       0x20 CMakeFiles/rpmsg_pingpong_freertos_example.dir/home/neuberfran/projects/freertos-tn/examples/imx7d_pico_m4/board.c.obj
 .text.CCM_ControlGate
                0x1fffdae4       0x1c CMakeFiles/rpmsg_pingpong_freertos_example.dir/home/neuberfran/projects/freertos-tn/examples/imx7d_pico_m4/board.c.obj
 .text.WDOG_DisablePowerdown
                0x1fffdb00       0x24 CMakeFiles/rpmsg_pingpong_freertos_example.dir/home/neuberfran/projects/freertos-tn/examples/imx7d_pico_m4/board.c.obj
 .text.BOARD_ClockInit
                0x1fffdb24       0xe4 CMakeFiles/rpmsg_pingpong_freertos_example.dir/home/neuberfran/projects/freertos-tn/examples/imx7d_pico_m4/board.c.obj
                0x1fffdb24                BOARD_ClockInit
 .text.dbg_uart_init
                0x1fffdc08       0x6c CMakeFiles/rpmsg_pingpong_freertos_example.dir/home/neuberfran/projects/freertos-tn/examples/imx7d_pico_m4/board.c.obj
                0x1fffdc08                dbg_uart_init
 .text.BOARD_RdcInit
                0x1fffdc74       0x18 CMakeFiles/rpmsg_pingpong_freertos_example.dir/home/neuberfran/projects/freertos-tn/examples/imx7d_pico_m4/board.c.obj
                0x1fffdc74                BOARD_RdcInit
 .text.CCM_GetRootMux
                0x1fffdc8c       0x20 CMakeFiles/rpmsg_pingpong_freertos_example.dir/home/neuberfran/projects/freertos-tn/examples/imx7d_pico_m4/clock_freq.c.obj
 .text.get_uart_clock_freq
                0x1fffdcac       0xe4 CMakeFiles/rpmsg_pingpong_freertos_example.dir/home/neuberfran/projects/freertos-tn/examples/imx7d_pico_m4/clock_freq.c.obj
                0x1fffdcac                get_uart_clock_freq
 .text.RDC_SetPdapAccess
                0x1fffdd90       0x50 CMakeFiles/rpmsg_pingpong_freertos_example.dir/home/neuberfran/projects/freertos-tn/examples/imx7d_pico_m4/demo_apps/rpmsg/pingpong_freertos/hardware_init.c.obj
 .text.CCM_ControlGate
                0x1fffdde0       0x1c CMakeFiles/rpmsg_pingpong_freertos_example.dir/home/neuberfran/projects/freertos-tn/examples/imx7d_pico_m4/demo_apps/rpmsg/pingpong_freertos/hardware_init.c.obj
 .text.hardware_init
                0x1fffddfc       0x40 CMakeFiles/rpmsg_pingpong_freertos_example.dir/home/neuberfran/projects/freertos-tn/examples/imx7d_pico_m4/demo_apps/rpmsg/pingpong_freertos/hardware_init.c.obj
                0x1fffddfc                hardware_init
 .text.UART_Init
                0x1fffde3c       0x90 CMakeFiles/rpmsg_pingpong_freertos_example.dir/home/neuberfran/projects/freertos-tn/platform/drivers/src/uart_imx.c.obj
                0x1fffde3c                UART_Init
 .text.UART_Deinit
                0x1fffdecc       0x98 CMakeFiles/rpmsg_pingpong_freertos_example.dir/home/neuberfran/projects/freertos-tn/platform/drivers/src/uart_imx.c.obj
                0x1fffdecc                UART_Deinit
 .text.UART_SetBaudRate
                0x1fffdf64      0x1a0 CMakeFiles/rpmsg_pingpong_freertos_example.dir/home/neuberfran/projects/freertos-tn/platform/drivers/src/uart_imx.c.obj
                0x1fffdf64                UART_SetBaudRate
 .text.UART_GetStatusFlag
                0x1fffe104       0x40 CMakeFiles/rpmsg_pingpong_freertos_example.dir/home/neuberfran/projects/freertos-tn/platform/drivers/src/uart_imx.c.obj
                0x1fffe104                UART_GetStatusFlag
 .text.MU_IsRxFull
                0x1fffe144       0x30 CMakeFiles/rpmsg_pingpong_freertos_example.dir/home/neuberfran/projects/freertos-tn/platform/drivers/src/mu_imx.c.obj
 .text.MU_SendMsg
                0x1fffe174       0x54 CMakeFiles/rpmsg_pingpong_freertos_example.dir/home/neuberfran/projects/freertos-tn/platform/drivers/src/mu_imx.c.obj
                0x1fffe174                MU_SendMsg
 .text.MU_TryReceiveMsg
                0x1fffe1c8       0x54 CMakeFiles/rpmsg_pingpong_freertos_example.dir/home/neuberfran/projects/freertos-tn/platform/drivers/src/mu_imx.c.obj
                0x1fffe1c8                MU_TryReceiveMsg
 .text.__assert_func
                0x1fffe21c       0x38 /home/neuberfran/gcc-arm-none-eabi-4_9-2015q3/bin/../lib/gcc/arm-none-eabi/4.9.3/../../../../arm-none-eabi/lib/armv7e-m/fpu/libc_nano.a(lib_a-assert.o)
                0x1fffe21c                __assert_func
 .text.exit     0x1fffe254       0x28 /home/neuberfran/gcc-arm-none-eabi-4_9-2015q3/bin/../lib/gcc/arm-none-eabi/4.9.3/../../../../arm-none-eabi/lib/armv7e-m/fpu/libc_nano.a(lib_a-exit.o)
                0x1fffe254                exit
 .text.fprintf  0x1fffe27c       0x24 /home/neuberfran/gcc-arm-none-eabi-4_9-2015q3/bin/../lib/gcc/arm-none-eabi/4.9.3/../../../../arm-none-eabi/lib/armv7e-m/fpu/libc_nano.a(lib_a-fprintf.o)
                0x1fffe27c                fprintf
                0x1fffe27c                fiprintf
 .text.__libc_init_array
                0x1fffe2a0       0x4c /home/neuberfran/gcc-arm-none-eabi-4_9-2015q3/bin/../lib/gcc/arm-none-eabi/4.9.3/../../../../arm-none-eabi/lib/armv7e-m/fpu/libc_nano.a(lib_a-init.o)
                0x1fffe2a0                __libc_init_array
 .text.memcpy   0x1fffe2ec       0x16 /home/neuberfran/gcc-arm-none-eabi-4_9-2015q3/bin/../lib/gcc/arm-none-eabi/4.9.3/../../../../arm-none-eabi/lib/armv7e-m/fpu/libc_nano.a(lib_a-memcpy.o)
                0x1fffe2ec                memcpy
 .text.memset   0x1fffe302       0x10 /home/neuberfran/gcc-arm-none-eabi-4_9-2015q3/bin/../lib/gcc/arm-none-eabi/4.9.3/../../../../arm-none-eabi/lib/armv7e-m/fpu/libc_nano.a(lib_a-memset.o)
                0x1fffe302                memset
 .text.__sfputc_r
                0x1fffe312       0x2c /home/neuberfran/gcc-arm-none-eabi-4_9-2015q3/bin/../lib/gcc/arm-none-eabi/4.9.3/../../../../arm-none-eabi/lib/armv7e-m/fpu/libc_nano.a(lib_a-nano-vfprintf.o)
 .text.__sfputs_r
                0x1fffe33e       0x24 /home/neuberfran/gcc-arm-none-eabi-4_9-2015q3/bin/../lib/gcc/arm-none-eabi/4.9.3/../../../../arm-none-eabi/lib/armv7e-m/fpu/libc_nano.a(lib_a-nano-vfprintf.o)
                0x1fffe33e                __sfputs_r
 *fill*         0x1fffe362        0x2 
 .text._vfprintf_r
                0x1fffe364      0x210 /home/neuberfran/gcc-arm-none-eabi-4_9-2015q3/bin/../lib/gcc/arm-none-eabi/4.9.3/../../../../arm-none-eabi/lib/armv7e-m/fpu/libc_nano.a(lib_a-nano-vfprintf.o)
                0x1fffe364                _vfiprintf_r
                0x1fffe364                _vfprintf_r
 .text._printf_common
                0x1fffe574       0xea /home/neuberfran/gcc-arm-none-eabi-4_9-2015q3/bin/../lib/gcc/arm-none-eabi/4.9.3/../../../../arm-none-eabi/lib/armv7e-m/fpu/libc_nano.a(lib_a-nano-vfprintf_i.o)
                0x1fffe574                _printf_common
 *fill*         0x1fffe65e        0x2 
 .text._printf_i
                0x1fffe660      0x240 /home/neuberfran/gcc-arm-none-eabi-4_9-2015q3/bin/../lib/gcc/arm-none-eabi/4.9.3/../../../../arm-none-eabi/lib/armv7e-m/fpu/libc_nano.a(lib_a-nano-vfprintf_i.o)
                0x1fffe660                _printf_i
 .text.strlen   0x1fffe8a0       0x10 /home/neuberfran/gcc-arm-none-eabi-4_9-2015q3/bin/../lib/gcc/arm-none-eabi/4.9.3/../../../../arm-none-eabi/lib/armv7e-m/fpu/libc_nano.a(lib_a-strlen.o)
                0x1fffe8a0                strlen
 .text.strncmp  0x1fffe8b0       0x34 /home/neuberfran/gcc-arm-none-eabi-4_9-2015q3/bin/../lib/gcc/arm-none-eabi/4.9.3/../../../../arm-none-eabi/lib/armv7e-m/fpu/libc_nano.a(lib_a-strncmp.o)
                0x1fffe8b0                strncmp
 .text.strncpy  0x1fffe8e4       0x24 /home/neuberfran/gcc-arm-none-eabi-4_9-2015q3/bin/../lib/gcc/arm-none-eabi/4.9.3/../../../../arm-none-eabi/lib/armv7e-m/fpu/libc_nano.a(lib_a-strncpy.o)
                0x1fffe8e4                strncpy
 .text.__swbuf_r
                0x1fffe908       0xa8 /home/neuberfran/gcc-arm-none-eabi-4_9-2015q3/bin/../lib/gcc/arm-none-eabi/4.9.3/../../../../arm-none-eabi/lib/armv7e-m/fpu/libc_nano.a(lib_a-wbuf.o)
                0x1fffe908                __swbuf_r
 .text.__swsetup_r
                0x1fffe9b0       0xd8 /home/neuberfran/gcc-arm-none-eabi-4_9-2015q3/bin/../lib/gcc/arm-none-eabi/4.9.3/../../../../arm-none-eabi/lib/armv7e-m/fpu/libc_nano.a(lib_a-wsetup.o)
                0x1fffe9b0                __swsetup_r
 .text.abort    0x1fffea88        0xe /home/neuberfran/gcc-arm-none-eabi-4_9-2015q3/bin/../lib/gcc/arm-none-eabi/4.9.3/../../../../arm-none-eabi/lib/armv7e-m/fpu/libc_nano.a(lib_a-abort.o)
                0x1fffea88                abort
 .text.__sflush_r
                0x1fffea96      0x108 /home/neuberfran/gcc-arm-none-eabi-4_9-2015q3/bin/../lib/gcc/arm-none-eabi/4.9.3/../../../../arm-none-eabi/lib/armv7e-m/fpu/libc_nano.a(lib_a-fflush.o)
                0x1fffea96                __sflush_r
 *fill*         0x1fffeb9e        0x2 
 .text._fflush_r
                0x1fffeba0       0x54 /home/neuberfran/gcc-arm-none-eabi-4_9-2015q3/bin/../lib/gcc/arm-none-eabi/4.9.3/../../../../arm-none-eabi/lib/armv7e-m/fpu/libc_nano.a(lib_a-fflush.o)
                0x1fffeba0                _fflush_r
 .text._cleanup_r
                0x1fffebf4        0xc /home/neuberfran/gcc-arm-none-eabi-4_9-2015q3/bin/../lib/gcc/arm-none-eabi/4.9.3/../../../../arm-none-eabi/lib/armv7e-m/fpu/libc_nano.a(lib_a-findfp.o)
                0x1fffebf4                _cleanup_r
 .text.std.isra.0
                0x1fffec00       0x48 /home/neuberfran/gcc-arm-none-eabi-4_9-2015q3/bin/../lib/gcc/arm-none-eabi/4.9.3/../../../../arm-none-eabi/lib/armv7e-m/fpu/libc_nano.a(lib_a-findfp.o)
 .text.__sfmoreglue
                0x1fffec48       0x2c /home/neuberfran/gcc-arm-none-eabi-4_9-2015q3/bin/../lib/gcc/arm-none-eabi/4.9.3/../../../../arm-none-eabi/lib/armv7e-m/fpu/libc_nano.a(lib_a-findfp.o)
                0x1fffec48                __sfmoreglue
 .text.__sinit  0x1fffec74       0x60 /home/neuberfran/gcc-arm-none-eabi-4_9-2015q3/bin/../lib/gcc/arm-none-eabi/4.9.3/../../../../arm-none-eabi/lib/armv7e-m/fpu/libc_nano.a(lib_a-findfp.o)
                0x1fffec74                __sinit
 .text.__sfp    0x1fffecd4       0x74 /home/neuberfran/gcc-arm-none-eabi-4_9-2015q3/bin/../lib/gcc/arm-none-eabi/4.9.3/../../../../arm-none-eabi/lib/armv7e-m/fpu/libc_nano.a(lib_a-findfp.o)
                0x1fffecd4                __sfp
 .text._fwalk_reent
                0x1fffed48       0x3c /home/neuberfran/gcc-arm-none-eabi-4_9-2015q3/bin/../lib/gcc/arm-none-eabi/4.9.3/../../../../arm-none-eabi/lib/armv7e-m/fpu/libc_nano.a(lib_a-fwalk.o)
                0x1fffed48                _fwalk_reent
 .text.__smakebuf_r
                0x1fffed84       0x9c /home/neuberfran/gcc-arm-none-eabi-4_9-2015q3/bin/../lib/gcc/arm-none-eabi/4.9.3/../../../../arm-none-eabi/lib/armv7e-m/fpu/libc_nano.a(lib_a-makebuf.o)
                0x1fffed84                __smakebuf_r
 .text.memchr   0x1fffee20       0x1e /home/neuberfran/gcc-arm-none-eabi-4_9-2015q3/bin/../lib/gcc/arm-none-eabi/4.9.3/../../../../arm-none-eabi/lib/armv7e-m/fpu/libc_nano.a(lib_a-memchr.o)
                0x1fffee20                memchr
 *fill*         0x1fffee3e        0x2 
 .text._free_r  0x1fffee40       0x88 /home/neuberfran/gcc-arm-none-eabi-4_9-2015q3/bin/../lib/gcc/arm-none-eabi/4.9.3/../../../../arm-none-eabi/lib/armv7e-m/fpu/libc_nano.a(lib_a-nano-freer.o)
                0x1fffee40                _free_r
 .text._malloc_r
                0x1fffeec8       0xac /home/neuberfran/gcc-arm-none-eabi-4_9-2015q3/bin/../lib/gcc/arm-none-eabi/4.9.3/../../../../arm-none-eabi/lib/armv7e-m/fpu/libc_nano.a(lib_a-nano-mallocr.o)
                0x1fffeec8                _malloc_r
 .text._sbrk_r  0x1fffef74       0x20 /home/neuberfran/gcc-arm-none-eabi-4_9-2015q3/bin/../lib/gcc/arm-none-eabi/4.9.3/../../../../arm-none-eabi/lib/armv7e-m/fpu/libc_nano.a(lib_a-sbrkr.o)
                0x1fffef74                _sbrk_r
 .text._raise_r
                0x1fffef94       0x50 /home/neuberfran/gcc-arm-none-eabi-4_9-2015q3/bin/../lib/gcc/arm-none-eabi/4.9.3/../../../../arm-none-eabi/lib/armv7e-m/fpu/libc_nano.a(lib_a-signal.o)
                0x1fffef94                _raise_r
 .text.raise    0x1fffefe4       0x10 /home/neuberfran/gcc-arm-none-eabi-4_9-2015q3/bin/../lib/gcc/arm-none-eabi/4.9.3/../../../../arm-none-eabi/lib/armv7e-m/fpu/libc_nano.a(lib_a-signal.o)
                0x1fffefe4                raise
 .text._kill_r  0x1fffeff4       0x24 /home/neuberfran/gcc-arm-none-eabi-4_9-2015q3/bin/../lib/gcc/arm-none-eabi/4.9.3/../../../../arm-none-eabi/lib/armv7e-m/fpu/libc_nano.a(lib_a-signalr.o)
                0x1fffeff4                _kill_r
 .text._getpid_r
                0x1ffff018        0x4 /home/neuberfran/gcc-arm-none-eabi-4_9-2015q3/bin/../lib/gcc/arm-none-eabi/4.9.3/../../../../arm-none-eabi/lib/armv7e-m/fpu/libc_nano.a(lib_a-signalr.o)
                0x1ffff018                _getpid_r
 .text.__sread  0x1ffff01c       0x22 /home/neuberfran/gcc-arm-none-eabi-4_9-2015q3/bin/../lib/gcc/arm-none-eabi/4.9.3/../../../../arm-none-eabi/lib/armv7e-m/fpu/libc_nano.a(lib_a-stdio.o)
                0x1ffff01c                __sread
 .text.__swrite
                0x1ffff03e       0x38 /home/neuberfran/gcc-arm-none-eabi-4_9-2015q3/bin/../lib/gcc/arm-none-eabi/4.9.3/../../../../arm-none-eabi/lib/armv7e-m/fpu/libc_nano.a(lib_a-stdio.o)
                0x1ffff03e                __swrite
 .text.__sseek  0x1ffff076       0x24 /home/neuberfran/gcc-arm-none-eabi-4_9-2015q3/bin/../lib/gcc/arm-none-eabi/4.9.3/../../../../arm-none-eabi/lib/armv7e-m/fpu/libc_nano.a(lib_a-stdio.o)
                0x1ffff076                __sseek
 .text.__sclose
                0x1ffff09a        0x8 /home/neuberfran/gcc-arm-none-eabi-4_9-2015q3/bin/../lib/gcc/arm-none-eabi/4.9.3/../../../../arm-none-eabi/lib/armv7e-m/fpu/libc_nano.a(lib_a-stdio.o)
                0x1ffff09a                __sclose
 *fill*         0x1ffff0a2        0x2 
 .text._write_r
                0x1ffff0a4       0x24 /home/neuberfran/gcc-arm-none-eabi-4_9-2015q3/bin/../lib/gcc/arm-none-eabi/4.9.3/../../../../arm-none-eabi/lib/armv7e-m/fpu/libc_nano.a(lib_a-writer.o)
                0x1ffff0a4                _write_r
 .text._close_r
                0x1ffff0c8       0x20 /home/neuberfran/gcc-arm-none-eabi-4_9-2015q3/bin/../lib/gcc/arm-none-eabi/4.9.3/../../../../arm-none-eabi/lib/armv7e-m/fpu/libc_nano.a(lib_a-closer.o)
                0x1ffff0c8                _close_r
 .text._fstat_r
                0x1ffff0e8       0x24 /home/neuberfran/gcc-arm-none-eabi-4_9-2015q3/bin/../lib/gcc/arm-none-eabi/4.9.3/../../../../arm-none-eabi/lib/armv7e-m/fpu/libc_nano.a(lib_a-fstatr.o)
                0x1ffff0e8                _fstat_r
 .text._isatty_r
                0x1ffff10c       0x20 /home/neuberfran/gcc-arm-none-eabi-4_9-2015q3/bin/../lib/gcc/arm-none-eabi/4.9.3/../../../../arm-none-eabi/lib/armv7e-m/fpu/libc_nano.a(lib_a-isattyr.o)
                0x1ffff10c                _isatty_r
 .text._lseek_r
                0x1ffff12c       0x24 /home/neuberfran/gcc-arm-none-eabi-4_9-2015q3/bin/../lib/gcc/arm-none-eabi/4.9.3/../../../../arm-none-eabi/lib/armv7e-m/fpu/libc_nano.a(lib_a-lseekr.o)
                0x1ffff12c                _lseek_r
 .text._read_r  0x1ffff150       0x24 /home/neuberfran/gcc-arm-none-eabi-4_9-2015q3/bin/../lib/gcc/arm-none-eabi/4.9.3/../../../../arm-none-eabi/lib/armv7e-m/fpu/libc_nano.a(lib_a-readr.o)
                0x1ffff150                _read_r
 .text._close   0x1ffff174       0x10 /home/neuberfran/gcc-arm-none-eabi-4_9-2015q3/bin/../lib/gcc/arm-none-eabi/4.9.3/../../../../arm-none-eabi/lib/armv7e-m/fpu/libnosys.a(close.o)
                0x1ffff174                _close
 .text._fstat   0x1ffff184       0x10 /home/neuberfran/gcc-arm-none-eabi-4_9-2015q3/bin/../lib/gcc/arm-none-eabi/4.9.3/../../../../arm-none-eabi/lib/armv7e-m/fpu/libnosys.a(fstat.o)
                0x1ffff184                _fstat
 .text._getpid  0x1ffff194       0x10 /home/neuberfran/gcc-arm-none-eabi-4_9-2015q3/bin/../lib/gcc/arm-none-eabi/4.9.3/../../../../arm-none-eabi/lib/armv7e-m/fpu/libnosys.a(getpid.o)
                0x1ffff194                _getpid
 .text._isatty  0x1ffff1a4       0x10 /home/neuberfran/gcc-arm-none-eabi-4_9-2015q3/bin/../lib/gcc/arm-none-eabi/4.9.3/../../../../arm-none-eabi/lib/armv7e-m/fpu/libnosys.a(isatty.o)
                0x1ffff1a4                _isatty
 .text._kill    0x1ffff1b4       0x10 /home/neuberfran/gcc-arm-none-eabi-4_9-2015q3/bin/../lib/gcc/arm-none-eabi/4.9.3/../../../../arm-none-eabi/lib/armv7e-m/fpu/libnosys.a(kill.o)
                0x1ffff1b4                _kill
 .text._lseek   0x1ffff1c4       0x10 /home/neuberfran/gcc-arm-none-eabi-4_9-2015q3/bin/../lib/gcc/arm-none-eabi/4.9.3/../../../../arm-none-eabi/lib/armv7e-m/fpu/libnosys.a(lseek.o)
                0x1ffff1c4                _lseek
 .text._sbrk    0x1ffff1d4       0x1c /home/neuberfran/gcc-arm-none-eabi-4_9-2015q3/bin/../lib/gcc/arm-none-eabi/4.9.3/../../../../arm-none-eabi/lib/armv7e-m/fpu/libnosys.a(sbrk.o)
                0x1ffff1d4                _sbrk
 .text._exit    0x1ffff1f0        0x4 /home/neuberfran/gcc-arm-none-eabi-4_9-2015q3/bin/../lib/gcc/arm-none-eabi/4.9.3/../../../../arm-none-eabi/lib/armv7e-m/fpu/libnosys.a(_exit.o)
                0x1ffff1f0                _exit
 *(.rodata)
 .rodata        0x1ffff1f4      0x147 CMakeFiles/rpmsg_pingpong_freertos_example.dir/home/neuberfran/projects/freertos-tn/examples/imx7d_pico_m4/demo_apps/rpmsg/pingpong_freertos/pingpong_freertos.c.obj
 *fill*         0x1ffff33b        0x1 
 .rodata        0x1ffff33c       0x9d CMakeFiles/rpmsg_pingpong_freertos_example.dir/home/neuberfran/projects/freertos-tn/middleware/multicore/open-amp/rpmsg/rpmsg_rtos.c.obj
 *fill*         0x1ffff3d9        0x3 
 .rodata        0x1ffff3dc      0x101 CMakeFiles/rpmsg_pingpong_freertos_example.dir/home/neuberfran/projects/freertos-tn/middleware/multicore/open-amp/porting/imx7d_m4/platform.c.obj
 *fill*         0x1ffff4dd        0x3 
 .rodata        0x1ffff4e0        0xe CMakeFiles/rpmsg_pingpong_freertos_example.dir/home/neuberfran/projects/freertos-tn/middleware/multicore/open-amp/rpmsg/rpmsg_core.c.obj
 *fill*         0x1ffff4ee        0x2 
 .rodata        0x1ffff4f0       0xc2 CMakeFiles/rpmsg_pingpong_freertos_example.dir/home/neuberfran/projects/freertos-tn/middleware/multicore/open-amp/porting/env/freertos/rpmsg_porting.c.obj
 *fill*         0x1ffff5b2        0x2 
 .rodata        0x1ffff5b4        0x5 CMakeFiles/rpmsg_pingpong_freertos_example.dir/home/neuberfran/projects/freertos-tn/rtos/FreeRTOS/Source/tasks.c.obj
 *fill*         0x1ffff5b9        0x3 
 .rodata        0x1ffff5bc       0x68 CMakeFiles/rpmsg_pingpong_freertos_example.dir/home/neuberfran/projects/freertos-tn/platform/drivers/src/ccm_imx7d.c.obj
 .rodata        0x1ffff624       0xb1 CMakeFiles/rpmsg_pingpong_freertos_example.dir/home/neuberfran/projects/freertos-tn/examples/imx7d_pico_m4/board.c.obj
 *fill*         0x1ffff6d5        0x3 
 .rodata        0x1ffff6d8      0x14a CMakeFiles/rpmsg_pingpong_freertos_example.dir/home/neuberfran/projects/freertos-tn/platform/drivers/src/uart_imx.c.obj
 *fill*         0x1ffff822        0x2 
 .rodata        0x1ffff824       0x73 CMakeFiles/rpmsg_pingpong_freertos_example.dir/home/neuberfran/projects/freertos-tn/platform/drivers/src/mu_imx.c.obj
 *(.rodata*)
 *fill*         0x1ffff897        0x1 
 .rodata.__func__.10441
                0x1ffff898        0xd CMakeFiles/rpmsg_pingpong_freertos_example.dir/home/neuberfran/projects/freertos-tn/examples/imx7d_pico_m4/demo_apps/rpmsg/pingpong_freertos/pingpong_freertos.c.obj
 *fill*         0x1ffff8a5        0x3 
 .rodata.__func__.5960
                0x1ffff8a8       0x1b CMakeFiles/rpmsg_pingpong_freertos_example.dir/home/neuberfran/projects/freertos-tn/middleware/multicore/open-amp/rpmsg/rpmsg_rtos.c.obj
 *fill*         0x1ffff8c3        0x1 
 .rodata.__func__.5964
                0x1ffff8c4       0x1b CMakeFiles/rpmsg_pingpong_freertos_example.dir/home/neuberfran/projects/freertos-tn/middleware/multicore/open-amp/rpmsg/rpmsg_rtos.c.obj
 *fill*         0x1ffff8df        0x1 
 .rodata.__func__.5973
                0x1ffff8e0       0x13 CMakeFiles/rpmsg_pingpong_freertos_example.dir/home/neuberfran/projects/freertos-tn/middleware/multicore/open-amp/rpmsg/rpmsg_rtos.c.obj
 *fill*         0x1ffff8f3        0x1 
 .rodata.__func__.9297
                0x1ffff8f4        0xa CMakeFiles/rpmsg_pingpong_freertos_example.dir/home/neuberfran/projects/freertos-tn/middleware/multicore/open-amp/porting/imx7d_m4/platform.c.obj
 *fill*         0x1ffff8fe        0x2 
 .rodata.__func__.9301
                0x1ffff900        0xe CMakeFiles/rpmsg_pingpong_freertos_example.dir/home/neuberfran/projects/freertos-tn/middleware/multicore/open-amp/porting/imx7d_m4/platform.c.obj
 *fill*         0x1ffff90e        0x2 
 .rodata.__func__.9329
                0x1ffff910       0x1a CMakeFiles/rpmsg_pingpong_freertos_example.dir/home/neuberfran/projects/freertos-tn/middleware/multicore/open-amp/porting/imx7d_m4/platform.c.obj
 *fill*         0x1ffff92a        0x2 
 .rodata.__func__.9337
                0x1ffff92c       0x1b CMakeFiles/rpmsg_pingpong_freertos_example.dir/home/neuberfran/projects/freertos-tn/middleware/multicore/open-amp/porting/imx7d_m4/platform.c.obj
 *fill*         0x1ffff947        0x1 
 .rodata.__func__.9346
                0x1ffff948       0x1e CMakeFiles/rpmsg_pingpong_freertos_example.dir/home/neuberfran/projects/freertos-tn/middleware/multicore/open-amp/porting/imx7d_m4/platform.c.obj
 *fill*         0x1ffff966        0x2 
 .rodata.__func__.9350
                0x1ffff968       0x1f CMakeFiles/rpmsg_pingpong_freertos_example.dir/home/neuberfran/projects/freertos-tn/middleware/multicore/open-amp/porting/imx7d_m4/platform.c.obj
 *fill*         0x1ffff987        0x1 
 .rodata.__func__.5703
                0x1ffff988        0x9 CMakeFiles/rpmsg_pingpong_freertos_example.dir/home/neuberfran/projects/freertos-tn/middleware/multicore/open-amp/porting/env/freertos/rpmsg_porting.c.obj
 *fill*         0x1ffff991        0x3 
 .rodata.__func__.5706
                0x1ffff994        0xb CMakeFiles/rpmsg_pingpong_freertos_example.dir/home/neuberfran/projects/freertos-tn/middleware/multicore/open-amp/porting/env/freertos/rpmsg_porting.c.obj
 *fill*         0x1ffff99f        0x1 
 .rodata.__func__.5795
                0x1ffff9a0       0x11 CMakeFiles/rpmsg_pingpong_freertos_example.dir/home/neuberfran/projects/freertos-tn/middleware/multicore/open-amp/porting/env/freertos/rpmsg_porting.c.obj
 *fill*         0x1ffff9b1        0x3 
 .rodata.__func__.5809
                0x1ffff9b4       0x15 CMakeFiles/rpmsg_pingpong_freertos_example.dir/home/neuberfran/projects/freertos-tn/middleware/multicore/open-amp/porting/env/freertos/rpmsg_porting.c.obj
 *fill*         0x1ffff9c9        0x3 
 .rodata.__func__.5828
                0x1ffff9cc        0x8 CMakeFiles/rpmsg_pingpong_freertos_example.dir/home/neuberfran/projects/freertos-tn/middleware/multicore/open-amp/porting/env/freertos/rpmsg_porting.c.obj
 .rodata.__func__.8026
                0x1ffff9d4       0x13 CMakeFiles/rpmsg_pingpong_freertos_example.dir/home/neuberfran/projects/freertos-tn/platform/drivers/src/ccm_imx7d.c.obj
 *fill*         0x1ffff9e7        0x1 
 .rodata.__func__.8034
                0x1ffff9e8        0xf CMakeFiles/rpmsg_pingpong_freertos_example.dir/home/neuberfran/projects/freertos-tn/platform/drivers/src/ccm_imx7d.c.obj
 *fill*         0x1ffff9f7        0x1 
 .rodata.__func__.8739
                0x1ffff9f8       0x10 CMakeFiles/rpmsg_pingpong_freertos_example.dir/home/neuberfran/projects/freertos-tn/examples/imx7d_pico_m4/board.c.obj
 .rodata.__func__.8008
                0x1ffffa08        0xa CMakeFiles/rpmsg_pingpong_freertos_example.dir/home/neuberfran/projects/freertos-tn/platform/drivers/src/uart_imx.c.obj
 *fill*         0x1ffffa12        0x2 
 .rodata.__func__.7883
                0x1ffffa14        0xb CMakeFiles/rpmsg_pingpong_freertos_example.dir/home/neuberfran/projects/freertos-tn/platform/drivers/src/mu_imx.c.obj
 *fill*         0x1ffffa1f        0x1 
 .rodata.__func__.7893
                0x1ffffa20       0x11 CMakeFiles/rpmsg_pingpong_freertos_example.dir/home/neuberfran/projects/freertos-tn/platform/drivers/src/mu_imx.c.obj
 .rodata.str1.1
                0x1ffffa31       0x3c /home/neuberfran/gcc-arm-none-eabi-4_9-2015q3/bin/../lib/gcc/arm-none-eabi/4.9.3/../../../../arm-none-eabi/lib/armv7e-m/fpu/libc_nano.a(lib_a-assert.o)
                                 0x3d (size before relaxing)
 .rodata.str1.1
                0x1ffffa6d        0x2 /home/neuberfran/gcc-arm-none-eabi-4_9-2015q3/bin/../lib/gcc/arm-none-eabi/4.9.3/../../../../arm-none-eabi/lib/armv7e-m/fpu/libc_nano.a(lib_a-impure.o)
 *fill*         0x1ffffa6f        0x1 
 .rodata._global_impure_ptr